Archive member included to satisfy reference by file (symbol)

c:/programdata/matlab/supportpackages/r2024a/3p.instrset/gnuarm-armcortex.instrset/win/bin/../lib/gcc/arm-none-eabi/11.3.1/thumb/v7e-m+fp/hard\libm.a(libm_a-w_fmod.o)
                              xcp_ext_common.o (fmod)
c:/programdata/matlab/supportpackages/r2024a/3p.instrset/gnuarm-armcortex.instrset/win/bin/../lib/gcc/arm-none-eabi/11.3.1/thumb/v7e-m+fp/hard\libm.a(libm_a-e_fmod.o)
                              c:/programdata/matlab/supportpackages/r2024a/3p.instrset/gnuarm-armcortex.instrset/win/bin/../lib/gcc/arm-none-eabi/11.3.1/thumb/v7e-m+fp/hard\libm.a(libm_a-w_fmod.o) (__ieee754_fmod)
c:/programdata/matlab/supportpackages/r2024a/3p.instrset/gnuarm-armcortex.instrset/win/bin/../lib/gcc/arm-none-eabi/11.3.1/thumb/v7e-m+fp/hard\libgcc.a(_arm_muldf3.o)
                              BlinkLED.o (__aeabi_dmul)
c:/programdata/matlab/supportpackages/r2024a/3p.instrset/gnuarm-armcortex.instrset/win/bin/../lib/gcc/arm-none-eabi/11.3.1/thumb/v7e-m+fp/hard\libgcc.a(_arm_addsubdf3.o)
                              BlinkLED.o (__aeabi_dsub)
c:/programdata/matlab/supportpackages/r2024a/3p.instrset/gnuarm-armcortex.instrset/win/bin/../lib/gcc/arm-none-eabi/11.3.1/thumb/v7e-m+fp/hard\libgcc.a(_arm_muldivdf3.o)
                              xcp_ext_common.o (__aeabi_ddiv)
c:/programdata/matlab/supportpackages/r2024a/3p.instrset/gnuarm-armcortex.instrset/win/bin/../lib/gcc/arm-none-eabi/11.3.1/thumb/v7e-m+fp/hard\libgcc.a(_arm_cmpdf2.o)
                              xcp_ext_mode.o (__aeabi_dcmpeq)
c:/programdata/matlab/supportpackages/r2024a/3p.instrset/gnuarm-armcortex.instrset/win/bin/../lib/gcc/arm-none-eabi/11.3.1/thumb/v7e-m+fp/hard\libgcc.a(_arm_unorddf2.o)
                              c:/programdata/matlab/supportpackages/r2024a/3p.instrset/gnuarm-armcortex.instrset/win/bin/../lib/gcc/arm-none-eabi/11.3.1/thumb/v7e-m+fp/hard\libm.a(libm_a-w_fmod.o) (__aeabi_dcmpun)
c:/programdata/matlab/supportpackages/r2024a/3p.instrset/gnuarm-armcortex.instrset/win/bin/../lib/gcc/arm-none-eabi/11.3.1/thumb/v7e-m+fp/hard\libgcc.a(_arm_fixunsdfsi.o)
                              xcp_ext_common.o (__aeabi_d2uiz)
c:/programdata/matlab/supportpackages/r2024a/3p.instrset/gnuarm-armcortex.instrset/win/bin/../lib/gcc/arm-none-eabi/11.3.1/thumb/v7e-m+fp/hard\libgcc.a(_aeabi_uldivmod.o)
                              stm32f4xx_ll_usart.o (__aeabi_uldivmod)
c:/programdata/matlab/supportpackages/r2024a/3p.instrset/gnuarm-armcortex.instrset/win/bin/../lib/gcc/arm-none-eabi/11.3.1/thumb/v7e-m+fp/hard\libgcc.a(_udivmoddi4.o)
                              c:/programdata/matlab/supportpackages/r2024a/3p.instrset/gnuarm-armcortex.instrset/win/bin/../lib/gcc/arm-none-eabi/11.3.1/thumb/v7e-m+fp/hard\libgcc.a(_aeabi_uldivmod.o) (__udivmoddi4)
c:/programdata/matlab/supportpackages/r2024a/3p.instrset/gnuarm-armcortex.instrset/win/bin/../lib/gcc/arm-none-eabi/11.3.1/thumb/v7e-m+fp/hard\libgcc.a(_dvmd_tls.o)
                              c:/programdata/matlab/supportpackages/r2024a/3p.instrset/gnuarm-armcortex.instrset/win/bin/../lib/gcc/arm-none-eabi/11.3.1/thumb/v7e-m+fp/hard\libgcc.a(_aeabi_uldivmod.o) (__aeabi_ldiv0)
c:/programdata/matlab/supportpackages/r2024a/3p.instrset/gnuarm-armcortex.instrset/win/bin/../lib/gcc/arm-none-eabi/11.3.1/thumb/v7e-m+fp/hard\libg_nano.a(libc_a-exit.o)
                              c:/programdata/matlab/supportpackages/r2024a/3p.instrset/gnuarm-armcortex.instrset/win/bin/../lib/gcc/arm-none-eabi/11.3.1/thumb/v7e-m+fp/hard/crt0.o (exit)
c:/programdata/matlab/supportpackages/r2024a/3p.instrset/gnuarm-armcortex.instrset/win/bin/../lib/gcc/arm-none-eabi/11.3.1/thumb/v7e-m+fp/hard\libg_nano.a(libc_a-findfp.o)
                              c:/programdata/matlab/supportpackages/r2024a/3p.instrset/gnuarm-armcortex.instrset/win/bin/../lib/gcc/arm-none-eabi/11.3.1/thumb/v7e-m+fp/hard\libg_nano.a(libc_a-exit.o) (__stdio_exit_handler)
c:/programdata/matlab/supportpackages/r2024a/3p.instrset/gnuarm-armcortex.instrset/win/bin/../lib/gcc/arm-none-eabi/11.3.1/thumb/v7e-m+fp/hard\libg_nano.a(libc_a-fwalk.o)
                              c:/programdata/matlab/supportpackages/r2024a/3p.instrset/gnuarm-armcortex.instrset/win/bin/../lib/gcc/arm-none-eabi/11.3.1/thumb/v7e-m+fp/hard\libg_nano.a(libc_a-findfp.o) (_fwalk_sglue)
c:/programdata/matlab/supportpackages/r2024a/3p.instrset/gnuarm-armcortex.instrset/win/bin/../lib/gcc/arm-none-eabi/11.3.1/thumb/v7e-m+fp/hard\libg_nano.a(libc_a-stdio.o)
                              c:/programdata/matlab/supportpackages/r2024a/3p.instrset/gnuarm-armcortex.instrset/win/bin/../lib/gcc/arm-none-eabi/11.3.1/thumb/v7e-m+fp/hard\libg_nano.a(libc_a-findfp.o) (__sread)
c:/programdata/matlab/supportpackages/r2024a/3p.instrset/gnuarm-armcortex.instrset/win/bin/../lib/gcc/arm-none-eabi/11.3.1/thumb/v7e-m+fp/hard\libg_nano.a(libc_a-memset.o)
[...]
Memory Configuration

Name             Origin             Length             Attributes
RAM              0x20000000         0x00020000         xrw
FLASH            0x08000000         0x00080000         xr
*default*        0x00000000         0xffffffff

Linker script and memory map

LOAD c:/programdata/matlab/supportpackages/r2024a/3p.instrset/gnuarm-armcortex.instrset/win/bin/../lib/gcc/arm-none-eabi/11.3.1/thumb/v7e-m+fp/hard/crti.o
LOAD c:/programdata/matlab/supportpackages/r2024a/3p.instrset/gnuarm-armcortex.instrset/win/bin/../lib/gcc/arm-none-eabi/11.3.1/thumb/v7e-m+fp/hard/crtbegin.o
LOAD c:/programdata/matlab/supportpackages/r2024a/3p.instrset/gnuarm-armcortex.instrset/win/bin/../lib/gcc/arm-none-eabi/11.3.1/thumb/v7e-m+fp/hard/crt0.o
LOAD xcp_ext_mode.o
LOAD BlinkLED.o
LOAD BlinkLED_data.o
LOAD ert_main.o
LOAD xcp_ext_common.o
LOAD xcp_ext_classic_trigger.o
LOAD xcp.o
LOAD xcp_standard.o
LOAD xcp_daq.o
LOAD xcp_calibration.o
LOAD xcp_fifo.o
LOAD xcp_transport.o
LOAD xcp_mem_default.o
LOAD xcp_drv_rtiostream.o
LOAD xcp_utils.o
LOAD xcp_frame_serial.o
LOAD xcp_ext_param_default_serial.o
LOAD overrideHALDelay.o
LOAD platform_timer.o
LOAD SysTickScheduler.o
LOAD m3m4m4f_multitasking.o
LOAD rtiostream_serial.o
LOAD stm_usart.o
LOAD sys_arch.o
LOAD main.o
LOAD stm32f4xx_it.o
LOAD stm32f4xx_hal_msp.o
LOAD stm32f4xx_hal_timebase_tim.o
LOAD stm32f4xx_hal_tim.o
LOAD stm32f4xx_hal_tim_ex.o
LOAD stm32f4xx_ll_gpio.o
LOAD stm32f4xx_ll_dma.o
LOAD stm32f4xx_ll_usart.o
LOAD stm32f4xx_ll_rcc.o
LOAD stm32f4xx_ll_utils.o
LOAD stm32f4xx_ll_exti.o
LOAD stm32f4xx_hal_rcc.o
LOAD stm32f4xx_hal_rcc_ex.o
LOAD stm32f4xx_hal_flash.o
LOAD stm32f4xx_hal_flash_ex.o
LOAD stm32f4xx_hal_flash_ramfunc.o
LOAD stm32f4xx_hal_gpio.o
LOAD stm32f4xx_hal_dma_ex.o
LOAD stm32f4xx_hal_dma.o
LOAD stm32f4xx_hal_pwr.o
LOAD stm32f4xx_hal_pwr_ex.o
LOAD stm32f4xx_hal_cortex.o
LOAD stm32f4xx_hal.o
LOAD stm32f4xx_hal_exti.o
LOAD system_stm32f4xx.o
LOAD syscalls.o
LOAD sysmem.o
LOAD startup_stm32f446retx.o
LOAD C:/ProgramData/MATLAB/SupportPackages/R2024a/3P.instrset/cmsis_dsp.instrset/Lib/GCC/arm_cortexm4ldfsp_math/libCMSISDSP.a
LOAD C:/ProgramData/MATLAB/SupportPackages/R2024a/toolbox/shared/supportpackages/stm32/lib/GCC/libmw_pdmfilter_m4_spfp.lib
LOAD c:/programdata/matlab/supportpackages/r2024a/3p.instrset/gnuarm-armcortex.instrset/win/bin/../lib/gcc/arm-none-eabi/11.3.1/thumb/v7e-m+fp/hard\libstdc++_nano.a
LOAD c:/programdata/matlab/supportpackages/r2024a/3p.instrset/gnuarm-armcortex.instrset/win/bin/../lib/gcc/arm-none-eabi/11.3.1/thumb/v7e-m+fp/hard\libm.a
START GROUP
LOAD c:/programdata/matlab/supportpackages/r2024a/3p.instrset/gnuarm-armcortex.instrset/win/bin/../lib/gcc/arm-none-eabi/11.3.1/thumb/v7e-m+fp/hard\libgcc.a
LOAD c:/programdata/matlab/supportpackages/r2024a/3p.instrset/gnuarm-armcortex.instrset/win/bin/../lib/gcc/arm-none-eabi/11.3.1/thumb/v7e-m+fp/hard\libg_nano.a
LOAD c:/programdata/matlab/supportpackages/r2024a/3p.instrset/gnuarm-armcortex.instrset/win/bin/../lib/gcc/arm-none-eabi/11.3.1/thumb/v7e-m+fp/hard\libc_nano.a
END GROUP
START GROUP
LOAD c:/programdata/matlab/supportpackages/r2024a/3p.instrset/gnuarm-armcortex.instrset/win/bin/../lib/gcc/arm-none-eabi/11.3.1/thumb/v7e-m+fp/hard\libgcc.a
LOAD c:/programdata/matlab/supportpackages/r2024a/3p.instrset/gnuarm-armcortex.instrset/win/bin/../lib/gcc/arm-none-eabi/11.3.1/thumb/v7e-m+fp/hard\libc_nano.a
LOAD c:/programdata/matlab/supportpackages/r2024a/3p.instrset/gnuarm-armcortex.instrset/win/bin/../lib/gcc/arm-none-eabi/11.3.1/thumb/v7e-m+fp/hard\libnosys.a
END GROUP
START GROUP
LOAD c:/programdata/matlab/supportpackages/r2024a/3p.instrset/gnuarm-armcortex.instrset/win/bin/../lib/gcc/arm-none-eabi/11.3.1/thumb/v7e-m+fp/hard\libgcc.a
LOAD c:/programdata/matlab/supportpackages/r2024a/3p.instrset/gnuarm-armcortex.instrset/win/bin/../lib/gcc/arm-none-eabi/11.3.1/thumb/v7e-m+fp/hard\libc_nano.a
LOAD c:/programdata/matlab/supportpackages/r2024a/3p.instrset/gnuarm-armcortex.instrset/win/bin/../lib/gcc/arm-none-eabi/11.3.1/thumb/v7e-m+fp/hard\libnosys.a
END GROUP
LOAD c:/programdata/matlab/supportpackages/r2024a/3p.instrset/gnuarm-armcortex.instrset/win/bin/../lib/gcc/arm-none-eabi/11.3.1/thumb/v7e-m+fp/hard/crtend.o
LOAD c:/programdata/matlab/supportpackages/r2024a/3p.instrset/gnuarm-armcortex.instrset/win/bin/../lib/gcc/arm-none-eabi/11.3.1/thumb/v7e-m+fp/hard/crtn.o
                0x20020000                _estack = (ORIGIN (RAM) + LENGTH (RAM))
                0x00000200                _Min_Heap_Size = 0x200
                0x00000400                _Min_Stack_Size = 0x400

.isr_vector     0x08000000      0x1c4
                0x08000000                . = ALIGN (0x4)
 *(.isr_vector)
 .isr_vector    0x08000000      0x1c4 startup_stm32f446retx.o
                0x08000000                g_pfnVectors
                0x080001c4                . = ALIGN (0x4)

.text           0x080001c8     0xb354
                0x080001c8                . = ALIGN (0x4)
 *(.text)
 .text          0x080001c8      0x378 c:/programdata/matlab/supportpackages/r2024a/3p.instrset/gnuarm-armcortex.instrset/win/bin/../lib/gcc/arm-none-eabi/11.3.1/thumb/v7e-m+fp/hard\libgcc.a(_arm_addsubdf3.o)
                0x080001c8                __aeabi_drsub
                0x080001d0                __aeabi_dsub
                0x080001d0                __subdf3
                0x080001d4                __aeabi_dadd
                0x080001d4                __adddf3
                0x0800044c                __floatunsidf
                0x0800044c                __aeabi_ui2d
                0x0800046c                __floatsidf
                0x0800046c                __aeabi_i2d
                0x08000490                __aeabi_f2d
                0x08000490                __extendsfdf2
                0x080004d4                __floatundidf
                0x080004d4                __aeabi_ul2d
                0x080004e4                __floatdidf
                0x080004e4                __aeabi_l2d
 .text          0x08000540      0x424 c:/programdata/matlab/supportpackages/r2024a/3p.instrset/gnuarm-armcortex.instrset/win/bin/../lib/gcc/arm-none-eabi/11.3.1/thumb/v7e-m+fp/hard\libgcc.a(_arm_muldivdf3.o)
                0x08000540                __aeabi_dmul
                0x08000540                __muldf3
                0x08000794                __divdf3
                0x08000794                __aeabi_ddiv
 .text          0x08000964      0x110 c:/programdata/matlab/supportpackages/r2024a/3p.instrset/gnuarm-armcortex.instrset/win/bin/../lib/gcc/arm-none-eabi/11.3.1/thumb/v7e-m+fp/hard\libgcc.a(_arm_cmpdf2.o)
                0x08000964                __gtdf2
                0x08000964                __gedf2
                0x0800096c                __ltdf2
                0x0800096c                __ledf2
                0x08000974                __nedf2
                0x08000974                __eqdf2
                0x08000974                __cmpdf2
                0x080009f0                __aeabi_cdrcmple
                0x08000a00                __aeabi_cdcmpeq
                0x08000a00                __aeabi_cdcmple
                0x08000a10                __aeabi_dcmpeq
                0x08000a24                __aeabi_dcmplt
                0x08000a38                __aeabi_dcmple
                0x08000a4c                __aeabi_dcmpge
                0x08000a60                __aeabi_dcmpgt
 .text          0x08000a74       0x2c c:/programdata/matlab/supportpackages/r2024a/3p.instrset/gnuarm-armcortex.instrset/win/bin/../lib/gcc/arm-none-eabi/11.3.1/thumb/v7e-m+fp/hard\libgcc.a(_arm_unorddf2.o)
                0x08000a74                __unorddf2
                0x08000a74                __aeabi_dcmpun
 .text          0x08000aa0       0x40 c:/programdata/matlab/supportpackages/r2024a/3p.instrset/gnuarm-armcortex.instrset/win/bin/../lib/gcc/arm-none-eabi/11.3.1/thumb/v7e-m+fp/hard\libgcc.a(_arm_fixunsdfsi.o)
                0x08000aa0                __aeabi_d2uiz
                0x08000aa0                __fixunsdfsi
 .text          0x08000ae0       0x30 c:/programdata/matlab/supportpackages/r2024a/3p.instrset/gnuarm-armcortex.instrset/win/bin/../lib/gcc/arm-none-eabi/11.3.1/thumb/v7e-m+fp/hard\libgcc.a(_aeabi_uldivmod.o)
                0x08000ae0                __aeabi_uldivmod
 .text          0x08000b10        0x4 c:/programdata/matlab/supportpackages/r2024a/3p.instrset/gnuarm-armcortex.instrset/win/bin/../lib/gcc/arm-none-eabi/11.3.1/thumb/v7e-m+fp/hard\libgcc.a(_dvmd_tls.o)
                0x08000b10                __aeabi_idiv0
                0x08000b10                __aeabi_ldiv0
 *(.text*)
 .text.deregister_tm_clones
                0x08000b14       0x1c c:/programdata/matlab/supportpackages/r2024a/3p.instrset/gnuarm-armcortex.instrset/win/bin/../lib/gcc/arm-none-eabi/11.3.1/thumb/v7e-m+fp/hard/crtbegin.o
 .text.register_tm_clones
                0x08000b30       0x24 c:/programdata/matlab/supportpackages/r2024a/3p.instrset/gnuarm-armcortex.instrset/win/bin/../lib/gcc/arm-none-eabi/11.3.1/thumb/v7e-m+fp/hard/crtbegin.o
 .text.__do_global_dtors_aux
                0x08000b54       0x28 c:/programdata/matlab/supportpackages/r2024a/3p.instrset/gnuarm-armcortex.instrset/win/bin/../lib/gcc/arm-none-eabi/11.3.1/thumb/v7e-m+fp/hard/crtbegin.o
 .text.frame_dummy
                0x08000b7c       0x24 c:/programdata/matlab/supportpackages/r2024a/3p.instrset/gnuarm-armcortex.instrset/win/bin/../lib/gcc/arm-none-eabi/11.3.1/thumb/v7e-m+fp/hard/crtbegin.o
 .text.extmodeParseArgs
                0x08000ba0       0x1e xcp_ext_mode.o
                0x08000ba0                extmodeParseArgs
 *fill*         0x08000bbe        0x2 
 .text.extmodeInit
                0x08000bc0      0x128 xcp_ext_mode.o
                0x08000bc0                extmodeInit
 .text.extmodeWaitForHostRequest
                0x08000ce8       0xcc xcp_ext_mode.o
                0x08000ce8                extmodeWaitForHostRequest
 .text.extmodeEvent
                0x08000db4       0xfc xcp_ext_mode.o
                0x08000db4                extmodeEvent
 .text.extmodeBackgroundRun
                0x08000eb0       0x20 xcp_ext_mode.o
                0x08000eb0                extmodeBackgroundRun
 .text.extmodeReset
                0x08000ed0       0x40 xcp_ext_mode.o
                0x08000ed0                extmodeReset
 .text.extmodeStopRequested
                0x08000f10       0x18 xcp_ext_mode.o
                0x08000f10                extmodeStopRequested
 .text.extmodeSimulationComplete
                0x08000f28       0x18 xcp_ext_mode.o
                0x08000f28                extmodeSimulationComplete
 .text.LL_GPIO_SetOutputPin
                0x08000f40       0x1c BlinkLED.o
 .text.LL_GPIO_ResetOutputPin
                0x08000f5c       0x1e BlinkLED.o
 *fill*         0x08000f7a        0x2 
 .text.BlinkLED_step
                0x08000f7c      0x104 BlinkLED.o
                0x08000f7c                BlinkLED_step
 .text.BlinkLED_initialize
                0x08001080       0x9c BlinkLED.o
                0x08001080                BlinkLED_initialize
 .text.BlinkLED_terminate
                0x0800111c        0xe BlinkLED.o
                0x0800111c                BlinkLED_terminate
 *fill*         0x0800112a        0x2 
 .text.rt_OneStep
                0x0800112c       0x78 ert_main.o
                0x0800112c                rt_OneStep
 .text.main     0x080011a4      0x180 ert_main.o
                0x080011a4                main
 .text.xcp_void_printf
                0x08001324       0x12 xcp_ext_common.o
                0x08001324                xcp_void_printf
 .text.xcpCopyTimeValue
                0x08001336       0x26 xcp_ext_common.o
 *fill*         0x0800135c        0x4 
 .text.xcpExtModeUpdateTime
                0x08001360      0x13c xcp_ext_common.o
                0x08001360                xcpExtModeUpdateTime
 .text.xcpExtModeInit
                0x0800149c       0x9c xcp_ext_common.o
                0x0800149c                xcpExtModeInit
 .text.xcpExtModeRunBackground
                0x08001538      0x13c xcp_ext_common.o
                0x08001538                xcpExtModeRunBackground
 .text.xcpExtModeReset
                0x08001674      0x128 xcp_ext_common.o
                0x08001674                xcpExtModeReset
 .text.sampleSignalTrigger
                0x0800179c      0x1b4 xcp_ext_classic_trigger.o
 .text.updateTriggerStatus
                0x08001950      0x2b8 xcp_ext_classic_trigger.o
 .text.xcpExtModeClassicTriggerInit
                0x08001c08       0x68 xcp_ext_classic_trigger.o
                0x08001c08                xcpExtModeClassicTriggerInit
 .text.xcpExtModeClassicTriggerEnabled
                0x08001c70      0x100 xcp_ext_classic_trigger.o
                0x08001c70                xcpExtModeClassicTriggerEnabled
 .text.xcpExtModeClassicTriggerReset
                0x08001d70       0xf4 xcp_ext_classic_trigger.o
                0x08001d70                xcpExtModeClassicTriggerReset
 .text.xcpExtModeClassicTriggerForceEnableStatusUpdate
                0x08001e64       0x80 xcp_ext_classic_trigger.o
                0x08001e64                xcpExtModeClassicTriggerForceEnableStatusUpdate
 .text.msgBufferRealloc
                0x08001ee4       0x72 xcp.o
 *fill*         0x08001f56        0x2 
 .text.discardInputPacketHandler
                0x08001f58       0x3c xcp.o
 .text.unknownInputPacketHandler
                0x08001f94       0x34 xcp.o
 .text.xcpGetPacketGroupID
                0x08001fc8       0x74 xcp.o
 .text.xcpGetPacketHandlers
                0x0800203c      0x124 xcp.o
 .text.xcpStatusSet
                0x08002160       0x20 xcp.o
                0x08002160                xcpStatusSet
 .text.xcpSessionStatusGet
                0x08002180       0x18 xcp.o
                0x08002180                xcpSessionStatusGet
 .text.xcpSessionStatusSetMask
                0x08002198       0x28 xcp.o
                0x08002198                xcpSessionStatusSetMask
 .text.xcpSessionStatusClearMask
                0x080021c0       0x34 xcp.o
                0x080021c0                xcpSessionStatusClearMask
 .text.xcpResourceProtectionStatusGet
                0x080021f4       0x18 xcp.o
                0x080021f4                xcpResourceProtectionStatusGet
 .text.xcpSessionConfigurationIdGet
                0x0800220c       0x18 xcp.o
                0x0800220c                xcpSessionConfigurationIdGet
 .text.genericOutputPacketHandler
                0x08002224      0x11c xcp.o
                0x08002224                genericOutputPacketHandler
 .text.xcpFindPacket
                0x08002340       0x6e xcp.o
                0x08002340                xcpFindPacket
 *fill*         0x080023ae        0x2 
 .text.xcpInit  0x080023b0       0x64 xcp.o
                0x080023b0                xcpInit
 .text.xcpRun   0x08002414      0x194 xcp.o
                0x08002414                xcpRun
 .text.xcpEvent
                0x080025a8       0x50 xcp.o
                0x080025a8                xcpEvent
 .text.xcpGetStatus
                0x080025f8       0x18 xcp.o
                0x080025f8                xcpGetStatus
 .text.xcpReset
                0x08002610       0x40 xcp.o
                0x08002610                xcpReset
 .text.xcpPackedModeEventsFlush
                0x08002650       0x1e xcp.o
                0x08002650                xcpPackedModeEventsFlush
 .text.xcpPackedModeEventReset
                0x0800266e       0x2a xcp.o
                0x0800266e                xcpPackedModeEventReset
 .text.isValidUploadSize
                0x08002698       0x30 xcp_standard.o
 .text.xcpMemcpyFromMTA
                0x080026c8       0x38 xcp_standard.o
 .text.connectInputPacketHandler
                0x08002700       0xa4 xcp_standard.o
 .text.connectOutputPacketHandler
                0x080027a4       0xd4 xcp_standard.o
 .text.disconnectInputPacketHandler
                0x08002878       0x54 xcp_standard.o
 .text.getStatusInputPacketHandler
                0x080028cc       0x28 xcp_standard.o
 .text.getStatusOutputPacketHandler
                0x080028f4       0x80 xcp_standard.o
 .text.synchInputPacketHandler
                0x08002974       0x44 xcp_standard.o
 .text.setMTAInputPacketHandler
                0x080029b8       0x78 xcp_standard.o
 .text.uploadInputPacketHandler
                0x08002a30       0x98 xcp_standard.o
 .text.uploadOutputPacketHandler
                0x08002ac8       0x9c xcp_standard.o
 .text.shortUploadInputPacketHandler
                0x08002b64       0xa4 xcp_standard.o
 .text.shortUploadOutputPacketHandler
                0x08002c08       0x9c xcp_standard.o
 .text.getPacket
                0x08002ca4       0x24 xcp_standard.o
 .text.xcpStandardInit
                0x08002cc8       0x18 xcp_standard.o
                0x08002cc8                xcpStandardInit
 .text.xcpStandardGetPacketLookup
                0x08002ce0       0x18 xcp_standard.o
                0x08002ce0                xcpStandardGetPacketLookup
 .text.xcpStandardSetPacketLookup
                0x08002cf8       0x20 xcp_standard.o
                0x08002cf8                xcpStandardSetPacketLookup
 .text.xcpStandardReset
                0x08002d18       0x12 xcp_standard.o
                0x08002d18                xcpStandardReset
 *fill*         0x08002d2a        0x2 
 .text.xcpStandardGetAddressFromMta
                0x08002d2c       0x18 xcp_standard.o
                0x08002d2c                xcpStandardGetAddressFromMta
 .text.xcpStandardSetMta
                0x08002d44       0x3c xcp_standard.o
                0x08002d44                xcpStandardSetMta
 .text.xcpStandardIncrementMta
                0x08002d80       0x28 xcp_standard.o
                0x08002d80                xcpStandardIncrementMta
 .text.xcpStandardExtendedInit
                0x08002da8        0xe xcp_standard.o
                0x08002da8                xcpStandardExtendedInit
 .text.xcpStandardExtendedReset
                0x08002db6        0xe xcp_standard.o
                0x08002db6                xcpStandardExtendedReset
 .text.xcpDaqWriteLock
                0x08002dc4       0x4c xcp_daq.o
 .text.xcpDaqWriteUnlock
                0x08002e10       0x20 xcp_daq.o
 .text.xcpDaqReadLock
                0x08002e30       0x38 xcp_daq.o
 .text.xcpDaqReadUnlock
                0x08002e68       0x38 xcp_daq.o
 .text.isActiveDaqList
                0x08002ea0       0x50 xcp_daq.o
 .text.noActiveDaqLists
                0x08002ef0       0x50 xcp_daq.o
 .text.isValidDaqPtr
                0x08002f40       0xb8 xcp_daq.o
 .text.isValidDaqEntry
                0x08002ff8       0x36 xcp_daq.o
 .text.isSupportedDaqListMode
                0x0800302e       0x26 xcp_daq.o
 .text.isValidStartStopMode
                0x08003054       0x32 xcp_daq.o
 .text.isValidStartStopSynchMode
                0x08003086       0x32 xcp_daq.o
 .text.absoluteOdtNumberIdentification
                0x080030b8       0x10 xcp_daq.o
 .text.isDaqPackedModeEnabled
                0x080030c8       0x6c xcp_daq.o
 .text.odtPacketSize
                0x08003134       0x54 xcp_daq.o
 .text.createDaqReservedPool
                0x08003188       0x88 xcp_daq.o
 .text.destroyDaqReservedPool
                0x08003210       0x2c xcp_daq.o
 .text.setDaqPtrInputPacketHandler
                0x0800323c       0xdc xcp_daq.o
 .text.writeDaqInputPacketHandler
                0x08003318      0x198 xcp_daq.o
 .text.setDaqListModeInputPacketHandler
                0x080034b0      0x1c8 xcp_daq.o
 .text.startStopDaqListInputPacketHandler
                0x08003678      0x3f4 xcp_daq.o
 .text.startStopDaqListOutputPacketHandler
                0x08003a6c       0x5c xcp_daq.o
 .text.startStopSynchInputPacketHandler
                0x08003ac8      0x328 xcp_daq.o
 .text.getDaqProcessorInfoInputPacketHandler
                0x08003df0       0x28 xcp_daq.o
 .text.getDaqProcessorInfoOutputPacketHandler
                0x08003e18       0xac xcp_daq.o
 .text.getDaqResolutionInfoInputPacketHandler
                0x08003ec4       0x28 xcp_daq.o
 .text.getDaqResolutionInfoOutputPacketHandler
                0x08003eec       0xb8 xcp_daq.o
 .text.freeDaqInputPacketHandler
                0x08003fa4       0x5c xcp_daq.o
 .text.allocDaqInputPacketHandler
                0x08004000      0x18c xcp_daq.o
 .text.allocOdtInputPacketHandler
                0x0800418c      0x1c0 xcp_daq.o
 .text.allocOdtEntryInputPacketHandler
                0x0800434c      0x270 xcp_daq.o
 .text.getDaqClockInputPacketHandler
                0x080045bc       0x22 xcp_daq.o
 *fill*         0x080045de        0x2 
 .text.setDaqPackedModeInputPacketHandler
                0x080045e0      0x21c xcp_daq.o
 .text.level1CommandInputPacketHandler
                0x080047fc       0x64 xcp_daq.o
 .text.getPacket
                0x08004860       0x24 xcp_daq.o
 .text.xcpDaqInit
                0x08004884       0x38 xcp_daq.o
                0x08004884                xcpDaqInit
 .text.xcpDaqGetPacketLookup
                0x080048bc       0x18 xcp_daq.o
                0x080048bc                xcpDaqGetPacketLookup
 .text.xcpDaqSetPacketLookup
                0x080048d4       0x20 xcp_daq.o
                0x080048d4                xcpDaqSetPacketLookup
 .text.xcpResetDaq
                0x080048f4       0xa4 xcp_daq.o
 .text.daqWriteXCPDataForOdt
                0x08004998       0x7c xcp_daq.o
 .text.odtWriteEntries
                0x08004a14       0x9c xcp_daq.o
 .text.xcpProcessDaq
                0x08004ab0      0x208 xcp_daq.o
 .text.xcpDaqEvent
                0x08004cb8      0x108 xcp_daq.o
                0x08004cb8                xcpDaqEvent
 .text.xcpDaqEventsFlush
                0x08004dc0      0x284 xcp_daq.o
                0x08004dc0                xcpDaqEventsFlush
 .text.xcpDaqLock
                0x08005044       0x1e xcp_daq.o
                0x08005044                xcpDaqLock
 .text.xcpDaqUnlock
                0x08005062        0xe xcp_daq.o
                0x08005062                xcpDaqUnlock
 .text.xcpResetDaqListStatus
                0x08005070      0x19c xcp_daq.o
                0x08005070                xcpResetDaqListStatus
 .text.xcpDaqReset
                0x0800520c       0x20 xcp_daq.o
                0x0800520c                xcpDaqReset
 .text.xcpDaqExtendedInit
                0x0800522c        0xe xcp_daq.o
                0x0800522c                xcpDaqExtendedInit
 .text.xcpDaqExtendedReset
                0x0800523a        0xe xcp_daq.o
                0x0800523a                xcpDaqExtendedReset
 .text.isValidShortDownloadSize
                0x08005248       0x34 xcp_calibration.o
 .text.isValidDownloadSize
                0x0800527c       0x3a xcp_calibration.o
 *fill*         0x080052b6        0x2 
 .text.xcpMemcpyToMTA
                0x080052b8       0x34 xcp_calibration.o
 .text.downloadInputPacketHandler
                0x080052ec       0xb0 xcp_calibration.o
 .text.shortDownloadInputPacketHandler
                0x0800539c       0xb8 xcp_calibration.o
 .text.getPacket
                0x08005454       0x24 xcp_calibration.o
 .text.xcpCalibrationInit
                0x08005478       0x14 xcp_calibration.o
                0x08005478                xcpCalibrationInit
 .text.xcpCalibrationGetPacketLookup
                0x0800548c       0x18 xcp_calibration.o
                0x0800548c                xcpCalibrationGetPacketLookup
 .text.xcpCalibrationSetPacketLookup
                0x080054a4       0x20 xcp_calibration.o
                0x080054a4                xcpCalibrationSetPacketLookup
 .text.xcpCalibrationReset
                0x080054c4        0xe xcp_calibration.o
                0x080054c4                xcpCalibrationReset
 .text.xcpFifoInit
                0x080054d2       0x20 xcp_fifo.o
                0x080054d2                xcpFifoInit
 .text.xcpFifoEnqueue
                0x080054f2       0x2a xcp_fifo.o
                0x080054f2                xcpFifoEnqueue
 .text.xcpFifoDequeue
                0x0800551c       0x3e xcp_fifo.o
                0x0800551c                xcpFifoDequeue
 .text.xcpFifoEnqueueHead
                0x0800555a       0x32 xcp_fifo.o
                0x0800555a                xcpFifoEnqueueHead
 .text.xcpFifoReset
                0x0800558c       0x16 xcp_fifo.o
                0x0800558c                xcpFifoReset
 *fill*         0x080055a2        0x2 
 .text.xcpTransportEmptyTxFifo
                0x080055a4       0x6c xcp_transport.o
 .text.xcpTransportEmptyRxFifo
                0x08005610       0x6c xcp_transport.o
 .text.xcpTransportInit
                0x0800567c      0x138 xcp_transport.o
                0x0800567c                xcpTransportInit
 .text.xcpTransportTxReady
                0x080057b4       0x1a xcp_transport.o
                0x080057b4                xcpTransportTxReady
 .text.xcpTransportTxTrigger
                0x080057ce       0x1a xcp_transport.o
                0x080057ce                xcpTransportTxTrigger
 .text.xcpTransportTxPacketSet
                0x080057e8      0x144 xcp_transport.o
                0x080057e8                xcpTransportTxPacketSet
 .text.xcpTransportTx
                0x0800592c       0xec xcp_transport.o
                0x0800592c                xcpTransportTx
 .text.xcpTransportRx
                0x08005a18       0x80 xcp_transport.o
                0x08005a18                xcpTransportRx
 .text.xcpTransportRxPacketGet
                0x08005a98      0x12c xcp_transport.o
                0x08005a98                xcpTransportRxPacketGet
 .text.xcpTransportPacketOffset
                0x08005bc4       0x20 xcp_transport.o
                0x08005bc4                xcpTransportPacketOffset
 .text.xcpTransportMsgBufferSize
                0x08005be4       0x70 xcp_transport.o
                0x08005be4                xcpTransportMsgBufferSize
 .text.xcpTransportMaxDtoSize
                0x08005c54        0xe xcp_transport.o
                0x08005c54                xcpTransportMaxDtoSize
 .text.xcpTransportMaxCtoSize
                0x08005c62        0xe xcp_transport.o
                0x08005c62                xcpTransportMaxCtoSize
 .text.xcpTransportRestart
                0x08005c70       0x44 xcp_transport.o
                0x08005c70                xcpTransportRestart
 .text.xcpTransportResynch
                0x08005cb4       0x40 xcp_transport.o
                0x08005cb4                xcpTransportResynch
 .text.xcpTransportCtoReservedMemPoolId
                0x08005cf4       0x18 xcp_transport.o
                0x08005cf4                xcpTransportCtoReservedMemPoolId
 .text.xcpTransportReset
                0x08005d0c       0xe4 xcp_transport.o
                0x08005d0c                xcpTransportReset
 .text.xcpInitializePoolMemoryArea
                0x08005df0       0x72 xcp_mem_default.o
 *fill*         0x08005e62        0x2 
 .text.xcpMemInit
                0x08005e64      0x1d4 xcp_mem_default.o
                0x08005e64                xcpMemInit
 .text.xcpMemAlloc
                0x08006038       0xe8 xcp_mem_default.o
                0x08006038                xcpMemAlloc
 .text.xcpMemFree
                0x08006120      0x170 xcp_mem_default.o
                0x08006120                xcpMemFree
 .text.xcpMemReservedPoolCreate
                0x08006290      0x224 xcp_mem_default.o
                0x08006290                xcpMemReservedPoolCreate
 .text.xcpMemReservedPoolDestroy
                0x080064b4      0x158 xcp_mem_default.o
                0x080064b4                xcpMemReservedPoolDestroy
 .text.xcpMemCustomPoolCreate
                0x0800660c       0xbc xcp_mem_default.o
                0x0800660c                xcpMemCustomPoolCreate
 .text.xcpMemCustomPoolDestroy
                0x080066c8       0x64 xcp_mem_default.o
                0x080066c8                xcpMemCustomPoolDestroy
 .text.xcpMemAllocFromPool
                0x0800672c      0x170 xcp_mem_default.o
                0x0800672c                xcpMemAllocFromPool
 .text.xcpMemReset
                0x0800689c       0x50 xcp_mem_default.o
                0x0800689c                xcpMemReset
 .text.xcpDrvOpen
                0x080068ec       0x64 xcp_drv_rtiostream.o
                0x080068ec                xcpDrvOpen
 .text.xcpDrvIoctl
                0x08006950       0x4c xcp_drv_rtiostream.o
                0x08006950                xcpDrvIoctl
 .text.xcpDrvSend
                0x0800699c      0x14c xcp_drv_rtiostream.o
                0x0800699c                xcpDrvSend
 .text.xcpDrvRecv
                0x08006ae8      0x14c xcp_drv_rtiostream.o
                0x08006ae8                xcpDrvRecv
 .text.xcpDrvClose
                0x08006c34       0x5c xcp_drv_rtiostream.o
                0x08006c34                xcpDrvClose
 .text.xcpSortArray
                0x08006c90       0xcc xcp_utils.o
                0x08006c90                xcpSortArray
 .text.xcpSxiHtons
                0x08006d5c       0x18 xcp_frame_serial.o
 .text.xcpSxiNtohs
                0x08006d74       0x1c xcp_frame_serial.o
 .text.xcpSxiChecksum
                0x08006d90       0x3e xcp_frame_serial.o
                0x08006d90                xcpSxiChecksum
 *fill*         0x08006dce        0x2 
 .text.xcpFrameInit
                0x08006dd0       0x70 xcp_frame_serial.o
                0x08006dd0                xcpFrameInit
 .text.xcpFrameMsgSend
                0x08006e40      0x184 xcp_frame_serial.o
                0x08006e40                xcpFrameMsgSend
 .text.xcpFrameMsgRecv
                0x08006fc4      0x180 xcp_frame_serial.o
                0x08006fc4                xcpFrameMsgRecv
 .text.xcpFrameCreateMsg
                0x08007144       0x94 xcp_frame_serial.o
                0x08007144                xcpFrameCreateMsg
 .text.xcpFrameExtractPacket
                0x080071d8      0x154 xcp_frame_serial.o
                0x080071d8                xcpFrameExtractPacket
 .text.xcpFrameHeaderSize
                0x0800732c       0x10 xcp_frame_serial.o
                0x0800732c                xcpFrameHeaderSize
 .text.xcpFrameTailSize
                0x0800733c       0x10 xcp_frame_serial.o
                0x0800733c                xcpFrameTailSize
 .text.xcpFrameMaxDtoSize
                0x0800734c       0x12 xcp_frame_serial.o
                0x0800734c                xcpFrameMaxDtoSize
 .text.xcpFrameMaxCtoSize
                0x0800735e       0x10 xcp_frame_serial.o
                0x0800735e                xcpFrameMaxCtoSize
 *fill*         0x0800736e        0x2 
 .text.xcpFrameRestart
                0x08007370       0x30 xcp_frame_serial.o
                0x08007370                xcpFrameRestart
 .text.xcpFrameSetCtoReservedMemPoolId
                0x080073a0       0x20 xcp_frame_serial.o
                0x080073a0                xcpFrameSetCtoReservedMemPoolId
 .text.xcpFrameReset
                0x080073c0       0x70 xcp_frame_serial.o
                0x080073c0                xcpFrameReset
 .text.xcpTransportGetInitParameters
                0x08007430       0x2e xcp_ext_param_default_serial.o
                0x08007430                xcpTransportGetInitParameters
 .text.xcpGetInitParameters
                0x0800745e       0x2e xcp_ext_param_default_serial.o
                0x0800745e                xcpGetInitParameters
 .text.HAL_Delay
                0x0800748c       0x2e overrideHALDelay.o
                0x0800748c                HAL_Delay
 *fill*         0x080074ba        0x2 
 .text.PeriphCommonClock_Config
                0x080074bc       0x10 platform_timer.o
                0x080074bc                PeriphCommonClock_Config
 .text.getCurrentTimestampInMicros
                0x080074cc       0x40 platform_timer.o
                0x080074cc                getCurrentTimestampInMicros
 .text.returnTimeElapsed
                0x0800750c       0x2c platform_timer.o
                0x0800750c                returnTimeElapsed
 .text.timestampInit
                0x08007538       0x28 platform_timer.o
 .text.getCurrentTimestamp
                0x08007560       0x44 platform_timer.o
                0x08007560                getCurrentTimestamp
 .text.__NVIC_SetPriority
                0x080075a4       0x54 SysTickScheduler.o
 .text.SysTick_Config
                0x080075f8       0x44 SysTickScheduler.o
 .text.SysTick_Isr
                0x0800763c       0x48 SysTickScheduler.o
 .text.SysTick_Handler
                0x08007684       0x20 SysTickScheduler.o
                0x08007684                SysTick_Handler
 .text.ARMCM_SysTick_Config
                0x080076a4       0xb0 SysTickScheduler.o
                0x080076a4                ARMCM_SysTick_Config
 .text.PendSV_Handler
                0x08007754       0x44 m3m4m4f_multitasking.o
                0x08007754                PendSV_Handler
 .text.SVC_Handler
                0x08007798       0x58 m3m4m4f_multitasking.o
                0x08007798                SVC_Handler
 .text.rtIOStreamOpen
                0x080077f0       0x44 rtiostream_serial.o
                0x080077f0                rtIOStreamOpen
 .text.rtIOStreamSend
                0x08007834       0x38 rtiostream_serial.o
                0x08007834                rtIOStreamSend
 .text.rtIOStreamRecv
                0x0800786c       0x48 rtiostream_serial.o
                0x0800786c                rtIOStreamRecv
 .text.rtIOStreamClose
                0x080078b4       0x20 rtiostream_serial.o
                0x080078b4                rtIOStreamClose
 .text.__NVIC_GetPriorityGrouping
                0x080078d4       0x1c stm_usart.o
 .text.__NVIC_EnableIRQ
                0x080078f0       0x3c stm_usart.o
 .text.__NVIC_SetPriority
                0x0800792c       0x54 stm_usart.o
 .text.NVIC_EncodePriority
                0x08007980       0x66 stm_usart.o
 *fill*         0x080079e6        0x2 
 .text.LL_DMA_EnableStream
                0x080079e8       0x40 stm_usart.o
 .text.LL_DMA_DisableStream
                0x08007a28       0x40 stm_usart.o
 .text.LL_DMA_GetMode
                0x08007a68       0x30 stm_usart.o
 .text.LL_DMA_SetDataLength
                0x08007a98       0x48 stm_usart.o
 .text.LL_DMA_GetDataLength
                0x08007ae0       0x2c stm_usart.o
 .text.LL_DMA_ConfigAddresses
                0x08007b0c       0x78 stm_usart.o
 .text.LL_DMA_IsActiveFlag_TC5
                0x08007b84       0x28 stm_usart.o
 .text.LL_DMA_ClearFlag_TC5
                0x08007bac       0x1c stm_usart.o
 .text.LL_DMA_EnableIT_TC
                0x08007bc8       0x40 stm_usart.o
 .text.LL_DMA_DisableIT_TC
                0x08007c08       0x40 stm_usart.o
 .text.LL_DMA_IsEnabledIT_TC
                0x08007c48       0x38 stm_usart.o
 .text.LL_USART_Enable
                0x08007c80       0x20 stm_usart.o
 .text.LL_USART_Disable
                0x08007ca0       0x20 stm_usart.o
 .text.LL_USART_IsActiveFlag_PE
                0x08007cc0       0x26 stm_usart.o
 .text.LL_USART_IsActiveFlag_FE
                0x08007ce6       0x26 stm_usart.o
 .text.LL_USART_IsActiveFlag_NE
                0x08007d0c       0x26 stm_usart.o
 .text.LL_USART_IsActiveFlag_ORE
                0x08007d32       0x26 stm_usart.o
 .text.LL_USART_IsActiveFlag_TC
                0x08007d58       0x26 stm_usart.o
 .text.LL_USART_IsActiveFlag_TXE
                0x08007d7e       0x26 stm_usart.o
 .text.LL_USART_ClearFlag_PE
                0x08007da4       0x24 stm_usart.o
 .text.LL_USART_ClearFlag_ORE
                0x08007dc8       0x24 stm_usart.o
 .text.LL_USART_EnableIT_RXNE
                0x08007dec       0x46 stm_usart.o
 .text.LL_USART_EnableIT_PE
                0x08007e32       0x46 stm_usart.o
 .text.LL_USART_EnableIT_ERROR
                0x08007e78       0x46 stm_usart.o
 .text.LL_USART_DisableIT_RXNE
                0x08007ebe       0x46 stm_usart.o
 .text.LL_USART_DisableIT_TXE
                0x08007f04       0x46 stm_usart.o
 .text.LL_USART_DisableIT_PE
                0x08007f4a       0x46 stm_usart.o
 .text.LL_USART_DisableIT_ERROR
                0x08007f90       0x46 stm_usart.o
 .text.LL_USART_EnableDMAReq_RX
                0x08007fd6       0x46 stm_usart.o
 .text.LL_USART_DisableDMAReq_RX
                0x0800801c       0x46 stm_usart.o
 .text.LL_USART_EnableDMAReq_TX
                0x08008062       0x46 stm_usart.o
 .text.LL_USART_DisableDMAReq_TX
                0x080080a8       0x46 stm_usart.o
 .text.LL_USART_DMA_GetRegAddr
                0x080080ee       0x18 stm_usart.o
 .text.LL_USART_ReceiveData8
                0x08008106       0x1a stm_usart.o
 .text.LL_USART_TransmitData8
                0x08008120       0x1e stm_usart.o
 .text.getAvailableDataInBuffer
                0x0800813e       0xcc stm_usart.o
                0x0800813e                getAvailableDataInBuffer
 .text.getBytesToBeReadFromBuffer
                0x0800820a       0x6e stm_usart.o
                0x0800820a                getBytesToBeReadFromBuffer
 .text.readDataFromBuffer
                0x08008278       0xcc stm_usart.o
                0x08008278                readDataFromBuffer
 .text.UART_RXDMAInterruptHandler
                0x08008344       0xd4 stm_usart.o
                0x08008344                UART_RXDMAInterruptHandler
 .text.UART_IsActiveFlagError
                0x08008418       0xd6 stm_usart.o
                0x08008418                UART_IsActiveFlagError
 *fill*         0x080084ee        0x2 
 .text.USART2_IRQHandler
                0x080084f0       0x14 stm_usart.o
                0x080084f0                USART2_IRQHandler
 .text.DMA1_Stream5_IRQHandler
                0x08008504       0x20 stm_usart.o
                0x08008504                DMA1_Stream5_IRQHandler
 .text.UART_ConfigureReceiveDMA
                0x08008524       0x88 stm_usart.o
                0x08008524                UART_ConfigureReceiveDMA
 .text.UART_ConfigureTransmitDMA
                0x080085ac       0x54 stm_usart.o
                0x080085ac                UART_ConfigureTransmitDMA
 .text.getReadErrorStatus
                0x08008600       0xc8 stm_usart.o
                0x08008600                getReadErrorStatus
 .text.MW_UART_Initialize
                0x080086c8      0x198 stm_usart.o
                0x080086c8                MW_UART_Initialize
 .text.MW_UART_ReceiveUsingBuffer
                0x08008860       0x5c stm_usart.o
                0x08008860                MW_UART_ReceiveUsingBuffer
 .text.MW_UART_TransmitUsingPolling
                0x080088bc      0x184 stm_usart.o
                0x080088bc                MW_UART_TransmitUsingPolling
 .text.MW_UART_DeInit
                0x08008a40       0xaa stm_usart.o
                0x08008a40                MW_UART_DeInit
 .text.sys_arch_protect
                0x08008aea       0x22 sys_arch.o
                0x08008aea                sys_arch_protect
 .text.sys_arch_unprotect
                0x08008b0c       0x20 sys_arch.o
                0x08008b0c                sys_arch_unprotect
 .text.__NVIC_GetPriorityGrouping
                0x08008b2c       0x1c main.o
 .text.__NVIC_EnableIRQ
                0x08008b48       0x3c main.o
 .text.__NVIC_SetPriority
                0x08008b84       0x54 main.o
 .text.NVIC_EncodePriority
                0x08008bd8       0x66 main.o
 *fill*         0x08008c3e        0x2 
 .text.LL_DMA_SetDataTransferDirection
                0x08008c40       0x48 main.o
 .text.LL_DMA_SetMode
                0x08008c88       0x48 main.o
 .text.LL_DMA_SetPeriphIncMode
                0x08008cd0       0x48 main.o
 .text.LL_DMA_SetMemoryIncMode
                0x08008d18       0x48 main.o
 .text.LL_DMA_SetPeriphSize
                0x08008d60       0x48 main.o
 .text.LL_DMA_SetMemorySize
                0x08008da8       0x48 main.o
 .text.LL_DMA_SetStreamPriorityLevel
                0x08008df0       0x48 main.o
 .text.LL_DMA_SetChannelSelection
                0x08008e38       0x48 main.o
 .text.LL_DMA_DisableFifoMode
                0x08008e80       0x40 main.o
 .text.LL_RCC_HSI_Enable
                0x08008ec0       0x20 main.o
 .text.LL_RCC_HSI_IsReady
                0x08008ee0       0x24 main.o
 .text.LL_RCC_HSI_SetCalibTrimming
                0x08008f04       0x2c main.o
 .text.LL_RCC_SetSysClkSource
                0x08008f30       0x28 main.o
 .text.LL_RCC_GetSysClkSource
                0x08008f58       0x1c main.o
 .text.LL_RCC_SetAHBPrescaler
                0x08008f74       0x28 main.o
 .text.LL_RCC_SetAPB1Prescaler
                0x08008f9c       0x28 main.o
 .text.LL_RCC_SetAPB2Prescaler
                0x08008fc4       0x28 main.o
 .text.LL_RCC_SetTIMPrescaler
                0x08008fec       0x2c main.o
 .text.LL_RCC_PLL_Enable
                0x08009018       0x20 main.o
 .text.LL_RCC_PLL_IsReady
                0x08009038       0x28 main.o
 .text.LL_RCC_PLL_ConfigDomain_SYS
                0x08009060       0x5c main.o
 .text.LL_AHB1_GRP1_EnableClock
                0x080090bc       0x30 main.o
 .text.LL_APB1_GRP1_EnableClock
                0x080090ec       0x30 main.o
 .text.LL_SYSCFG_SetEXTISource
                0x0800911c       0x6c main.o
 .text.LL_FLASH_SetLatency
                0x08009188       0x28 main.o
 .text.LL_FLASH_GetLatency
                0x080091b0       0x1c main.o
 .text.LL_PWR_DisableOverDriveMode
                0x080091cc       0x20 main.o
 .text.LL_PWR_SetRegulVoltageScaling
                0x080091ec       0x28 main.o
 .text.LL_USART_Enable
                0x08009214       0x20 main.o
 .text.LL_USART_ConfigAsyncMode
                0x08009234       0x2c main.o
 .text.LL_GPIO_SetPinMode
                0x08009260       0x7a main.o
 .text.LL_GPIO_SetPinPull
                0x080092da       0x7a main.o
 .text.LL_GPIO_ResetOutputPin
                0x08009354       0x1e main.o
 *fill*         0x08009372        0x2 
 .text.SystemClock_Config
                0x08009374       0xa4 main.o
                0x08009374                SystemClock_Config
 .text.MX_USART2_UART_Init
                0x08009418      0x100 main.o
                0x08009418                MX_USART2_UART_Init
 .text.MX_DMA_Init
                0x08009518       0x30 main.o
                0x08009518                MX_DMA_Init
 .text.MX_GPIO_Init
                0x08009548       0xb0 main.o
                0x08009548                MX_GPIO_Init
 .text.HAL_TIM_PeriodElapsedCallback
                0x080095f8       0x24 main.o
                0x080095f8                HAL_TIM_PeriodElapsedCallback
 .text.Error_Handler
                0x0800961c        0xa main.o
                0x0800961c                Error_Handler
 .text.NMI_Handler
                0x08009626        0x6 stm32f4xx_it.o
                0x08009626                NMI_Handler
 .text.HardFault_Handler
                0x0800962c        0x6 stm32f4xx_it.o
                0x0800962c                HardFault_Handler
 .text.MemManage_Handler
                0x08009632        0x6 stm32f4xx_it.o
                0x08009632                MemManage_Handler
 .text.BusFault_Handler
                0x08009638        0x6 stm32f4xx_it.o
                0x08009638                BusFault_Handler
 .text.UsageFault_Handler
                0x0800963e        0x6 stm32f4xx_it.o
                0x0800963e                UsageFault_Handler
 .text.DebugMon_Handler
                0x08009644        0xe stm32f4xx_it.o
                0x08009644                DebugMon_Handler
 *fill*         0x08009652        0x2 
 .text.TIM5_IRQHandler
                0x08009654       0x14 stm32f4xx_it.o
                0x08009654                TIM5_IRQHandler
 .text.HAL_MspInit
                0x08009668       0x50 stm32f4xx_hal_msp.o
                0x08009668                HAL_MspInit
 .text.HAL_InitTick
                0x080096b8       0xb4 stm32f4xx_hal_timebase_tim.o
                0x080096b8                HAL_InitTick
 .text.HAL_TIM_Base_Init
                0x0800976c       0x9e stm32f4xx_hal_tim.o
                0x0800976c                HAL_TIM_Base_Init
 .text.HAL_TIM_Base_MspInit
                0x0800980a       0x14 stm32f4xx_hal_tim.o
                0x0800980a                HAL_TIM_Base_MspInit
 *fill*         0x0800981e        0x2 
 .text.HAL_TIM_Base_Start_IT
                0x08009820       0xe0 stm32f4xx_hal_tim.o
                0x08009820                HAL_TIM_Base_Start_IT
 .text.HAL_TIM_IRQHandler
                0x08009900      0x210 stm32f4xx_hal_tim.o
                0x08009900                HAL_TIM_IRQHandler
 .text.HAL_TIM_OC_DelayElapsedCallback
                0x08009b10       0x14 stm32f4xx_hal_tim.o
                0x08009b10                HAL_TIM_OC_DelayElapsedCallback
 .text.HAL_TIM_IC_CaptureCallback
                0x08009b24       0x14 stm32f4xx_hal_tim.o
                0x08009b24                HAL_TIM_IC_CaptureCallback
 .text.HAL_TIM_PWM_PulseFinishedCallback
                0x08009b38       0x14 stm32f4xx_hal_tim.o
                0x08009b38                HAL_TIM_PWM_PulseFinishedCallback
 .text.HAL_TIM_TriggerCallback
                0x08009b4c       0x14 stm32f4xx_hal_tim.o
                0x08009b4c                HAL_TIM_TriggerCallback
 .text.TIM_Base_SetConfig
                0x08009b60      0x140 stm32f4xx_hal_tim.o
                0x08009b60                TIM_Base_SetConfig
 .text.HAL_TIMEx_CommutCallback
                0x08009ca0       0x14 stm32f4xx_hal_tim_ex.o
                0x08009ca0                HAL_TIMEx_CommutCallback
 .text.HAL_TIMEx_BreakCallback
                0x08009cb4       0x14 stm32f4xx_hal_tim_ex.o
                0x08009cb4                HAL_TIMEx_BreakCallback
 .text.LL_GPIO_SetPinMode
                0x08009cc8       0x7a stm32f4xx_ll_gpio.o
 .text.LL_GPIO_SetPinOutputType
                0x08009d42       0x30 stm32f4xx_ll_gpio.o
 .text.LL_GPIO_SetPinSpeed
                0x08009d72       0x7a stm32f4xx_ll_gpio.o
 .text.LL_GPIO_SetPinPull
                0x08009dec       0x7a stm32f4xx_ll_gpio.o
 .text.LL_GPIO_SetAFPin_0_7
                0x08009e66       0x7a stm32f4xx_ll_gpio.o
 .text.LL_GPIO_SetAFPin_8_15
                0x08009ee0       0x7e stm32f4xx_ll_gpio.o
 .text.LL_GPIO_Init
                0x08009f5e      0x102 stm32f4xx_ll_gpio.o
                0x08009f5e                LL_GPIO_Init
 .text.LL_USART_IsEnabled
                0x0800a060       0x28 stm32f4xx_ll_usart.o
 .text.LL_USART_SetStopBitsLength
                0x0800a088       0x26 stm32f4xx_ll_usart.o
 .text.LL_USART_SetHWFlowCtrl
                0x0800a0ae       0x26 stm32f4xx_ll_usart.o
 .text.LL_USART_SetBaudRate
                0x0800a0d4      0x45c stm32f4xx_ll_usart.o
 .text.LL_USART_Init
                0x0800a530      0x100 stm32f4xx_ll_usart.o
                0x0800a530                LL_USART_Init
 .text.LL_RCC_GetSysClkSource
                0x0800a630       0x1c stm32f4xx_ll_rcc.o
 .text.LL_RCC_GetAHBPrescaler
                0x0800a64c       0x1c stm32f4xx_ll_rcc.o
 .text.LL_RCC_GetAPB1Prescaler
                0x0800a668       0x1c stm32f4xx_ll_rcc.o
 .text.LL_RCC_GetAPB2Prescaler
                0x0800a684       0x1c stm32f4xx_ll_rcc.o
 .text.LL_RCC_PLL_GetMainSource
                0x0800a6a0       0x1c stm32f4xx_ll_rcc.o
 .text.LL_RCC_PLL_GetN
                0x0800a6bc       0x1c stm32f4xx_ll_rcc.o
 .text.LL_RCC_PLL_GetP
                0x0800a6d8       0x1c stm32f4xx_ll_rcc.o
 .text.LL_RCC_PLL_GetR
                0x0800a6f4       0x1c stm32f4xx_ll_rcc.o
 .text.LL_RCC_PLL_GetDivider
                0x0800a710       0x1c stm32f4xx_ll_rcc.o
 .text.LL_RCC_GetSystemClocksFreq
                0x0800a72c       0x4a stm32f4xx_ll_rcc.o
                0x0800a72c                LL_RCC_GetSystemClocksFreq
 *fill*         0x0800a776        0x2 
 .text.RCC_GetSystemClockFreq
                0x0800a778       0x88 stm32f4xx_ll_rcc.o
                0x0800a778                RCC_GetSystemClockFreq
 .text.RCC_GetHCLKClockFreq
                0x0800a800       0x2c stm32f4xx_ll_rcc.o
                0x0800a800                RCC_GetHCLKClockFreq
 .text.RCC_GetPCLK1ClockFreq
                0x0800a82c       0x28 stm32f4xx_ll_rcc.o
                0x0800a82c                RCC_GetPCLK1ClockFreq
 .text.RCC_GetPCLK2ClockFreq
                0x0800a854       0x28 stm32f4xx_ll_rcc.o
                0x0800a854                RCC_GetPCLK2ClockFreq
 .text.RCC_PLL_GetFreqDomain_SYS
                0x0800a87c       0xa4 stm32f4xx_ll_rcc.o
                0x0800a87c                RCC_PLL_GetFreqDomain_SYS
 .text.LL_SetSystemCoreClock
                0x0800a920       0x20 stm32f4xx_ll_utils.o
                0x0800a920                LL_SetSystemCoreClock
 .text.LL_EXTI_EnableIT_0_31
                0x0800a940       0x24 stm32f4xx_ll_exti.o
 .text.LL_EXTI_DisableIT_0_31
                0x0800a964       0x28 stm32f4xx_ll_exti.o
 .text.LL_EXTI_EnableEvent_0_31
                0x0800a98c       0x24 stm32f4xx_ll_exti.o
 .text.LL_EXTI_DisableEvent_0_31
                0x0800a9b0       0x28 stm32f4xx_ll_exti.o
 .text.LL_EXTI_EnableRisingTrig_0_31
                0x0800a9d8       0x24 stm32f4xx_ll_exti.o
 .text.LL_EXTI_DisableRisingTrig_0_31
                0x0800a9fc       0x28 stm32f4xx_ll_exti.o
 .text.LL_EXTI_EnableFallingTrig_0_31
                0x0800aa24       0x24 stm32f4xx_ll_exti.o
 .text.LL_EXTI_DisableFallingTrig_0_31
                0x0800aa48       0x28 stm32f4xx_ll_exti.o
 .text.LL_EXTI_Init
                0x0800aa70       0xfe stm32f4xx_ll_exti.o
                0x0800aa70                LL_EXTI_Init
 *fill*         0x0800ab6e        0x2 
 .text.HAL_RCC_GetHCLKFreq
                0x0800ab70       0x18 stm32f4xx_hal_rcc.o
                0x0800ab70                HAL_RCC_GetHCLKFreq
 .text.HAL_RCC_GetPCLK1Freq
                0x0800ab88       0x28 stm32f4xx_hal_rcc.o
                0x0800ab88                HAL_RCC_GetPCLK1Freq
 .text.HAL_RCC_GetClockConfig
                0x0800abb0       0x64 stm32f4xx_hal_rcc.o
                0x0800abb0                HAL_RCC_GetClockConfig
 .text.__NVIC_SetPriorityGrouping
                0x0800ac14       0x48 stm32f4xx_hal_cortex.o
 .text.__NVIC_GetPriorityGrouping
                0x0800ac5c       0x1c stm32f4xx_hal_cortex.o
 .text.__NVIC_EnableIRQ
                0x0800ac78       0x3c stm32f4xx_hal_cortex.o
 .text.__NVIC_SetPriority
                0x0800acb4       0x54 stm32f4xx_hal_cortex.o
 .text.NVIC_EncodePriority
                0x0800ad08       0x66 stm32f4xx_hal_cortex.o
 .text.HAL_NVIC_SetPriorityGrouping
                0x0800ad6e       0x16 stm32f4xx_hal_cortex.o
                0x0800ad6e                HAL_NVIC_SetPriorityGrouping
 .text.HAL_NVIC_SetPriority
                0x0800ad84       0x38 stm32f4xx_hal_cortex.o
                0x0800ad84                HAL_NVIC_SetPriority
 .text.HAL_NVIC_EnableIRQ
                0x0800adbc       0x1c stm32f4xx_hal_cortex.o
                0x0800adbc                HAL_NVIC_EnableIRQ
 .text.HAL_Init
                0x0800add8       0x44 stm32f4xx_hal.o
                0x0800add8                HAL_Init
 .text.HAL_IncTick
                0x0800ae1c       0x28 stm32f4xx_hal.o
                0x0800ae1c                HAL_IncTick
 .text.HAL_GetTick
                0x0800ae44       0x18 stm32f4xx_hal.o
                0x0800ae44                HAL_GetTick
 .text.SystemInit
                0x0800ae5c       0x24 system_stm32f4xx.o
                0x0800ae5c                SystemInit
 .text.Reset_Handler
                0x0800ae80       0x50 startup_stm32f446retx.o
                0x0800ae80                Reset_Handler
 .text.Default_Handler
                0x0800aed0        0x2 startup_stm32f446retx.o
                0x0800aed0                RTC_Alarm_IRQHandler
                0x0800aed0                EXTI2_IRQHandler
                0x0800aed0                TIM8_CC_IRQHandler
                0x0800aed0                FMPI2C1_EV_IRQHandler
                0x0800aed0                SPI4_IRQHandler
                0x0800aed0                TIM1_CC_IRQHandler
                0x0800aed0                DMA2_Stream5_IRQHandler
                0x0800aed0                PVD_IRQHandler
                0x0800aed0                SDIO_IRQHandler
                0x0800aed0                TAMP_STAMP_IRQHandler
                0x0800aed0                CAN2_RX1_IRQHandler
                0x0800aed0                EXTI3_IRQHandler
                0x0800aed0                TIM8_TRG_COM_TIM14_IRQHandler
                0x0800aed0                TIM1_UP_TIM10_IRQHandler
                0x0800aed0                TIM8_UP_TIM13_IRQHandler
                0x0800aed0                I2C3_ER_IRQHandler
                0x0800aed0                EXTI0_IRQHandler
                0x0800aed0                I2C2_EV_IRQHandler
                0x0800aed0                DMA1_Stream2_IRQHandler
                0x0800aed0                CAN1_RX0_IRQHandler
                0x0800aed0                FPU_IRQHandler
                0x0800aed0                OTG_HS_WKUP_IRQHandler
                0x0800aed0                CAN2_SCE_IRQHandler
                0x0800aed0                DMA2_Stream2_IRQHandler
                0x0800aed0                SPI1_IRQHandler
                0x0800aed0                TIM6_DAC_IRQHandler
                0x0800aed0                TIM1_BRK_TIM9_IRQHandler
                0x0800aed0                DCMI_IRQHandler
                0x0800aed0                CAN2_RX0_IRQHandler
                0x0800aed0                DMA2_Stream3_IRQHandler
                0x0800aed0                SAI2_IRQHandler
                0x0800aed0                USART6_IRQHandler
                0x0800aed0                USART3_IRQHandler
                0x0800aed0                CAN1_RX1_IRQHandler
                0x0800aed0                UART5_IRQHandler
                0x0800aed0                DMA2_Stream0_IRQHandler
                0x0800aed0                TIM4_IRQHandler
                0x0800aed0                QUADSPI_IRQHandler
                0x0800aed0                I2C1_EV_IRQHandler
                0x0800aed0                DMA1_Stream6_IRQHandler
                0x0800aed0                DMA1_Stream1_IRQHandler
                0x0800aed0                UART4_IRQHandler
                0x0800aed0                TIM3_IRQHandler
                0x0800aed0                RCC_IRQHandler
                0x0800aed0                TIM8_BRK_TIM12_IRQHandler
                0x0800aed0                Default_Handler
                0x0800aed0                CEC_IRQHandler
                0x0800aed0                EXTI15_10_IRQHandler
                0x0800aed0                ADC_IRQHandler
                0x0800aed0                DMA1_Stream7_IRQHandler
                0x0800aed0                TIM7_IRQHandler
                0x0800aed0                CAN2_TX_IRQHandler
                0x0800aed0                DMA2_Stream7_IRQHandler
                0x0800aed0                I2C3_EV_IRQHandler
                0x0800aed0                EXTI9_5_IRQHandler
                0x0800aed0                RTC_WKUP_IRQHandler
                0x0800aed0                SPDIF_RX_IRQHandler
                0x0800aed0                SPI2_IRQHandler
                0x0800aed0                OTG_HS_EP1_IN_IRQHandler
                0x0800aed0                DMA1_Stream0_IRQHandler
                0x0800aed0                CAN1_TX_IRQHandler
                0x0800aed0                FMPI2C1_ER_IRQHandler
                0x0800aed0                EXTI4_IRQHandler
                0x0800aed0                OTG_HS_EP1_OUT_IRQHandler
                0x0800aed0                WWDG_IRQHandler
                0x0800aed0                TIM2_IRQHandler
                0x0800aed0                OTG_FS_WKUP_IRQHandler
                0x0800aed0                TIM1_TRG_COM_TIM11_IRQHandler
                0x0800aed0                OTG_HS_IRQHandler
                0x0800aed0                EXTI1_IRQHandler
                0x0800aed0                I2C2_ER_IRQHandler
                0x0800aed0                DMA2_Stream1_IRQHandler
                0x0800aed0                CAN1_SCE_IRQHandler
                0x0800aed0                FLASH_IRQHandler
                0x0800aed0                DMA2_Stream4_IRQHandler
                0x0800aed0                USART1_IRQHandler
                0x0800aed0                OTG_FS_IRQHandler
                0x0800aed0                SPI3_IRQHandler
                0x0800aed0                DMA1_Stream4_IRQHandler
                0x0800aed0                I2C1_ER_IRQHandler
                0x0800aed0                FMC_IRQHandler
                0x0800aed0                DMA2_Stream6_IRQHandler
                0x0800aed0                SAI1_IRQHandler
                0x0800aed0                DMA1_Stream3_IRQHandler
 *fill*         0x0800aed2        0x2 
 .text.fmod     0x0800aed4       0x6c c:/programdata/matlab/supportpackages/r2024a/3p.instrset/gnuarm-armcortex.instrset/win/bin/../lib/gcc/arm-none-eabi/11.3.1/thumb/v7e-m+fp/hard\libm.a(libm_a-w_fmod.o)
                0x0800aed4                fmod
 .text.__ieee754_fmod
                0x0800af40      0x27c c:/programdata/matlab/supportpackages/r2024a/3p.instrset/gnuarm-armcortex.instrset/win/bin/../lib/gcc/arm-none-eabi/11.3.1/thumb/v7e-m+fp/hard\libm.a(libm_a-e_fmod.o)
                0x0800af40                __ieee754_fmod
 .text.__udivmoddi4
                0x0800b1bc      0x2c8 c:/programdata/matlab/supportpackages/r2024a/3p.instrset/gnuarm-armcortex.instrset/win/bin/../lib/gcc/arm-none-eabi/11.3.1/thumb/v7e-m+fp/hard\libgcc.a(_udivmoddi4.o)
                0x0800b1bc                __udivmoddi4
 .text.memset   0x0800b484       0x10 c:/programdata/matlab/supportpackages/r2024a/3p.instrset/gnuarm-armcortex.instrset/win/bin/../lib/gcc/arm-none-eabi/11.3.1/thumb/v7e-m+fp/hard\libg_nano.a(libc_a-memset.o)
                0x0800b484                memset
 .text.__errno  0x0800b494        0xc c:/programdata/matlab/supportpackages/r2024a/3p.instrset/gnuarm-armcortex.instrset/win/bin/../lib/gcc/arm-none-eabi/11.3.1/thumb/v7e-m+fp/hard\libg_nano.a(libc_a-errno.o)
                0x0800b494                __errno
 .text.__libc_init_array
                0x0800b4a0       0x48 c:/programdata/matlab/supportpackages/r2024a/3p.instrset/gnuarm-armcortex.instrset/win/bin/../lib/gcc/arm-none-eabi/11.3.1/thumb/v7e-m+fp/hard\libg_nano.a(libc_a-init.o)
                0x0800b4a0                __libc_init_array
 .text.memcpy   0x0800b4e8       0x1c c:/programdata/matlab/supportpackages/r2024a/3p.instrset/gnuarm-armcortex.instrset/win/bin/../lib/gcc/arm-none-eabi/11.3.1/thumb/v7e-m+fp/hard\libg_nano.a(libc_a-memcpy-stub.o)
                0x0800b4e8                memcpy
 *(.glue_7)
 .glue_7        0x0800b504        0x0 linker stubs
 *(.glue_7t)
 .glue_7t       0x0800b504        0x0 linker stubs
 *(.eh_frame)
 .eh_frame      0x0800b504        0x0 c:/programdata/matlab/supportpackages/r2024a/3p.instrset/gnuarm-armcortex.instrset/win/bin/../lib/gcc/arm-none-eabi/11.3.1/thumb/v7e-m+fp/hard/crtbegin.o
 *(.init)
 .init          0x0800b504        0x4 c:/programdata/matlab/supportpackages/r2024a/3p.instrset/gnuarm-armcortex.instrset/win/bin/../lib/gcc/arm-none-eabi/11.3.1/thumb/v7e-m+fp/hard/crti.o
                0x0800b504                _init
 .init          0x0800b508        0x8 c:/programdata/matlab/supportpackages/r2024a/3p.instrset/gnuarm-armcortex.instrset/win/bin/../lib/gcc/arm-none-eabi/11.3.1/thumb/v7e-m+fp/hard/crtn.o
 *(.fini)
 .fini          0x0800b510        0x4 c:/programdata/matlab/supportpackages/r2024a/3p.instrset/gnuarm-armcortex.instrset/win/bin/../lib/gcc/arm-none-eabi/11.3.1/thumb/v7e-m+fp/hard/crti.o
                0x0800b510                _fini
 .fini          0x0800b514        0x8 c:/programdata/matlab/supportpackages/r2024a/3p.instrset/gnuarm-armcortex.instrset/win/bin/../lib/gcc/arm-none-eabi/11.3.1/thumb/v7e-m+fp/hard/crtn.o
                0x0800b51c                . = ALIGN (0x4)
                0x0800b51c                _etext = .

.vfp11_veneer   0x0800b51c        0x0
 .vfp11_veneer  0x0800b51c        0x0 linker stubs

.v4_bx          0x0800b51c        0x0
 .v4_bx         0x0800b51c        0x0 linker stubs

.iplt           0x0800b51c        0x0
 .iplt          0x0800b51c        0x0 c:/programdata/matlab/supportpackages/r2024a/3p.instrset/gnuarm-armcortex.instrset/win/bin/../lib/gcc/arm-none-eabi/11.3.1/thumb/v7e-m+fp/hard/crtbegin.o

.rodata         0x0800b520     0x29d0
                0x0800b520                . = ALIGN (0x4)
 *(.rodata)
 .rodata        0x0800b520      0x2b9 xcp_ext_mode.o
 *fill*         0x0800b7d9        0x3 
 .rodata        0x0800b7dc      0x12e xcp_ext_common.o
 *fill*         0x0800b90a        0x2 
 .rodata        0x0800b90c       0x4c xcp_ext_classic_trigger.o
 .rodata        0x0800b958      0x278 xcp.o
 .rodata        0x0800bbd0      0x3a9 xcp_standard.o
 *fill*         0x0800bf79        0x3 
 .rodata        0x0800bf7c     0x1010 xcp_daq.o
 .rodata        0x0800cf8c       0xdd xcp_calibration.o
 *fill*         0x0800d069        0x3 
 .rodata        0x0800d06c      0x56e xcp_transport.o
 *fill*         0x0800d5da        0x2 
 .rodata        0x0800d5dc       0xf5 xcp_mem_default.o
 *fill*         0x0800d6d1        0x3 
 .rodata        0x0800d6d4      0x228 xcp_drv_rtiostream.o
 .rodata        0x0800d8fc      0x4aa xcp_frame_serial.o
 *(.rodata*)
 *fill*         0x0800dda6        0x2 
 .rodata.BlinkLED_M
                0x0800dda8        0x4 BlinkLED.o
                0x0800dda8                BlinkLED_M
 .rodata.rtAlwaysEnabled.0
                0x0800ddac        0x1 BlinkLED.o
 *fill*         0x0800ddad        0x3 
 .rodata.standardSupportedRxPacket
                0x0800ddb0       0x54 xcp_standard.o
 .rodata.daqSupportedRxPacket
                0x0800de04       0x9c xcp_daq.o
 .rodata.calibrationSupportedRxPacket
                0x0800dea0       0x18 xcp_calibration.o
 .rodata.STREAM_OFFSET_TAB
                0x0800deb8        0x8 stm_usart.o
 .rodata.STREAM_OFFSET_TAB
                0x0800dec0        0x8 main.o
 .rodata.AHBPrescTable
                0x0800dec8       0x10 system_stm32f4xx.o
                0x0800dec8                AHBPrescTable
 .rodata.APBPrescTable
                0x0800ded8        0x8 system_stm32f4xx.o
                0x0800ded8                APBPrescTable
 .rodata.Zero   0x0800dee0       0x10 c:/programdata/matlab/supportpackages/r2024a/3p.instrset/gnuarm-armcortex.instrset/win/bin/../lib/gcc/arm-none-eabi/11.3.1/thumb/v7e-m+fp/hard\libm.a(libm_a-e_fmod.o)
                0x0800def0                . = ALIGN (0x4)

.ARM.extab      0x0800def0        0x0
                0x0800def0                . = ALIGN (0x4)
 *(.ARM.extab* .gnu.linkonce.armextab.*)
                0x0800def0                . = ALIGN (0x4)

.ARM            0x0800def0        0x8
                0x0800def0                . = ALIGN (0x4)
                0x0800def0                __exidx_start = .
 *(.ARM.exidx*)
 .ARM.exidx.text.__udivmoddi4
                0x0800def0        0x8 c:/programdata/matlab/supportpackages/r2024a/3p.instrset/gnuarm-armcortex.instrset/win/bin/../lib/gcc/arm-none-eabi/11.3.1/thumb/v7e-m+fp/hard\libgcc.a(_udivmoddi4.o)
                0x0800def8                __exidx_end = .
                0x0800def8                . = ALIGN (0x4)

.preinit_array  0x0800def8        0x0
                0x0800def8                . = ALIGN (0x4)
                0x0800def8                PROVIDE (__preinit_array_start = .)
 *(.preinit_array*)
                0x0800def8                PROVIDE (__preinit_array_end = .)
                0x0800def8                . = ALIGN (0x4)

.init_array     0x0800def8        0x4
                0x0800def8                . = ALIGN (0x4)
                0x0800def8                PROVIDE (__init_array_start = .)
 *(SORT_BY_NAME(.init_array.*))
 *(.init_array*)
 .init_array    0x0800def8        0x4 c:/programdata/matlab/supportpackages/r2024a/3p.instrset/gnuarm-armcortex.instrset/win/bin/../lib/gcc/arm-none-eabi/11.3.1/thumb/v7e-m+fp/hard/crtbegin.o
                0x0800defc                PROVIDE (__init_array_end = .)
                0x0800defc                . = ALIGN (0x4)

.fini_array     0x0800defc        0x4
                0x0800defc                . = ALIGN (0x4)
                [!provide]                PROVIDE (__fini_array_start = .)
 *(SORT_BY_NAME(.fini_array.*))
 *(.fini_array*)
 .fini_array    0x0800defc        0x4 c:/programdata/matlab/supportpackages/r2024a/3p.instrset/gnuarm-armcortex.instrset/win/bin/../lib/gcc/arm-none-eabi/11.3.1/thumb/v7e-m+fp/hard/crtbegin.o
                [!provide]                PROVIDE (__fini_array_end = .)
                0x0800df00                . = ALIGN (0x4)
                0x0800df00                _sidata = LOADADDR (.data)

.rel.dyn        0x0800df00        0x0
 .rel.iplt      0x0800df00        0x0 c:/programdata/matlab/supportpackages/r2024a/3p.instrset/gnuarm-armcortex.instrset/win/bin/../lib/gcc/arm-none-eabi/11.3.1/thumb/v7e-m+fp/hard/crtbegin.o

.data           0x20000000      0x100 load address 0x0800df00
                0x20000000                . = ALIGN (0x4)
                0x20000000                _sdata = .
 *(.data)
 *(.data*)
 .data.BlinkLED_P
                0x20000000       0x20 BlinkLED_data.o
                0x20000000                BlinkLED_P
 .data.xcpExtmodeFinalSimulationTime
                0x20000020        0x8 xcp_ext_common.o
                0x20000020                xcpExtmodeFinalSimulationTime
 .data.xcpClassicTriggerDuration
                0x20000028        0x4 xcp_ext_classic_trigger.o
                0x20000028                xcpClassicTriggerDuration
 .data.xcpClassicTriggerArmRequest
                0x2000002c        0x1 xcp_ext_classic_trigger.o
                0x2000002c                xcpClassicTriggerArmRequest
 *fill*         0x2000002d        0x3 
 .data.startStopDaqListId
                0x20000030        0x4 xcp_daq.o
 .data.xcpCurrentDaq
                0x20000034        0x4 xcp_daq.o
 .data.xcpEventCustomMemoryManager
                0x20000038        0xc xcp_daq.o
 .data.xcpCtoReservedMemPoolId
                0x20000044        0x4 xcp_transport.o
 .data.xcpMemMainBlockSizes
                0x20000048        0xc xcp_mem_default.o
 .data.xcpMemMainBlocksNumber
                0x20000054        0xc xcp_mem_default.o
 .data.drvID    0x20000060        0x4 xcp_drv_rtiostream.o
 .data.xcpCtoReservedMemPoolId
                0x20000064        0x4 xcp_frame_serial.o
 .data.uartObj  0x20000068       0x40 rtiostream_serial.o
                0x20000068                uartObj
 .data.uwTickFreq
                0x200000a8        0x1 stm32f4xx_hal.o
                0x200000a8                uwTickFreq
 *fill*         0x200000a9        0x3 
 .data.SystemCoreClock
                0x200000ac        0x4 system_stm32f4xx.o
                0x200000ac                SystemCoreClock
 .data._impure_data
                0x200000b0       0x4c c:/programdata/matlab/supportpackages/r2024a/3p.instrset/gnuarm-armcortex.instrset/win/bin/../lib/gcc/arm-none-eabi/11.3.1/thumb/v7e-m+fp/hard\libg_nano.a(libc_a-impure.o)
                0x200000b0                _impure_data
 .data._impure_ptr
                0x200000fc        0x4 c:/programdata/matlab/supportpackages/r2024a/3p.instrset/gnuarm-armcortex.instrset/win/bin/../lib/gcc/arm-none-eabi/11.3.1/thumb/v7e-m+fp/hard\libg_nano.a(libc_a-impure.o)
                0x200000fc                _impure_ptr
 *(.RamFunc)
 *(.RamFunc*)
                0x20000100                . = ALIGN (0x4)
                0x20000100                _edata = .

.tm_clone_table
                0x20000100        0x0 load address 0x0800e000
 .tm_clone_table
                0x20000100        0x0 c:/programdata/matlab/supportpackages/r2024a/3p.instrset/gnuarm-armcortex.instrset/win/bin/../lib/gcc/arm-none-eabi/11.3.1/thumb/v7e-m+fp/hard/crtbegin.o
 .tm_clone_table
                0x20000100        0x0 c:/programdata/matlab/supportpackages/r2024a/3p.instrset/gnuarm-armcortex.instrset/win/bin/../lib/gcc/arm-none-eabi/11.3.1/thumb/v7e-m+fp/hard/crtend.o

.igot.plt       0x20000100        0x0 load address 0x0800e000
 .igot.plt      0x20000100        0x0 c:/programdata/matlab/supportpackages/r2024a/3p.instrset/gnuarm-armcortex.instrset/win/bin/../lib/gcc/arm-none-eabi/11.3.1/thumb/v7e-m+fp/hard/crtbegin.o
                0x20000100                . = ALIGN (0x4)

.bss            0x20000100     0x1060 load address 0x0800e000
                0x20000100                _sbss = .
                0x20000100                __bss_start__ = _sbss
 *(.bss)
 *(.bss*)
 .bss.completed.1
                0x20000100        0x1 c:/programdata/matlab/supportpackages/r2024a/3p.instrset/gnuarm-armcortex.instrset/win/bin/../lib/gcc/arm-none-eabi/11.3.1/thumb/v7e-m+fp/hard/crtbegin.o
 *fill*         0x20000101        0x3 
 .bss.object.0  0x20000104       0x18 c:/programdata/matlab/supportpackages/r2024a/3p.instrset/gnuarm-armcortex.instrset/win/bin/../lib/gcc/arm-none-eabi/11.3.1/thumb/v7e-m+fp/hard/crtbegin.o
 .bss.xcpCustomTriggerFunction
                0x2000011c        0x8 xcp_ext_mode.o
 *fill*         0x20000124        0x4 
 .bss.BlinkLED_B
                0x20000128        0x8 BlinkLED.o
                0x20000128                BlinkLED_B
 .bss.BlinkLED_DW
                0x20000130        0x4 BlinkLED.o
                0x20000130                BlinkLED_DW
 *fill*         0x20000134        0x4 
 .bss.BlinkLED_M_
                0x20000138       0x48 BlinkLED.o
 .bss.rt_ExtModeInfo.2
                0x20000180       0x14 BlinkLED.o
 .bss.systemRan.1
                0x20000194        0x8 BlinkLED.o
 .bss.IsrOverrun
                0x2000019c        0x4 ert_main.o
                0x2000019c                IsrOverrun
 .bss.OverrunFlag
                0x200001a0        0x1 ert_main.o
 .bss.stopRequested
                0x200001a1        0x1 ert_main.o
                0x200001a1                stopRequested
 .bss.runModel  0x200001a2        0x1 ert_main.o
                0x200001a2                runModel
 .bss.xcpModelStartRequest
                0x200001a3        0x1 xcp_ext_common.o
                0x200001a3                xcpModelStartRequest
 .bss.xcpModelStopRequest
                0x200001a4        0x1 xcp_ext_common.o
                0x200001a4                xcpModelStopRequest
 .bss.xcpModelStatus
                0x200001a5        0x1 xcp_ext_common.o
                0x200001a5                xcpModelStatus
 *fill*         0x200001a6        0x2 
 .bss.xcpModelChecksum0
                0x200001a8        0x4 xcp_ext_common.o
                0x200001a8                xcpModelChecksum0
 .bss.xcpModelChecksum1
                0x200001ac        0x4 xcp_ext_common.o
                0x200001ac                xcpModelChecksum1
 .bss.xcpModelChecksum2
                0x200001b0        0x4 xcp_ext_common.o
                0x200001b0                xcpModelChecksum2
 .bss.xcpModelChecksum3
                0x200001b4        0x4 xcp_ext_common.o
                0x200001b4                xcpModelChecksum3
 .bss.xcpModelIntegerCode
                0x200001b8        0x4 xcp_ext_common.o
                0x200001b8                xcpModelIntegerCode
 .bss.xcpExtmodeSimulationComplete
                0x200001bc        0x1 xcp_ext_common.o
                0x200001bc                xcpExtmodeSimulationComplete
 *fill*         0x200001bd        0x3 
 .bss.xcpDummyDoubleVariable
                0x200001c0        0x8 xcp_ext_common.o
                0x200001c0                xcpDummyDoubleVariable
 .bss.xcpCurrentSimulationTimeInMs
                0x200001c8        0x8 xcp_ext_common.o
                0x200001c8                xcpCurrentSimulationTimeInMs
 .bss.xcpBaseRateSimulationTime
                0x200001d0        0x8 xcp_ext_common.o
 .bss.xcpClassicTriggerEventId
                0x200001d8        0x2 xcp_ext_classic_trigger.o
                0x200001d8                xcpClassicTriggerEventId
 *fill*         0x200001da        0x2 
 .bss.xcpClassicTriggerSignalAddress
                0x200001dc        0x4 xcp_ext_classic_trigger.o
                0x200001dc                xcpClassicTriggerSignalAddress
 .bss.xcpClassicTriggerSignalAddressExtension
                0x200001e0        0x1 xcp_ext_classic_trigger.o
                0x200001e0                xcpClassicTriggerSignalAddressExtension
 *fill*         0x200001e1        0x7 
 .bss.xcpClassicTriggerLevel
                0x200001e8        0x8 xcp_ext_classic_trigger.o
                0x200001e8                xcpClassicTriggerLevel
 .bss.xcpClassicTriggerHoldOff
                0x200001f0        0x4 xcp_ext_classic_trigger.o
                0x200001f0                xcpClassicTriggerHoldOff
 .bss.xcpClassicTriggerDelay
                0x200001f4        0x4 xcp_ext_classic_trigger.o
                0x200001f4                xcpClassicTriggerDelay
 .bss.xcpClassicTriggerDirection
                0x200001f8        0x1 xcp_ext_classic_trigger.o
                0x200001f8                xcpClassicTriggerDirection
 .bss.xcpClassicTriggerCancelRequest
                0x200001f9        0x1 xcp_ext_classic_trigger.o
                0x200001f9                xcpClassicTriggerCancelRequest
 .bss.xcpClassicTriggerSource
                0x200001fa        0x1 xcp_ext_classic_trigger.o
                0x200001fa                xcpClassicTriggerSource
 .bss.xcpClassicTriggerMode
                0x200001fb        0x1 xcp_ext_classic_trigger.o
                0x200001fb                xcpClassicTriggerMode
 .bss.xcpClassicTriggerStatus
                0x200001fc        0x1 xcp_ext_classic_trigger.o
                0x200001fc                xcpClassicTriggerStatus
 *fill*         0x200001fd        0x3 
 .bss.xcpOldSignalValue
                0x20000200        0x8 xcp_ext_classic_trigger.o
 .bss.xcpOldSignalValueAvailable
                0x20000208        0x1 xcp_ext_classic_trigger.o
 .bss.xcpOldClassicTriggerSource
                0x20000209        0x1 xcp_ext_classic_trigger.o
 .bss.xcpTriggerEnabled
                0x2000020a        0x1 xcp_ext_classic_trigger.o
 .bss.xcpSignalTriggerFired
                0x2000020b        0x1 xcp_ext_classic_trigger.o
 .bss.xcpTriggerCount
                0x2000020c        0x4 xcp_ext_classic_trigger.o
 .bss.xcpForcedTriggerEnabled
                0x20000210        0x1 xcp_ext_classic_trigger.o
 .bss.xcpForceTriggerEnableRequest
                0x20000211        0x1 xcp_ext_classic_trigger.o
 .bss.initialized
                0x20000212        0x1 xcp.o
 .bss.xcpStatus
                0x20000213        0x1 xcp.o
 .bss.xcpSessionStatus
                0x20000214        0x1 xcp.o
 .bss.xcpResourceProtectionStatus
                0x20000215        0x1 xcp.o
 .bss.xcpSessionConfigurationId
                0x20000216        0x2 xcp.o
 .bss.groupPacketLookup
                0x20000218       0x10 xcp.o
 .bss.xcpMta    0x20000228        0x8 xcp_standard.o
 .bss.xcpUploadSize
                0x20000230        0x1 xcp_standard.o
 *fill*         0x20000231        0x3 
 .bss.packetLookup
                0x20000234        0x4 xcp_standard.o
 .bss.xcpDynamicDaqLists
                0x20000238        0x8 xcp_daq.o
 .bss.xcpRunningEventCounter
                0x20000240        0x4 xcp_daq.o
 .bss.daqLock   0x20000244        0x4 xcp_daq.o
 .bss.packetLookup
                0x20000248        0x4 xcp_daq.o
 .bss.packetLookup
                0x2000024c        0x4 xcp_calibration.o
 .bss.txFifo    0x20000250       0x10 xcp_transport.o
 .bss.txLock    0x20000260        0x4 xcp_transport.o
 .bss.rxFifo    0x20000264        0x8 xcp_transport.o
 .bss.rxLock    0x2000026c        0x4 xcp_transport.o
 .bss.initialized
                0x20000270        0x1 xcp_transport.o
 *fill*         0x20000271        0x3 
 .bss.xcpMemPoolDescriptors
                0x20000274       0xc0 xcp_mem_default.o
 .bss.xcpMemCustomPoolDescriptors
                0x20000334        0x8 xcp_mem_default.o
 .bss.xcpMemMainChunk
                0x2000033c      0x3a7 xcp_mem_default.o
 *fill*         0x200006e3        0x1 
 .bss.xcpMemReservedPoolsChunk
                0x200006e4      0x481 xcp_mem_default.o
 *fill*         0x20000b65        0x3 
 .bss.xcpMemReservedPoolsChunkUsedBytes
                0x20000b68        0x4 xcp_mem_default.o
 .bss.xcpMemLock
                0x20000b6c        0x4 xcp_mem_default.o
 .bss.forceBlocking
                0x20000b70        0x1 xcp_drv_rtiostream.o
 *fill*         0x20000b71        0x1 
 .bss.txCounter
                0x20000b72        0x2 xcp_frame_serial.o
 .bss.rxCounter
                0x20000b74        0x2 xcp_frame_serial.o
 *fill*         0x20000b76        0x2 
 .bss.firstRxCounterReceived
                0x20000b78        0x4 xcp_frame_serial.o
 .bss.initialized
                0x20000b7c        0x1 xcp_frame_serial.o
 *fill*         0x20000b7d        0x3 
 .bss.timestampInitialized
                0x20000b80        0x4 platform_timer.o
 .bss.timestampStartTime
                0x20000b84        0x4 platform_timer.o
 .bss.schdl_counter
                0x20000b88        0x4 SysTickScheduler.o
                0x20000b88                schdl_counter
 .bss.schdl_counter_max
                0x20000b8c        0x4 SysTickScheduler.o
                0x20000b8c                schdl_counter_max
 .bss.taskToSchedule
                0x20000b90        0x4 m3m4m4f_multitasking.o
                0x20000b90                taskToSchedule
 .bss.mw_ext_h  0x20000b94        0x4 rtiostream_serial.o
                0x20000b94                mw_ext_h
 .bss.UARTRxBuffer
                0x20000b98        0x4 rtiostream_serial.o
                0x20000b98                UARTRxBuffer
 .bss.mw_usart2
                0x20000b9c       0x40 stm_usart.o
                0x20000b9c                mw_usart2
 .bss.USART2ReceiveBuffer
                0x20000bdc      0x400 stm_usart.o
                0x20000bdc                USART2ReceiveBuffer
 .bss.htim5     0x20000fdc       0x48 stm32f4xx_hal_timebase_tim.o
                0x20000fdc                htim5
 .bss.uwTick    0x20001024        0x4 stm32f4xx_hal.o
                0x20001024                uwTick
 .bss.__sf      0x20001028      0x138 c:/programdata/matlab/supportpackages/r2024a/3p.instrset/gnuarm-armcortex.instrset/win/bin/../lib/gcc/arm-none-eabi/11.3.1/thumb/v7e-m+fp/hard\libg_nano.a(libc_a-findfp.o)
                0x20001028                __sf
 *(COMMON)
                0x20001160                . = ALIGN (0x4)
                0x20001160                _ebss = .
                0x20001160                __bss_end__ = _ebss

._user_heap_stack
                0x20001160      0x600 load address 0x0800e000
                0x20001160                . = ALIGN (0x8)
                [!provide]                PROVIDE (end = .)
                0x20001160                PROVIDE (_end = .)
                0x20001360                . = (. + _Min_Heap_Size)
 *fill*         0x20001160      0x200 
                0x20001760                . = (. + _Min_Stack_Size)
 *fill*         0x20001360      0x400 
                0x20001760                . = ALIGN (0x8)

/DISCARD/
 libc.a(*)
 libm.a(*)
 libgcc.a(*)

.ARM.attributes
                0x00000000       0x30
 *(.ARM.attributes)
 .ARM.attributes
                0x00000000       0x1e c:/programdata/matlab/supportpackages/r2024a/3p.instrset/gnuarm-armcortex.instrset/win/bin/../lib/gcc/arm-none-eabi/11.3.1/thumb/v7e-m+fp/hard/crti.o
 .ARM.attributes
                0x0000001e       0x34 c:/programdata/matlab/supportpackages/r2024a/3p.instrset/gnuarm-armcortex.instrset/win/bin/../lib/gcc/arm-none-eabi/11.3.1/thumb/v7e-m+fp/hard/crtbegin.o
 .ARM.attributes
                0x00000052       0x34 xcp_ext_mode.o
 .ARM.attributes
                0x00000086       0x34 BlinkLED.o
 .ARM.attributes
                0x000000ba       0x34 BlinkLED_data.o
 .ARM.attributes
                0x000000ee       0x34 ert_main.o
 .ARM.attributes
                0x00000122       0x34 xcp_ext_common.o
 .ARM.attributes
                0x00000156       0x34 xcp_ext_classic_trigger.o
 .ARM.attributes
                0x0000018a       0x34 xcp.o
 .ARM.attributes
                0x000001be       0x34 xcp_standard.o
 .ARM.attributes
                0x000001f2       0x34 xcp_daq.o
 .ARM.attributes
                0x00000226       0x34 xcp_calibration.o
 .ARM.attributes
                0x0000025a       0x34 xcp_fifo.o
 .ARM.attributes
                0x0000028e       0x34 xcp_transport.o
 .ARM.attributes
                0x000002c2       0x34 xcp_mem_default.o
 .ARM.attributes
                0x000002f6       0x34 xcp_drv_rtiostream.o
 .ARM.attributes
                0x0000032a       0x34 xcp_utils.o
 .ARM.attributes
                0x0000035e       0x34 xcp_frame_serial.o
 .ARM.attributes
                0x00000392       0x34 xcp_ext_param_default_serial.o
 .ARM.attributes
                0x000003c6       0x34 overrideHALDelay.o
 .ARM.attributes
                0x000003fa       0x34 platform_timer.o
 .ARM.attributes
                0x0000042e       0x34 SysTickScheduler.o
 .ARM.attributes
                0x00000462       0x34 m3m4m4f_multitasking.o
 .ARM.attributes
                0x00000496       0x34 rtiostream_serial.o
 .ARM.attributes
                0x000004ca       0x34 stm_usart.o
 .ARM.attributes
                0x000004fe       0x34 sys_arch.o
 .ARM.attributes
                0x00000532       0x34 main.o
 .ARM.attributes
                0x00000566       0x34 stm32f4xx_it.o
 .ARM.attributes
                0x0000059a       0x34 stm32f4xx_hal_msp.o
 .ARM.attributes
                0x000005ce       0x34 stm32f4xx_hal_timebase_tim.o
 .ARM.attributes
                0x00000602       0x34 stm32f4xx_hal_tim.o
 .ARM.attributes
                0x00000636       0x34 stm32f4xx_hal_tim_ex.o
 .ARM.attributes
                0x0000066a       0x34 stm32f4xx_ll_gpio.o
 .ARM.attributes
                0x0000069e       0x34 stm32f4xx_ll_usart.o
 .ARM.attributes
                0x000006d2       0x34 stm32f4xx_ll_rcc.o
 .ARM.attributes
                0x00000706       0x34 stm32f4xx_ll_utils.o
 .ARM.attributes
                0x0000073a       0x34 stm32f4xx_ll_exti.o
 .ARM.attributes
                0x0000076e       0x34 stm32f4xx_hal_rcc.o
 .ARM.attributes
                0x000007a2       0x34 stm32f4xx_hal_cortex.o
 .ARM.attributes
                0x000007d6       0x34 stm32f4xx_hal.o
 .ARM.attributes
                0x0000080a       0x34 system_stm32f4xx.o
 .ARM.attributes
                0x0000083e       0x21 startup_stm32f446retx.o
 .ARM.attributes
                0x0000085f       0x34 c:/programdata/matlab/supportpackages/r2024a/3p.instrset/gnuarm-armcortex.instrset/win/bin/../lib/gcc/arm-none-eabi/11.3.1/thumb/v7e-m+fp/hard\libm.a(libm_a-w_fmod.o)
 .ARM.attributes
                0x00000893       0x34 c:/programdata/matlab/supportpackages/r2024a/3p.instrset/gnuarm-armcortex.instrset/win/bin/../lib/gcc/arm-none-eabi/11.3.1/thumb/v7e-m+fp/hard\libm.a(libm_a-e_fmod.o)
 .ARM.attributes
                0x000008c7       0x1e c:/programdata/matlab/supportpackages/r2024a/3p.instrset/gnuarm-armcortex.instrset/win/bin/../lib/gcc/arm-none-eabi/11.3.1/thumb/v7e-m+fp/hard\libgcc.a(_arm_addsubdf3.o)
 .ARM.attributes
                0x000008e5       0x1e c:/programdata/matlab/supportpackages/r2024a/3p.instrset/gnuarm-armcortex.instrset/win/bin/../lib/gcc/arm-none-eabi/11.3.1/thumb/v7e-m+fp/hard\libgcc.a(_arm_muldivdf3.o)
 .ARM.attributes
                0x00000903       0x1e c:/programdata/matlab/supportpackages/r2024a/3p.instrset/gnuarm-armcortex.instrset/win/bin/../lib/gcc/arm-none-eabi/11.3.1/thumb/v7e-m+fp/hard\libgcc.a(_arm_cmpdf2.o)
 .ARM.attributes
                0x00000921       0x1e c:/programdata/matlab/supportpackages/r2024a/3p.instrset/gnuarm-armcortex.instrset/win/bin/../lib/gcc/arm-none-eabi/11.3.1/thumb/v7e-m+fp/hard\libgcc.a(_arm_unorddf2.o)
 .ARM.attributes
                0x0000093f       0x1e c:/programdata/matlab/supportpackages/r2024a/3p.instrset/gnuarm-armcortex.instrset/win/bin/../lib/gcc/arm-none-eabi/11.3.1/thumb/v7e-m+fp/hard\libgcc.a(_arm_fixunsdfsi.o)
 .ARM.attributes
                0x0000095d       0x1e c:/programdata/matlab/supportpackages/r2024a/3p.instrset/gnuarm-armcortex.instrset/win/bin/../lib/gcc/arm-none-eabi/11.3.1/thumb/v7e-m+fp/hard\libgcc.a(_aeabi_uldivmod.o)
 .ARM.attributes
                0x0000097b       0x34 c:/programdata/matlab/supportpackages/r2024a/3p.instrset/gnuarm-armcortex.instrset/win/bin/../lib/gcc/arm-none-eabi/11.3.1/thumb/v7e-m+fp/hard\libgcc.a(_udivmoddi4.o)
 .ARM.attributes
                0x000009af       0x1e c:/programdata/matlab/supportpackages/r2024a/3p.instrset/gnuarm-armcortex.instrset/win/bin/../lib/gcc/arm-none-eabi/11.3.1/thumb/v7e-m+fp/hard\libgcc.a(_dvmd_tls.o)
 .ARM.attributes
                0x000009cd       0x34 c:/programdata/matlab/supportpackages/r2024a/3p.instrset/gnuarm-armcortex.instrset/win/bin/../lib/gcc/arm-none-eabi/11.3.1/thumb/v7e-m+fp/hard\libg_nano.a(libc_a-findfp.o)
 .ARM.attributes
                0x00000a01       0x34 c:/programdata/matlab/supportpackages/r2024a/3p.instrset/gnuarm-armcortex.instrset/win/bin/../lib/gcc/arm-none-eabi/11.3.1/thumb/v7e-m+fp/hard\libg_nano.a(libc_a-memset.o)
 .ARM.attributes
                0x00000a35       0x34 c:/programdata/matlab/supportpackages/r2024a/3p.instrset/gnuarm-armcortex.instrset/win/bin/../lib/gcc/arm-none-eabi/11.3.1/thumb/v7e-m+fp/hard\libg_nano.a(libc_a-impure.o)
 .ARM.attributes
                0x00000a69       0x34 c:/programdata/matlab/supportpackages/r2024a/3p.instrset/gnuarm-armcortex.instrset/win/bin/../lib/gcc/arm-none-eabi/11.3.1/thumb/v7e-m+fp/hard\libg_nano.a(libc_a-errno.o)
 .ARM.attributes
                0x00000a9d       0x34 c:/programdata/matlab/supportpackages/r2024a/3p.instrset/gnuarm-armcortex.instrset/win/bin/../lib/gcc/arm-none-eabi/11.3.1/thumb/v7e-m+fp/hard\libg_nano.a(libc_a-init.o)
 .ARM.attributes
                0x00000ad1       0x34 c:/programdata/matlab/supportpackages/r2024a/3p.instrset/gnuarm-armcortex.instrset/win/bin/../lib/gcc/arm-none-eabi/11.3.1/thumb/v7e-m+fp/hard\libg_nano.a(libc_a-memcpy-stub.o)
 .ARM.attributes
                0x00000b05       0x34 c:/programdata/matlab/supportpackages/r2024a/3p.instrset/gnuarm-armcortex.instrset/win/bin/../lib/gcc/arm-none-eabi/11.3.1/thumb/v7e-m+fp/hard/crtend.o
 .ARM.attributes
                0x00000b39       0x1e c:/programdata/matlab/supportpackages/r2024a/3p.instrset/gnuarm-armcortex.instrset/win/bin/../lib/gcc/arm-none-eabi/11.3.1/thumb/v7e-m+fp/hard/crtn.o
OUTPUT(../BlinkLED.elf elf32-littlearm)
LOAD linker stubs
LOAD c:/programdata/matlab/supportpackages/r2024a/3p.instrset/gnuarm-armcortex.instrset/win/bin/../lib/gcc/arm-none-eabi/11.3.1/thumb/v7e-m+fp/hard\libc.a
LOAD c:/programdata/matlab/supportpackages/r2024a/3p.instrset/gnuarm-armcortex.instrset/win/bin/../lib/gcc/arm-none-eabi/11.3.1/thumb/v7e-m+fp/hard\libm.a
LOAD c:/programdata/matlab/supportpackages/r2024a/3p.instrset/gnuarm-armcortex.instrset/win/bin/../lib/gcc/arm-none-eabi/11.3.1/thumb/v7e-m+fp/hard\libgcc.a

.comment        0x00000000       0x33
 .comment       0x00000000       0x33 c:/programdata/matlab/supportpackages/r2024a/3p.instrset/gnuarm-armcortex.instrset/win/bin/../lib/gcc/arm-none-eabi/11.3.1/thumb/v7e-m+fp/hard/crtbegin.o
                                 0x34 (size before relaxing)
 .comment       0x00000033       0x34 xcp_ext_mode.o
 .comment       0x00000033       0x34 BlinkLED.o
 .comment       0x00000033       0x34 BlinkLED_data.o
 .comment       0x00000033       0x34 ert_main.o
 .comment       0x00000033       0x34 xcp_ext_common.o
 .comment       0x00000033       0x34 xcp_ext_classic_trigger.o
 .comment       0x00000033       0x34 xcp.o
 .comment       0x00000033       0x34 xcp_standard.o
 .comment       0x00000033       0x34 xcp_daq.o
 .comment       0x00000033       0x34 xcp_calibration.o
 .comment       0x00000033       0x34 xcp_fifo.o
 .comment       0x00000033       0x34 xcp_transport.o
 .comment       0x00000033       0x34 xcp_mem_default.o
 .comment       0x00000033       0x34 xcp_drv_rtiostream.o
 .comment       0x00000033       0x34 xcp_utils.o
 .comment       0x00000033       0x34 xcp_frame_serial.o
 .comment       0x00000033       0x34 xcp_ext_param_default_serial.o
 .comment       0x00000033       0x34 overrideHALDelay.o
 .comment       0x00000033       0x34 platform_timer.o
 .comment       0x00000033       0x34 SysTickScheduler.o
 .comment       0x00000033       0x34 m3m4m4f_multitasking.o
 .comment       0x00000033       0x34 rtiostream_serial.o
 .comment       0x00000033       0x34 stm_usart.o
 .comment       0x00000033       0x34 sys_arch.o
 .comment       0x00000033       0x34 main.o
 .comment       0x00000033       0x34 stm32f4xx_it.o
 .comment       0x00000033       0x34 stm32f4xx_hal_msp.o
 .comment       0x00000033       0x34 stm32f4xx_hal_timebase_tim.o
 .comment       0x00000033       0x34 stm32f4xx_hal_tim.o
 .comment       0x00000033       0x34 stm32f4xx_hal_tim_ex.o
 .comment       0x00000033       0x34 stm32f4xx_ll_gpio.o
 .comment       0x00000033       0x34 stm32f4xx_ll_usart.o
 .comment       0x00000033       0x34 stm32f4xx_ll_rcc.o
 .comment       0x00000033       0x34 stm32f4xx_ll_utils.o
 .comment       0x00000033       0x34 stm32f4xx_ll_exti.o
 .comment       0x00000033       0x34 stm32f4xx_hal_rcc.o
 .comment       0x00000033       0x34 stm32f4xx_hal_cortex.o
 .comment       0x00000033       0x34 stm32f4xx_hal.o
 .comment       0x00000033       0x34 system_stm32f4xx.o
 .comment       0x00000033       0x34 c:/programdata/matlab/supportpackages/r2024a/3p.instrset/gnuarm-armcortex.instrset/win/bin/../lib/gcc/arm-none-eabi/11.3.1/thumb/v7e-m+fp/hard\libm.a(libm_a-w_fmod.o)
 .comment       0x00000033       0x34 c:/programdata/matlab/supportpackages/r2024a/3p.instrset/gnuarm-armcortex.instrset/win/bin/../lib/gcc/arm-none-eabi/11.3.1/thumb/v7e-m+fp/hard\libm.a(libm_a-e_fmod.o)
 .comment       0x00000033       0x34 c:/programdata/matlab/supportpackages/r2024a/3p.instrset/gnuarm-armcortex.instrset/win/bin/../lib/gcc/arm-none-eabi/11.3.1/thumb/v7e-m+fp/hard\libgcc.a(_udivmoddi4.o)
 .comment       0x00000033       0x34 c:/programdata/matlab/supportpackages/r2024a/3p.instrset/gnuarm-armcortex.instrset/win/bin/../lib/gcc/arm-none-eabi/11.3.1/thumb/v7e-m+fp/hard\libg_nano.a(libc_a-findfp.o)
 .comment       0x00000033       0x34 c:/programdata/matlab/supportpackages/r2024a/3p.instrset/gnuarm-armcortex.instrset/win/bin/../lib/gcc/arm-none-eabi/11.3.1/thumb/v7e-m+fp/hard\libg_nano.a(libc_a-memset.o)
 .comment       0x00000033       0x34 c:/programdata/matlab/supportpackages/r2024a/3p.instrset/gnuarm-armcortex.instrset/win/bin/../lib/gcc/arm-none-eabi/11.3.1/thumb/v7e-m+fp/hard\libg_nano.a(libc_a-impure.o)
 .comment       0x00000033       0x34 c:/programdata/matlab/supportpackages/r2024a/3p.instrset/gnuarm-armcortex.instrset/win/bin/../lib/gcc/arm-none-eabi/11.3.1/thumb/v7e-m+fp/hard\libg_nano.a(libc_a-errno.o)
 .comment       0x00000033       0x34 c:/programdata/matlab/supportpackages/r2024a/3p.instrset/gnuarm-armcortex.instrset/win/bin/../lib/gcc/arm-none-eabi/11.3.1/thumb/v7e-m+fp/hard\libg_nano.a(libc_a-init.o)
 .comment       0x00000033       0x34 c:/programdata/matlab/supportpackages/r2024a/3p.instrset/gnuarm-armcortex.instrset/win/bin/../lib/gcc/arm-none-eabi/11.3.1/thumb/v7e-m+fp/hard\libg_nano.a(libc_a-memcpy-stub.o)
 .comment       0x00000033       0x34 c:/programdata/matlab/supportpackages/r2024a/3p.instrset/gnuarm-armcortex.instrset/win/bin/../lib/gcc/arm-none-eabi/11.3.1/thumb/v7e-m+fp/hard/crtend.o

.debug_info     0x00000000    0x1ac40
 .debug_info    0x00000000      0x801 xcp_ext_mode.o
 .debug_info    0x00000801      0x58e BlinkLED.o
 .debug_info    0x00000d8f      0x131 BlinkLED_data.o
 .debug_info    0x00000ec0      0x664 ert_main.o
 .debug_info    0x00001524      0x700 xcp_ext_common.o
 .debug_info    0x00001c24      0x5a3 xcp_ext_classic_trigger.o
 .debug_info    0x000021c7     0x1289 xcp.o
 .debug_info    0x00003450      0xe8b xcp_standard.o
 .debug_info    0x000042db     0x2173 xcp_daq.o
 .debug_info    0x0000644e      0x6ed xcp_calibration.o
 .debug_info    0x00006b3b      0x26f xcp_fifo.o
 .debug_info    0x00006daa      0x98f xcp_transport.o
 .debug_info    0x00007739      0x79c xcp_mem_default.o
 .debug_info    0x00007ed5      0x553 xcp_drv_rtiostream.o
 .debug_info    0x00008428       0xdd xcp_utils.o
 .debug_info    0x00008505      0x778 xcp_frame_serial.o
 .debug_info    0x00008c7d      0x198 xcp_ext_param_default_serial.o
 .debug_info    0x00008e15      0x131 overrideHALDelay.o
 .debug_info    0x00008f46      0x337 platform_timer.o
 .debug_info    0x0000927d      0x796 SysTickScheduler.o
 .debug_info    0x00009a13      0x10d m3m4m4f_multitasking.o
 .debug_info    0x00009b20      0x5a5 rtiostream_serial.o
 .debug_info    0x0000a0c5     0x1ed9 stm_usart.o
 .debug_info    0x0000bf9e      0x1b8 sys_arch.o
 .debug_info    0x0000c156     0x1c34 main.o
 .debug_info    0x0000dd8a      0x72b stm32f4xx_it.o
 .debug_info    0x0000e4b5      0x2f0 stm32f4xx_hal_msp.o
 .debug_info    0x0000e7a5      0xc18 stm32f4xx_hal_timebase_tim.o
 .debug_info    0x0000f3bd     0x2945 stm32f4xx_hal_tim.o
 .debug_info    0x00011d02     0x14aa stm32f4xx_hal_tim_ex.o
 .debug_info    0x000131ac      0x953 stm32f4xx_ll_gpio.o
 .debug_info    0x00013aff      0x700 stm32f4xx_ll_usart.o
 .debug_info    0x000141ff      0xbf5 stm32f4xx_ll_rcc.o
 .debug_info    0x00014df4      0x946 stm32f4xx_ll_utils.o
 .debug_info    0x0001573a      0x333 stm32f4xx_ll_exti.o
 .debug_info    0x00015a6d      0x8e9 stm32f4xx_hal_rcc.o
 .debug_info    0x00016356      0xd60 stm32f4xx_hal_cortex.o
 .debug_info    0x000170b6      0x99a stm32f4xx_hal.o
 .debug_info    0x00017a50      0x546 system_stm32f4xx.o
 .debug_info    0x00017f96      0x16c c:/programdata/matlab/supportpackages/r2024a/3p.instrset/gnuarm-armcortex.instrset/win/bin/../lib/gcc/arm-none-eabi/11.3.1/thumb/v7e-m+fp/hard\libm.a(libm_a-w_fmod.o)
 .debug_info    0x00018102      0x2b3 c:/programdata/matlab/supportpackages/r2024a/3p.instrset/gnuarm-armcortex.instrset/win/bin/../lib/gcc/arm-none-eabi/11.3.1/thumb/v7e-m+fp/hard\libm.a(libm_a-e_fmod.o)
 .debug_info    0x000183b5       0x25 c:/programdata/matlab/supportpackages/r2024a/3p.instrset/gnuarm-armcortex.instrset/win/bin/../lib/gcc/arm-none-eabi/11.3.1/thumb/v7e-m+fp/hard\libgcc.a(_arm_addsubdf3.o)