Archive member included to satisfy reference by file (symbol)

c:/programdata/matlab/supportpackages/r2024a/3p.instrset/gnuarm-armcortex.instrset/win/bin/../lib/gcc/arm-none-eabi/11.3.1/thumb/v7e-m+fp/hard\libm.a(libm_a-w_fmod.o)
                              xcp_ext_common.o (fmod)
c:/programdata/matlab/supportpackages/r2024a/3p.instrset/gnuarm-armcortex.instrset/win/bin/../lib/gcc/arm-none-eabi/11.3.1/thumb/v7e-m+fp/hard\libm.a(libm_a-s_ceil.o)
                              servoMotor.o (ceil)
c:/programdata/matlab/supportpackages/r2024a/3p.instrset/gnuarm-armcortex.instrset/win/bin/../lib/gcc/arm-none-eabi/11.3.1/thumb/v7e-m+fp/hard\libm.a(libm_a-s_floor.o)
                              servoMotor.o (floor)
c:/programdata/matlab/supportpackages/r2024a/3p.instrset/gnuarm-armcortex.instrset/win/bin/../lib/gcc/arm-none-eabi/11.3.1/thumb/v7e-m+fp/hard\libm.a(libm_a-e_fmod.o)
                              c:/programdata/matlab/supportpackages/r2024a/3p.instrset/gnuarm-armcortex.instrset/win/bin/../lib/gcc/arm-none-eabi/11.3.1/thumb/v7e-m+fp/hard\libm.a(libm_a-w_fmod.o) (__ieee754_fmod)
c:/programdata/matlab/supportpackages/r2024a/3p.instrset/gnuarm-armcortex.instrset/win/bin/../lib/gcc/arm-none-eabi/11.3.1/thumb/v7e-m+fp/hard\libgcc.a(_arm_muldf3.o)
                              servoMotor.o (__aeabi_dmul)
c:/programdata/matlab/supportpackages/r2024a/3p.instrset/gnuarm-armcortex.instrset/win/bin/../lib/gcc/arm-none-eabi/11.3.1/thumb/v7e-m+fp/hard\libgcc.a(_arm_addsubdf3.o)
                              servoMotor.o (__aeabi_dsub)
c:/programdata/matlab/supportpackages/r2024a/3p.instrset/gnuarm-armcortex.instrset/win/bin/../lib/gcc/arm-none-eabi/11.3.1/thumb/v7e-m+fp/hard\libgcc.a(_arm_muldivdf3.o)
                              xcp_ext_common.o (__aeabi_ddiv)
c:/programdata/matlab/supportpackages/r2024a/3p.instrset/gnuarm-armcortex.instrset/win/bin/../lib/gcc/arm-none-eabi/11.3.1/thumb/v7e-m+fp/hard\libgcc.a(_arm_cmpdf2.o)
                              xcp_ext_mode.o (__aeabi_dcmpeq)
c:/programdata/matlab/supportpackages/r2024a/3p.instrset/gnuarm-armcortex.instrset/win/bin/../lib/gcc/arm-none-eabi/11.3.1/thumb/v7e-m+fp/hard\libgcc.a(_arm_unorddf2.o)
                              c:/programdata/matlab/supportpackages/r2024a/3p.instrset/gnuarm-armcortex.instrset/win/bin/../lib/gcc/arm-none-eabi/11.3.1/thumb/v7e-m+fp/hard\libm.a(libm_a-w_fmod.o) (__aeabi_dcmpun)
c:/programdata/matlab/supportpackages/r2024a/3p.instrset/gnuarm-armcortex.instrset/win/bin/../lib/gcc/arm-none-eabi/11.3.1/thumb/v7e-m+fp/hard\libgcc.a(_arm_fixunsdfsi.o)
                              servoMotor.o (__aeabi_d2uiz)
c:/programdata/matlab/supportpackages/r2024a/3p.instrset/gnuarm-armcortex.instrset/win/bin/../lib/gcc/arm-none-eabi/11.3.1/thumb/v7e-m+fp/hard\libgcc.a(_aeabi_uldivmod.o)
                              stm32f4xx_hal_rcc.o (__aeabi_uldivmod)
c:/programdata/matlab/supportpackages/r2024a/3p.instrset/gnuarm-armcortex.instrset/win/bin/../lib/gcc/arm-none-eabi/11.3.1/thumb/v7e-m+fp/hard\libgcc.a(_udivmoddi4.o)
                              c:/programdata/matlab/supportpackages/r2024a/3p.instrset/gnuarm-armcortex.instrset/win/bin/../lib/gcc/arm-none-eabi/11.3.1/thumb/v7e-m+fp/hard\libgcc.a(_aeabi_uldivmod.o) (__udivmoddi4)
c:/programdata/matlab/supportpackages/r2024a/3p.instrset/gnuarm-armcortex.instrset/win/bin/../lib/gcc/arm-none-eabi/11.3.1/thumb/v7e-m+fp/hard\libgcc.a(_dvmd_tls.o)
                              c:/programdata/matlab/supportpackages/r2024a/3p.instrset/gnuarm-armcortex.instrset/win/bin/../lib/gcc/arm-none-eabi/11.3.1/thumb/v7e-m+fp/hard\libgcc.a(_aeabi_uldivmod.o) (__aeabi_ldiv0)
c:/programdata/matlab/supportpackages/r2024a/3p.instrset/gnuarm-armcortex.instrset/win/bin/../lib/gcc/arm-none-eabi/11.3.1/thumb/v7e-m+fp/hard\libg_nano.a(libc_a-exit.o)
                              c:/programdata/matlab/supportpackages/r2024a/3p.instrset/gnuarm-armcortex.instrset/win/bin/../lib/gcc/arm-none-eabi/11.3.1/thumb/v7e-m+fp/hard/crt0.o (exit)
c:/programdata/matlab/supportpackages/r2024a/3p.instrset/gnuarm-armcortex.instrset/win/bin/../lib/gcc/arm-none-eabi/11.3.1/thumb/v7e-m+fp/hard\libg_nano.a(libc_a-findfp.o)
                              c:/programdata/matlab/supportpackages/r2024a/3p.instrset/gnuarm-armcortex.instrset/win/bin/../lib/gcc/arm-none-eabi/11.3.1/thumb/v7e-m+fp/hard\libg_nano.a(libc_a-exit.o) (__stdio_exit_handler)
c:/programdata/matlab/supportpackages/r2024a/3p.instrset/gnuarm-armcortex.instrset/win/bin/../lib/gcc/arm-none-eabi/11.3.1/thumb/v7e-m+fp/hard\libg_nano.a(libc_a-fwalk.o)
                              c:/programdata/matlab/supportpackages/r2024a/3p.instrset/gnuarm-armcortex.instrset/win/bin/../lib/gcc/arm-none-eabi/11.3.1/thumb/v7e-m+fp/hard\libg_nano.a(libc_a-findfp.o) (_fwalk_sglue)
c:/programdata/matlab/supportpackages/r2024a/3p.instrset/gnuarm-armcortex.instrset/win/bin/../lib/gcc/arm-none-eabi/11.3.1/thumb/v7e-m+fp/hard\libg_nano.a(libc_a-stdio.o)
[...]
Memory Configuration

Name             Origin             Length             Attributes
RAM              0x20000000         0x00020000         xrw
FLASH            0x08000000         0x00080000         xr
*default*        0x00000000         0xffffffff

Linker script and memory map

LOAD c:/programdata/matlab/supportpackages/r2024a/3p.instrset/gnuarm-armcortex.instrset/win/bin/../lib/gcc/arm-none-eabi/11.3.1/thumb/v7e-m+fp/hard/crti.o
LOAD c:/programdata/matlab/supportpackages/r2024a/3p.instrset/gnuarm-armcortex.instrset/win/bin/../lib/gcc/arm-none-eabi/11.3.1/thumb/v7e-m+fp/hard/crtbegin.o
LOAD c:/programdata/matlab/supportpackages/r2024a/3p.instrset/gnuarm-armcortex.instrset/win/bin/../lib/gcc/arm-none-eabi/11.3.1/thumb/v7e-m+fp/hard/crt0.o
LOAD stm_timer_ll.o
LOAD xcp_ext_mode.o
LOAD ert_main.o
LOAD servoMotor.o
LOAD servoMotor_data.o
LOAD xcp_ext_common.o
LOAD xcp_ext_classic_trigger.o
LOAD xcp.o
LOAD xcp_standard.o
LOAD xcp_daq.o
LOAD xcp_calibration.o
LOAD xcp_fifo.o
LOAD xcp_transport.o
LOAD xcp_mem_default.o
LOAD xcp_drv_rtiostream.o
LOAD xcp_utils.o
LOAD xcp_frame_serial.o
LOAD xcp_ext_param_default_serial.o
LOAD overrideHALDelay.o
LOAD platform_timer.o
LOAD SysTickScheduler.o
LOAD m3m4m4f_multitasking.o
LOAD rtiostream_serial.o
LOAD stm_usart.o
LOAD sys_arch.o
LOAD main.o
LOAD stm32f4xx_it.o
LOAD stm32f4xx_hal_msp.o
LOAD stm32f4xx_hal_timebase_tim.o
LOAD stm32f4xx_hal_tim.o
LOAD stm32f4xx_hal_tim_ex.o
LOAD stm32f4xx_ll_gpio.o
LOAD stm32f4xx_ll_dma.o
LOAD stm32f4xx_ll_tim.o
LOAD stm32f4xx_ll_rcc.o
LOAD stm32f4xx_ll_utils.o
LOAD stm32f4xx_ll_exti.o
LOAD stm32f4xx_hal_rcc.o
LOAD stm32f4xx_hal_rcc_ex.o
LOAD stm32f4xx_hal_flash.o
LOAD stm32f4xx_hal_flash_ex.o
LOAD stm32f4xx_hal_flash_ramfunc.o
LOAD stm32f4xx_hal_gpio.o
LOAD stm32f4xx_hal_dma_ex.o
LOAD stm32f4xx_hal_dma.o
LOAD stm32f4xx_hal_pwr.o
LOAD stm32f4xx_hal_pwr_ex.o
LOAD stm32f4xx_hal_cortex.o
LOAD stm32f4xx_hal.o
LOAD stm32f4xx_hal_exti.o
LOAD stm32f4xx_ll_usart.o
LOAD system_stm32f4xx.o
LOAD syscalls.o
LOAD sysmem.o
LOAD startup_stm32f446retx.o
LOAD C:/ProgramData/MATLAB/SupportPackages/R2024a/3P.instrset/cmsis_dsp.instrset/Lib/GCC/arm_cortexm4ldfsp_math/libCMSISDSP.a
LOAD C:/ProgramData/MATLAB/SupportPackages/R2024a/toolbox/shared/supportpackages/stm32/lib/GCC/libmw_pdmfilter_m4_spfp.lib
LOAD c:/programdata/matlab/supportpackages/r2024a/3p.instrset/gnuarm-armcortex.instrset/win/bin/../lib/gcc/arm-none-eabi/11.3.1/thumb/v7e-m+fp/hard\libstdc++_nano.a
LOAD c:/programdata/matlab/supportpackages/r2024a/3p.instrset/gnuarm-armcortex.instrset/win/bin/../lib/gcc/arm-none-eabi/11.3.1/thumb/v7e-m+fp/hard\libm.a
START GROUP
LOAD c:/programdata/matlab/supportpackages/r2024a/3p.instrset/gnuarm-armcortex.instrset/win/bin/../lib/gcc/arm-none-eabi/11.3.1/thumb/v7e-m+fp/hard\libgcc.a
LOAD c:/programdata/matlab/supportpackages/r2024a/3p.instrset/gnuarm-armcortex.instrset/win/bin/../lib/gcc/arm-none-eabi/11.3.1/thumb/v7e-m+fp/hard\libg_nano.a
LOAD c:/programdata/matlab/supportpackages/r2024a/3p.instrset/gnuarm-armcortex.instrset/win/bin/../lib/gcc/arm-none-eabi/11.3.1/thumb/v7e-m+fp/hard\libc_nano.a
END GROUP
START GROUP
LOAD c:/programdata/matlab/supportpackages/r2024a/3p.instrset/gnuarm-armcortex.instrset/win/bin/../lib/gcc/arm-none-eabi/11.3.1/thumb/v7e-m+fp/hard\libgcc.a
LOAD c:/programdata/matlab/supportpackages/r2024a/3p.instrset/gnuarm-armcortex.instrset/win/bin/../lib/gcc/arm-none-eabi/11.3.1/thumb/v7e-m+fp/hard\libc_nano.a
LOAD c:/programdata/matlab/supportpackages/r2024a/3p.instrset/gnuarm-armcortex.instrset/win/bin/../lib/gcc/arm-none-eabi/11.3.1/thumb/v7e-m+fp/hard\libnosys.a
END GROUP
START GROUP
LOAD c:/programdata/matlab/supportpackages/r2024a/3p.instrset/gnuarm-armcortex.instrset/win/bin/../lib/gcc/arm-none-eabi/11.3.1/thumb/v7e-m+fp/hard\libgcc.a
LOAD c:/programdata/matlab/supportpackages/r2024a/3p.instrset/gnuarm-armcortex.instrset/win/bin/../lib/gcc/arm-none-eabi/11.3.1/thumb/v7e-m+fp/hard\libc_nano.a
LOAD c:/programdata/matlab/supportpackages/r2024a/3p.instrset/gnuarm-armcortex.instrset/win/bin/../lib/gcc/arm-none-eabi/11.3.1/thumb/v7e-m+fp/hard\libnosys.a
END GROUP
LOAD c:/programdata/matlab/supportpackages/r2024a/3p.instrset/gnuarm-armcortex.instrset/win/bin/../lib/gcc/arm-none-eabi/11.3.1/thumb/v7e-m+fp/hard/crtend.o
LOAD c:/programdata/matlab/supportpackages/r2024a/3p.instrset/gnuarm-armcortex.instrset/win/bin/../lib/gcc/arm-none-eabi/11.3.1/thumb/v7e-m+fp/hard/crtn.o
                0x20020000                _estack = (ORIGIN (RAM) + LENGTH (RAM))
                0x00000200                _Min_Heap_Size = 0x200
                0x00000400                _Min_Stack_Size = 0x400

.isr_vector     0x08000000      0x1c4
                0x08000000                . = ALIGN (0x4)
 *(.isr_vector)
 .isr_vector    0x08000000      0x1c4 startup_stm32f446retx.o
                0x08000000                g_pfnVectors
                0x080001c4                . = ALIGN (0x4)

.text           0x080001c8     0xca5c
                0x080001c8                . = ALIGN (0x4)
 *(.text)
 .text          0x080001c8      0x378 c:/programdata/matlab/supportpackages/r2024a/3p.instrset/gnuarm-armcortex.instrset/win/bin/../lib/gcc/arm-none-eabi/11.3.1/thumb/v7e-m+fp/hard\libgcc.a(_arm_addsubdf3.o)
                0x080001c8                __aeabi_drsub
                0x080001d0                __aeabi_dsub
                0x080001d0                __subdf3
                0x080001d4                __aeabi_dadd
                0x080001d4                __adddf3
                0x0800044c                __floatunsidf
                0x0800044c                __aeabi_ui2d
                0x0800046c                __floatsidf
                0x0800046c                __aeabi_i2d
                0x08000490                __aeabi_f2d
                0x08000490                __extendsfdf2
                0x080004d4                __floatundidf
                0x080004d4                __aeabi_ul2d
                0x080004e4                __floatdidf
                0x080004e4                __aeabi_l2d
 .text          0x08000540      0x424 c:/programdata/matlab/supportpackages/r2024a/3p.instrset/gnuarm-armcortex.instrset/win/bin/../lib/gcc/arm-none-eabi/11.3.1/thumb/v7e-m+fp/hard\libgcc.a(_arm_muldivdf3.o)
                0x08000540                __aeabi_dmul
                0x08000540                __muldf3
                0x08000794                __divdf3
                0x08000794                __aeabi_ddiv
 .text          0x08000964      0x110 c:/programdata/matlab/supportpackages/r2024a/3p.instrset/gnuarm-armcortex.instrset/win/bin/../lib/gcc/arm-none-eabi/11.3.1/thumb/v7e-m+fp/hard\libgcc.a(_arm_cmpdf2.o)
                0x08000964                __gtdf2
                0x08000964                __gedf2
                0x0800096c                __ltdf2
                0x0800096c                __ledf2
                0x08000974                __nedf2
                0x08000974                __eqdf2
                0x08000974                __cmpdf2
                0x080009f0                __aeabi_cdrcmple
                0x08000a00                __aeabi_cdcmpeq
                0x08000a00                __aeabi_cdcmple
                0x08000a10                __aeabi_dcmpeq
                0x08000a24                __aeabi_dcmplt
                0x08000a38                __aeabi_dcmple
                0x08000a4c                __aeabi_dcmpge
                0x08000a60                __aeabi_dcmpgt
 .text          0x08000a74       0x2c c:/programdata/matlab/supportpackages/r2024a/3p.instrset/gnuarm-armcortex.instrset/win/bin/../lib/gcc/arm-none-eabi/11.3.1/thumb/v7e-m+fp/hard\libgcc.a(_arm_unorddf2.o)
                0x08000a74                __unorddf2
                0x08000a74                __aeabi_dcmpun
 .text          0x08000aa0       0x40 c:/programdata/matlab/supportpackages/r2024a/3p.instrset/gnuarm-armcortex.instrset/win/bin/../lib/gcc/arm-none-eabi/11.3.1/thumb/v7e-m+fp/hard\libgcc.a(_arm_fixunsdfsi.o)
                0x08000aa0                __aeabi_d2uiz
                0x08000aa0                __fixunsdfsi
 .text          0x08000ae0       0x30 c:/programdata/matlab/supportpackages/r2024a/3p.instrset/gnuarm-armcortex.instrset/win/bin/../lib/gcc/arm-none-eabi/11.3.1/thumb/v7e-m+fp/hard\libgcc.a(_aeabi_uldivmod.o)
                0x08000ae0                __aeabi_uldivmod
 .text          0x08000b10        0x4 c:/programdata/matlab/supportpackages/r2024a/3p.instrset/gnuarm-armcortex.instrset/win/bin/../lib/gcc/arm-none-eabi/11.3.1/thumb/v7e-m+fp/hard\libgcc.a(_dvmd_tls.o)
                0x08000b10                __aeabi_idiv0
                0x08000b10                __aeabi_ldiv0
 *(.text*)
 .text.deregister_tm_clones
                0x08000b14       0x1c c:/programdata/matlab/supportpackages/r2024a/3p.instrset/gnuarm-armcortex.instrset/win/bin/../lib/gcc/arm-none-eabi/11.3.1/thumb/v7e-m+fp/hard/crtbegin.o
 .text.register_tm_clones
                0x08000b30       0x24 c:/programdata/matlab/supportpackages/r2024a/3p.instrset/gnuarm-armcortex.instrset/win/bin/../lib/gcc/arm-none-eabi/11.3.1/thumb/v7e-m+fp/hard/crtbegin.o
 .text.__do_global_dtors_aux
                0x08000b54       0x28 c:/programdata/matlab/supportpackages/r2024a/3p.instrset/gnuarm-armcortex.instrset/win/bin/../lib/gcc/arm-none-eabi/11.3.1/thumb/v7e-m+fp/hard/crtbegin.o
 .text.frame_dummy
                0x08000b7c       0x24 c:/programdata/matlab/supportpackages/r2024a/3p.instrset/gnuarm-armcortex.instrset/win/bin/../lib/gcc/arm-none-eabi/11.3.1/thumb/v7e-m+fp/hard/crtbegin.o
 .text.LL_TIM_GetCounterMode
                0x08000ba0       0x30 stm_timer_ll.o
 .text.LL_TIM_GetRepetitionCounter
                0x08000bd0       0x18 stm_timer_ll.o
 .text.LL_TIM_CC_EnableChannel
                0x08000be8       0x22 stm_timer_ll.o
 .text.LL_TIM_CC_DisableChannel
                0x08000c0a       0x24 stm_timer_ll.o
 .text.LL_TIM_EnableAllOutputs
                0x08000c2e       0x20 stm_timer_ll.o
 .text.LL_TIM_EnableIT_UPDATE
                0x08000c4e       0x20 stm_timer_ll.o
 .text.LL_TIM_DisableIT_UPDATE
                0x08000c6e       0x20 stm_timer_ll.o
 .text.LL_TIM_IsEnabledIT_UPDATE
                0x08000c8e       0x26 stm_timer_ll.o
 .text.LL_TIM_EnableIT_CC1
                0x08000cb4       0x20 stm_timer_ll.o
 .text.LL_TIM_DisableIT_CC1
                0x08000cd4       0x20 stm_timer_ll.o
 .text.LL_TIM_IsEnabledIT_CC1
                0x08000cf4       0x26 stm_timer_ll.o
 .text.LL_TIM_EnableIT_CC2
                0x08000d1a       0x20 stm_timer_ll.o
 .text.LL_TIM_DisableIT_CC2
                0x08000d3a       0x20 stm_timer_ll.o
 .text.LL_TIM_IsEnabledIT_CC2
                0x08000d5a       0x26 stm_timer_ll.o
 .text.LL_TIM_EnableIT_CC3
                0x08000d80       0x20 stm_timer_ll.o
 .text.LL_TIM_DisableIT_CC3
                0x08000da0       0x20 stm_timer_ll.o
 .text.LL_TIM_IsEnabledIT_CC3
                0x08000dc0       0x26 stm_timer_ll.o
 .text.LL_TIM_EnableIT_CC4
                0x08000de6       0x20 stm_timer_ll.o
 .text.LL_TIM_DisableIT_CC4
                0x08000e06       0x20 stm_timer_ll.o
 .text.LL_TIM_IsEnabledIT_CC4
                0x08000e26       0x26 stm_timer_ll.o
 .text.LL_TIM_EnableIT_COM
                0x08000e4c       0x20 stm_timer_ll.o
 .text.LL_TIM_DisableIT_COM
                0x08000e6c       0x20 stm_timer_ll.o
 .text.LL_TIM_IsEnabledIT_COM
                0x08000e8c       0x26 stm_timer_ll.o
 .text.LL_TIM_EnableIT_TRIG
                0x08000eb2       0x20 stm_timer_ll.o
 .text.LL_TIM_DisableIT_TRIG
                0x08000ed2       0x20 stm_timer_ll.o
 .text.LL_TIM_IsEnabledIT_TRIG
                0x08000ef2       0x26 stm_timer_ll.o
 .text.LL_TIM_EnableIT_BRK
                0x08000f18       0x20 stm_timer_ll.o
 .text.LL_TIM_DisableIT_BRK
                0x08000f38       0x20 stm_timer_ll.o
 .text.LL_TIM_IsEnabledIT_BRK
                0x08000f58       0x26 stm_timer_ll.o
 .text.enableTimerInterrupts
                0x08000f7e      0x134 stm_timer_ll.o
                0x08000f7e                enableTimerInterrupts
 .text.disableTimerInterrupts
                0x080010b2      0x134 stm_timer_ll.o
                0x080010b2                disableTimerInterrupts
 *fill*         0x080011e6        0x2 
 .text.enableTimerChannel1
                0x080011e8       0x78 stm_timer_ll.o
                0x080011e8                enableTimerChannel1
 .text.disableTimerChannel1
                0x08001260       0x78 stm_timer_ll.o
                0x08001260                disableTimerChannel1
 .text.Timer_Handle_Init
                0x080012d8       0xa4 stm_timer_ll.o
                0x080012d8                Timer_Handle_Init
 .text.checkFrequencyAndDutyCycleLimits
                0x0800137c       0x44 stm_timer_ll.o
                0x0800137c                checkFrequencyAndDutyCycleLimits
 .text.extmodeParseArgs
                0x080013c0       0x1e xcp_ext_mode.o
                0x080013c0                extmodeParseArgs
 *fill*         0x080013de        0x2 
 .text.extmodeInit
                0x080013e0      0x128 xcp_ext_mode.o
                0x080013e0                extmodeInit
 .text.extmodeWaitForHostRequest
                0x08001508       0xcc xcp_ext_mode.o
                0x08001508                extmodeWaitForHostRequest
 .text.extmodeEvent
                0x080015d4       0xfc xcp_ext_mode.o
                0x080015d4                extmodeEvent
 .text.extmodeBackgroundRun
                0x080016d0       0x20 xcp_ext_mode.o
                0x080016d0                extmodeBackgroundRun
 .text.extmodeReset
                0x080016f0       0x40 xcp_ext_mode.o
                0x080016f0                extmodeReset
 .text.extmodeStopRequested
                0x08001730       0x18 xcp_ext_mode.o
                0x08001730                extmodeStopRequested
 .text.extmodeSimulationComplete
                0x08001748       0x18 xcp_ext_mode.o
                0x08001748                extmodeSimulationComplete
 .text.rt_OneStep
                0x08001760       0x78 ert_main.o
                0x08001760                rt_OneStep
 .text.main     0x080017d8      0x184 ert_main.o
                0x080017d8                main
 .text.LL_TIM_EnableCounter
                0x0800195c       0x20 servoMotor.o
 .text.LL_TIM_DisableCounter
                0x0800197c       0x20 servoMotor.o
 .text.LL_TIM_SetUpdateSource
                0x0800199c       0x26 servoMotor.o
 .text.LL_TIM_GetUpdateSource
                0x080019c2       0x1c servoMotor.o
 .text.LL_TIM_SetRepetitionCounter
                0x080019de       0x1c servoMotor.o
 .text.LL_TIM_OC_SetCompareCH1
                0x080019fa       0x1c servoMotor.o
 .text.LL_TIM_OC_GetCompareCH1
                0x08001a16       0x18 servoMotor.o
 .text.LL_TIM_GenerateEvent_UPDATE
                0x08001a2e       0x20 servoMotor.o
 .text.setDutyCycleChannel1
                0x08001a4e       0x30 servoMotor.o
 .text.isSlaveTriggerModeEnabled
                0x08001a7e       0x2c servoMotor.o
 *fill*         0x08001aaa        0x2 
 .text.enableCounter
                0x08001aac       0xb8 servoMotor.o
 .text.disableCounter
                0x08001b64       0x1a servoMotor.o
 *fill*         0x08001b7e        0x2 
 .text.rt_roundd_snf
                0x08001b80       0xe0 servoMotor.o
                0x08001b80                rt_roundd_snf
 .text.servoMotor_PWMOutput_setupImpl
                0x08001c60       0x6c servoMotor.o
 .text.servoMotor_step
                0x08001ccc       0xb8 servoMotor.o
                0x08001ccc                servoMotor_step
 *fill*         0x08001d84        0x4 
 .text.servoMotor_initialize
                0x08001d88       0xc0 servoMotor.o
                0x08001d88                servoMotor_initialize
 .text.servoMotor_terminate
                0x08001e48       0x4c servoMotor.o
                0x08001e48                servoMotor_terminate
 .text.xcp_void_printf
                0x08001e94       0x12 xcp_ext_common.o
                0x08001e94                xcp_void_printf
 .text.xcpCopyTimeValue
                0x08001ea6       0x26 xcp_ext_common.o
 *fill*         0x08001ecc        0x4 
 .text.xcpExtModeUpdateTime
                0x08001ed0      0x13c xcp_ext_common.o
                0x08001ed0                xcpExtModeUpdateTime
 .text.xcpExtModeInit
                0x0800200c       0x9c xcp_ext_common.o
                0x0800200c                xcpExtModeInit
 .text.xcpExtModeRunBackground
                0x080020a8      0x13c xcp_ext_common.o
                0x080020a8                xcpExtModeRunBackground
 .text.xcpExtModeReset
                0x080021e4      0x128 xcp_ext_common.o
                0x080021e4                xcpExtModeReset
 .text.sampleSignalTrigger
                0x0800230c      0x1b4 xcp_ext_classic_trigger.o
 .text.updateTriggerStatus
                0x080024c0      0x2b8 xcp_ext_classic_trigger.o
 .text.xcpExtModeClassicTriggerInit
                0x08002778       0x68 xcp_ext_classic_trigger.o
                0x08002778                xcpExtModeClassicTriggerInit
 .text.xcpExtModeClassicTriggerEnabled
                0x080027e0      0x100 xcp_ext_classic_trigger.o
                0x080027e0                xcpExtModeClassicTriggerEnabled
 .text.xcpExtModeClassicTriggerReset
                0x080028e0       0xf4 xcp_ext_classic_trigger.o
                0x080028e0                xcpExtModeClassicTriggerReset
 .text.xcpExtModeClassicTriggerForceEnableStatusUpdate
                0x080029d4       0x80 xcp_ext_classic_trigger.o
                0x080029d4                xcpExtModeClassicTriggerForceEnableStatusUpdate
 .text.msgBufferRealloc
                0x08002a54       0x72 xcp.o
 *fill*         0x08002ac6        0x2 
 .text.discardInputPacketHandler
                0x08002ac8       0x3c xcp.o
 .text.unknownInputPacketHandler
                0x08002b04       0x34 xcp.o
 .text.xcpGetPacketGroupID
                0x08002b38       0x74 xcp.o
 .text.xcpGetPacketHandlers
                0x08002bac      0x124 xcp.o
 .text.xcpStatusSet
                0x08002cd0       0x20 xcp.o
                0x08002cd0                xcpStatusSet
 .text.xcpSessionStatusGet
                0x08002cf0       0x18 xcp.o
                0x08002cf0                xcpSessionStatusGet
 .text.xcpSessionStatusSetMask
                0x08002d08       0x28 xcp.o
                0x08002d08                xcpSessionStatusSetMask
 .text.xcpSessionStatusClearMask
                0x08002d30       0x34 xcp.o
                0x08002d30                xcpSessionStatusClearMask
 .text.xcpResourceProtectionStatusGet
                0x08002d64       0x18 xcp.o
                0x08002d64                xcpResourceProtectionStatusGet
 .text.xcpSessionConfigurationIdGet
                0x08002d7c       0x18 xcp.o
                0x08002d7c                xcpSessionConfigurationIdGet
 .text.genericOutputPacketHandler
                0x08002d94      0x11c xcp.o
                0x08002d94                genericOutputPacketHandler
 .text.xcpFindPacket
                0x08002eb0       0x6e xcp.o
                0x08002eb0                xcpFindPacket
 *fill*         0x08002f1e        0x2 
 .text.xcpInit  0x08002f20       0x64 xcp.o
                0x08002f20                xcpInit
 .text.xcpRun   0x08002f84      0x194 xcp.o
                0x08002f84                xcpRun
 .text.xcpEvent
                0x08003118       0x50 xcp.o
                0x08003118                xcpEvent
 .text.xcpGetStatus
                0x08003168       0x18 xcp.o
                0x08003168                xcpGetStatus
 .text.xcpReset
                0x08003180       0x40 xcp.o
                0x08003180                xcpReset
 .text.xcpPackedModeEventsFlush
                0x080031c0       0x1e xcp.o
                0x080031c0                xcpPackedModeEventsFlush
 .text.xcpPackedModeEventReset
                0x080031de       0x2a xcp.o
                0x080031de                xcpPackedModeEventReset
 .text.isValidUploadSize
                0x08003208       0x30 xcp_standard.o
 .text.xcpMemcpyFromMTA
                0x08003238       0x38 xcp_standard.o
 .text.connectInputPacketHandler
                0x08003270       0xa4 xcp_standard.o
 .text.connectOutputPacketHandler
                0x08003314       0xd4 xcp_standard.o
 .text.disconnectInputPacketHandler
                0x080033e8       0x54 xcp_standard.o
 .text.getStatusInputPacketHandler
                0x0800343c       0x28 xcp_standard.o
 .text.getStatusOutputPacketHandler
                0x08003464       0x80 xcp_standard.o
 .text.synchInputPacketHandler
                0x080034e4       0x44 xcp_standard.o
 .text.setMTAInputPacketHandler
                0x08003528       0x78 xcp_standard.o
 .text.uploadInputPacketHandler
                0x080035a0       0x98 xcp_standard.o
 .text.uploadOutputPacketHandler
                0x08003638       0x9c xcp_standard.o
 .text.shortUploadInputPacketHandler
                0x080036d4       0xa4 xcp_standard.o
 .text.shortUploadOutputPacketHandler
                0x08003778       0x9c xcp_standard.o
 .text.getPacket
                0x08003814       0x24 xcp_standard.o
 .text.xcpStandardInit
                0x08003838       0x18 xcp_standard.o
                0x08003838                xcpStandardInit
 .text.xcpStandardGetPacketLookup
                0x08003850       0x18 xcp_standard.o
                0x08003850                xcpStandardGetPacketLookup
 .text.xcpStandardSetPacketLookup
                0x08003868       0x20 xcp_standard.o
                0x08003868                xcpStandardSetPacketLookup
 .text.xcpStandardReset
                0x08003888       0x12 xcp_standard.o
                0x08003888                xcpStandardReset
 *fill*         0x0800389a        0x2 
 .text.xcpStandardGetAddressFromMta
                0x0800389c       0x18 xcp_standard.o
                0x0800389c                xcpStandardGetAddressFromMta
 .text.xcpStandardSetMta
                0x080038b4       0x3c xcp_standard.o
                0x080038b4                xcpStandardSetMta
 .text.xcpStandardIncrementMta
                0x080038f0       0x28 xcp_standard.o
                0x080038f0                xcpStandardIncrementMta
 .text.xcpStandardExtendedInit
                0x08003918        0xe xcp_standard.o
                0x08003918                xcpStandardExtendedInit
 .text.xcpStandardExtendedReset
                0x08003926        0xe xcp_standard.o
                0x08003926                xcpStandardExtendedReset
 .text.xcpDaqWriteLock
                0x08003934       0x4c xcp_daq.o
 .text.xcpDaqWriteUnlock
                0x08003980       0x20 xcp_daq.o
 .text.xcpDaqReadLock
                0x080039a0       0x38 xcp_daq.o
 .text.xcpDaqReadUnlock
                0x080039d8       0x38 xcp_daq.o
 .text.isActiveDaqList
                0x08003a10       0x50 xcp_daq.o
 .text.noActiveDaqLists
                0x08003a60       0x50 xcp_daq.o
 .text.isValidDaqPtr
                0x08003ab0       0xb8 xcp_daq.o
 .text.isValidDaqEntry
                0x08003b68       0x36 xcp_daq.o
 .text.isSupportedDaqListMode
                0x08003b9e       0x26 xcp_daq.o
 .text.isValidStartStopMode
                0x08003bc4       0x32 xcp_daq.o
 .text.isValidStartStopSynchMode
                0x08003bf6       0x32 xcp_daq.o
 .text.absoluteOdtNumberIdentification
                0x08003c28       0x10 xcp_daq.o
 .text.isDaqPackedModeEnabled
                0x08003c38       0x6c xcp_daq.o
 .text.odtPacketSize
                0x08003ca4       0x54 xcp_daq.o
 .text.createDaqReservedPool
                0x08003cf8       0x88 xcp_daq.o
 .text.destroyDaqReservedPool
                0x08003d80       0x2c xcp_daq.o
 .text.setDaqPtrInputPacketHandler
                0x08003dac       0xdc xcp_daq.o
 .text.writeDaqInputPacketHandler
                0x08003e88      0x198 xcp_daq.o
 .text.setDaqListModeInputPacketHandler
                0x08004020      0x1c8 xcp_daq.o
 .text.startStopDaqListInputPacketHandler
                0x080041e8      0x3f4 xcp_daq.o
 .text.startStopDaqListOutputPacketHandler
                0x080045dc       0x5c xcp_daq.o
 .text.startStopSynchInputPacketHandler
                0x08004638      0x328 xcp_daq.o
 .text.getDaqProcessorInfoInputPacketHandler
                0x08004960       0x28 xcp_daq.o
 .text.getDaqProcessorInfoOutputPacketHandler
                0x08004988       0xac xcp_daq.o
 .text.getDaqResolutionInfoInputPacketHandler
                0x08004a34       0x28 xcp_daq.o
 .text.getDaqResolutionInfoOutputPacketHandler
                0x08004a5c       0xb8 xcp_daq.o
 .text.freeDaqInputPacketHandler
                0x08004b14       0x5c xcp_daq.o
 .text.allocDaqInputPacketHandler
                0x08004b70      0x18c xcp_daq.o
 .text.allocOdtInputPacketHandler
                0x08004cfc      0x1c0 xcp_daq.o
 .text.allocOdtEntryInputPacketHandler
                0x08004ebc      0x270 xcp_daq.o
 .text.getDaqClockInputPacketHandler
                0x0800512c       0x22 xcp_daq.o
 *fill*         0x0800514e        0x2 
 .text.setDaqPackedModeInputPacketHandler
                0x08005150      0x21c xcp_daq.o
 .text.level1CommandInputPacketHandler
                0x0800536c       0x64 xcp_daq.o
 .text.getPacket
                0x080053d0       0x24 xcp_daq.o
 .text.xcpDaqInit
                0x080053f4       0x38 xcp_daq.o
                0x080053f4                xcpDaqInit
 .text.xcpDaqGetPacketLookup
                0x0800542c       0x18 xcp_daq.o
                0x0800542c                xcpDaqGetPacketLookup
 .text.xcpDaqSetPacketLookup
                0x08005444       0x20 xcp_daq.o
                0x08005444                xcpDaqSetPacketLookup
 .text.xcpResetDaq
                0x08005464       0xa4 xcp_daq.o
 .text.daqWriteXCPDataForOdt
                0x08005508       0x7c xcp_daq.o
 .text.odtWriteEntries
                0x08005584       0x9c xcp_daq.o
 .text.xcpProcessDaq
                0x08005620      0x208 xcp_daq.o
 .text.xcpDaqEvent
                0x08005828      0x108 xcp_daq.o
                0x08005828                xcpDaqEvent
 .text.xcpDaqEventsFlush
                0x08005930      0x284 xcp_daq.o
                0x08005930                xcpDaqEventsFlush
 .text.xcpDaqLock
                0x08005bb4       0x1e xcp_daq.o
                0x08005bb4                xcpDaqLock
 .text.xcpDaqUnlock
                0x08005bd2        0xe xcp_daq.o
                0x08005bd2                xcpDaqUnlock
 .text.xcpResetDaqListStatus
                0x08005be0      0x19c xcp_daq.o
                0x08005be0                xcpResetDaqListStatus
 .text.xcpDaqReset
                0x08005d7c       0x20 xcp_daq.o
                0x08005d7c                xcpDaqReset
 .text.xcpDaqExtendedInit
                0x08005d9c        0xe xcp_daq.o
                0x08005d9c                xcpDaqExtendedInit
 .text.xcpDaqExtendedReset
                0x08005daa        0xe xcp_daq.o
                0x08005daa                xcpDaqExtendedReset
 .text.isValidShortDownloadSize
                0x08005db8       0x34 xcp_calibration.o
 .text.isValidDownloadSize
                0x08005dec       0x3a xcp_calibration.o
 *fill*         0x08005e26        0x2 
 .text.xcpMemcpyToMTA
                0x08005e28       0x34 xcp_calibration.o
 .text.downloadInputPacketHandler
                0x08005e5c       0xb0 xcp_calibration.o
 .text.shortDownloadInputPacketHandler
                0x08005f0c       0xb8 xcp_calibration.o
 .text.getPacket
                0x08005fc4       0x24 xcp_calibration.o
 .text.xcpCalibrationInit
                0x08005fe8       0x14 xcp_calibration.o
                0x08005fe8                xcpCalibrationInit
 .text.xcpCalibrationGetPacketLookup
                0x08005ffc       0x18 xcp_calibration.o
                0x08005ffc                xcpCalibrationGetPacketLookup
 .text.xcpCalibrationSetPacketLookup
                0x08006014       0x20 xcp_calibration.o
                0x08006014                xcpCalibrationSetPacketLookup
 .text.xcpCalibrationReset
                0x08006034        0xe xcp_calibration.o
                0x08006034                xcpCalibrationReset
 .text.xcpFifoInit
                0x08006042       0x20 xcp_fifo.o
                0x08006042                xcpFifoInit
 .text.xcpFifoEnqueue
                0x08006062       0x2a xcp_fifo.o
                0x08006062                xcpFifoEnqueue
 .text.xcpFifoDequeue
                0x0800608c       0x3e xcp_fifo.o
                0x0800608c                xcpFifoDequeue
 .text.xcpFifoEnqueueHead
                0x080060ca       0x32 xcp_fifo.o
                0x080060ca                xcpFifoEnqueueHead
 .text.xcpFifoReset
                0x080060fc       0x16 xcp_fifo.o
                0x080060fc                xcpFifoReset
 *fill*         0x08006112        0x2 
 .text.xcpTransportEmptyTxFifo
                0x08006114       0x6c xcp_transport.o
 .text.xcpTransportEmptyRxFifo
                0x08006180       0x6c xcp_transport.o
 .text.xcpTransportInit
                0x080061ec      0x138 xcp_transport.o
                0x080061ec                xcpTransportInit
 .text.xcpTransportTxReady
                0x08006324       0x1a xcp_transport.o
                0x08006324                xcpTransportTxReady
 .text.xcpTransportTxTrigger
                0x0800633e       0x1a xcp_transport.o
                0x0800633e                xcpTransportTxTrigger
 .text.xcpTransportTxPacketSet
                0x08006358      0x144 xcp_transport.o
                0x08006358                xcpTransportTxPacketSet
 .text.xcpTransportTx
                0x0800649c       0xec xcp_transport.o
                0x0800649c                xcpTransportTx
 .text.xcpTransportRx
                0x08006588       0x80 xcp_transport.o
                0x08006588                xcpTransportRx
 .text.xcpTransportRxPacketGet
                0x08006608      0x12c xcp_transport.o
                0x08006608                xcpTransportRxPacketGet
 .text.xcpTransportPacketOffset
                0x08006734       0x20 xcp_transport.o
                0x08006734                xcpTransportPacketOffset
 .text.xcpTransportMsgBufferSize
                0x08006754       0x70 xcp_transport.o
                0x08006754                xcpTransportMsgBufferSize
 .text.xcpTransportMaxDtoSize
                0x080067c4        0xe xcp_transport.o
                0x080067c4                xcpTransportMaxDtoSize
 .text.xcpTransportMaxCtoSize
                0x080067d2        0xe xcp_transport.o
                0x080067d2                xcpTransportMaxCtoSize
 .text.xcpTransportRestart
                0x080067e0       0x44 xcp_transport.o
                0x080067e0                xcpTransportRestart
 .text.xcpTransportResynch
                0x08006824       0x40 xcp_transport.o
                0x08006824                xcpTransportResynch
 .text.xcpTransportCtoReservedMemPoolId
                0x08006864       0x18 xcp_transport.o
                0x08006864                xcpTransportCtoReservedMemPoolId
 .text.xcpTransportReset
                0x0800687c       0xe4 xcp_transport.o
                0x0800687c                xcpTransportReset
 .text.xcpInitializePoolMemoryArea
                0x08006960       0x72 xcp_mem_default.o
 *fill*         0x080069d2        0x2 
 .text.xcpMemInit
                0x080069d4      0x1d4 xcp_mem_default.o
                0x080069d4                xcpMemInit
 .text.xcpMemAlloc
                0x08006ba8       0xe8 xcp_mem_default.o
                0x08006ba8                xcpMemAlloc
 .text.xcpMemFree
                0x08006c90      0x170 xcp_mem_default.o
                0x08006c90                xcpMemFree
 .text.xcpMemReservedPoolCreate
                0x08006e00      0x224 xcp_mem_default.o
                0x08006e00                xcpMemReservedPoolCreate
 .text.xcpMemReservedPoolDestroy
                0x08007024      0x158 xcp_mem_default.o
                0x08007024                xcpMemReservedPoolDestroy
 .text.xcpMemCustomPoolCreate
                0x0800717c       0xbc xcp_mem_default.o
                0x0800717c                xcpMemCustomPoolCreate
 .text.xcpMemCustomPoolDestroy
                0x08007238       0x64 xcp_mem_default.o
                0x08007238                xcpMemCustomPoolDestroy
 .text.xcpMemAllocFromPool
                0x0800729c      0x170 xcp_mem_default.o
                0x0800729c                xcpMemAllocFromPool
 .text.xcpMemReset
                0x0800740c       0x50 xcp_mem_default.o
                0x0800740c                xcpMemReset
 .text.xcpDrvOpen
                0x0800745c       0x64 xcp_drv_rtiostream.o
                0x0800745c                xcpDrvOpen
 .text.xcpDrvIoctl
                0x080074c0       0x4c xcp_drv_rtiostream.o
                0x080074c0                xcpDrvIoctl
 .text.xcpDrvSend
                0x0800750c      0x14c xcp_drv_rtiostream.o
                0x0800750c                xcpDrvSend
 .text.xcpDrvRecv
                0x08007658      0x14c xcp_drv_rtiostream.o
                0x08007658                xcpDrvRecv
 .text.xcpDrvClose
                0x080077a4       0x5c xcp_drv_rtiostream.o
                0x080077a4                xcpDrvClose
 .text.xcpSortArray
                0x08007800       0xcc xcp_utils.o
                0x08007800                xcpSortArray
 .text.xcpSxiHtons
                0x080078cc       0x18 xcp_frame_serial.o
 .text.xcpSxiNtohs
                0x080078e4       0x1c xcp_frame_serial.o
 .text.xcpSxiChecksum
                0x08007900       0x3e xcp_frame_serial.o
                0x08007900                xcpSxiChecksum
 *fill*         0x0800793e        0x2 
 .text.xcpFrameInit
                0x08007940       0x70 xcp_frame_serial.o
                0x08007940                xcpFrameInit
 .text.xcpFrameMsgSend
                0x080079b0      0x184 xcp_frame_serial.o
                0x080079b0                xcpFrameMsgSend
 .text.xcpFrameMsgRecv
                0x08007b34      0x180 xcp_frame_serial.o
                0x08007b34                xcpFrameMsgRecv
 .text.xcpFrameCreateMsg
                0x08007cb4       0x94 xcp_frame_serial.o
                0x08007cb4                xcpFrameCreateMsg
 .text.xcpFrameExtractPacket
                0x08007d48      0x154 xcp_frame_serial.o
                0x08007d48                xcpFrameExtractPacket
 .text.xcpFrameHeaderSize
                0x08007e9c       0x10 xcp_frame_serial.o
                0x08007e9c                xcpFrameHeaderSize
 .text.xcpFrameTailSize
                0x08007eac       0x10 xcp_frame_serial.o
                0x08007eac                xcpFrameTailSize
 .text.xcpFrameMaxDtoSize
                0x08007ebc       0x12 xcp_frame_serial.o
                0x08007ebc                xcpFrameMaxDtoSize
 .text.xcpFrameMaxCtoSize
                0x08007ece       0x10 xcp_frame_serial.o
                0x08007ece                xcpFrameMaxCtoSize
 *fill*         0x08007ede        0x2 
 .text.xcpFrameRestart
                0x08007ee0       0x30 xcp_frame_serial.o
                0x08007ee0                xcpFrameRestart
 .text.xcpFrameSetCtoReservedMemPoolId
                0x08007f10       0x20 xcp_frame_serial.o
                0x08007f10                xcpFrameSetCtoReservedMemPoolId
 .text.xcpFrameReset
                0x08007f30       0x70 xcp_frame_serial.o
                0x08007f30                xcpFrameReset
 .text.xcpTransportGetInitParameters
                0x08007fa0       0x2e xcp_ext_param_default_serial.o
                0x08007fa0                xcpTransportGetInitParameters
 .text.xcpGetInitParameters
                0x08007fce       0x2e xcp_ext_param_default_serial.o
                0x08007fce                xcpGetInitParameters
 .text.HAL_Delay
                0x08007ffc       0x2e overrideHALDelay.o
                0x08007ffc                HAL_Delay
 *fill*         0x0800802a        0x2 
 .text.PeriphCommonClock_Config
                0x0800802c       0x10 platform_timer.o
                0x0800802c                PeriphCommonClock_Config
 .text.getCurrentTimestampInMicros
                0x0800803c       0x40 platform_timer.o
                0x0800803c                getCurrentTimestampInMicros
 .text.returnTimeElapsed
                0x0800807c       0x2c platform_timer.o
                0x0800807c                returnTimeElapsed
 .text.timestampInit
                0x080080a8       0x28 platform_timer.o
 .text.getCurrentTimestamp
                0x080080d0       0x44 platform_timer.o
                0x080080d0                getCurrentTimestamp
 .text.__NVIC_SetPriority
                0x08008114       0x54 SysTickScheduler.o
 .text.SysTick_Config
                0x08008168       0x44 SysTickScheduler.o
 .text.SysTick_Isr
                0x080081ac       0x48 SysTickScheduler.o
 .text.SysTick_Handler
                0x080081f4       0x20 SysTickScheduler.o
                0x080081f4                SysTick_Handler
 .text.ARMCM_SysTick_Config
                0x08008214       0xb0 SysTickScheduler.o
                0x08008214                ARMCM_SysTick_Config
 .text.PendSV_Handler
                0x080082c4       0x44 m3m4m4f_multitasking.o
                0x080082c4                PendSV_Handler
 .text.SVC_Handler
                0x08008308       0x58 m3m4m4f_multitasking.o
                0x08008308                SVC_Handler
 .text.rtIOStreamOpen
                0x08008360       0x44 rtiostream_serial.o
                0x08008360                rtIOStreamOpen
 .text.rtIOStreamSend
                0x080083a4       0x38 rtiostream_serial.o
                0x080083a4                rtIOStreamSend
 .text.rtIOStreamRecv
                0x080083dc       0x48 rtiostream_serial.o
                0x080083dc                rtIOStreamRecv
 .text.rtIOStreamClose
                0x08008424       0x20 rtiostream_serial.o
                0x08008424                rtIOStreamClose
 .text.__NVIC_GetPriorityGrouping
                0x08008444       0x1c stm_usart.o
 .text.__NVIC_EnableIRQ
                0x08008460       0x3c stm_usart.o
 .text.__NVIC_SetPriority
                0x0800849c       0x54 stm_usart.o
 .text.NVIC_EncodePriority
                0x080084f0       0x66 stm_usart.o
 *fill*         0x08008556        0x2 
 .text.LL_DMA_EnableStream
                0x08008558       0x40 stm_usart.o
 .text.LL_DMA_DisableStream
                0x08008598       0x40 stm_usart.o
 .text.LL_DMA_GetMode
                0x080085d8       0x30 stm_usart.o
 .text.LL_DMA_SetDataLength
                0x08008608       0x48 stm_usart.o
 .text.LL_DMA_GetDataLength
                0x08008650       0x2c stm_usart.o
 .text.LL_DMA_ConfigAddresses
                0x0800867c       0x78 stm_usart.o
 .text.LL_DMA_IsActiveFlag_TC5
                0x080086f4       0x28 stm_usart.o
 .text.LL_DMA_ClearFlag_TC5
                0x0800871c       0x1c stm_usart.o
 .text.LL_DMA_EnableIT_TC
                0x08008738       0x40 stm_usart.o
 .text.LL_DMA_DisableIT_TC
                0x08008778       0x40 stm_usart.o
 .text.LL_DMA_IsEnabledIT_TC
                0x080087b8       0x38 stm_usart.o
 .text.LL_USART_Enable
                0x080087f0       0x20 stm_usart.o
 .text.LL_USART_Disable
                0x08008810       0x20 stm_usart.o
 .text.LL_USART_IsActiveFlag_PE
                0x08008830       0x26 stm_usart.o
 .text.LL_USART_IsActiveFlag_FE
                0x08008856       0x26 stm_usart.o
 .text.LL_USART_IsActiveFlag_NE
                0x0800887c       0x26 stm_usart.o
 .text.LL_USART_IsActiveFlag_ORE
                0x080088a2       0x26 stm_usart.o
 .text.LL_USART_IsActiveFlag_TC
                0x080088c8       0x26 stm_usart.o
 .text.LL_USART_IsActiveFlag_TXE
                0x080088ee       0x26 stm_usart.o
 .text.LL_USART_ClearFlag_PE
                0x08008914       0x24 stm_usart.o
 .text.LL_USART_ClearFlag_ORE
                0x08008938       0x24 stm_usart.o
 .text.LL_USART_EnableIT_RXNE
                0x0800895c       0x46 stm_usart.o
 .text.LL_USART_EnableIT_PE
                0x080089a2       0x46 stm_usart.o
 .text.LL_USART_EnableIT_ERROR
                0x080089e8       0x46 stm_usart.o
 .text.LL_USART_DisableIT_RXNE
                0x08008a2e       0x46 stm_usart.o
 .text.LL_USART_DisableIT_TXE
                0x08008a74       0x46 stm_usart.o
 .text.LL_USART_DisableIT_PE
                0x08008aba       0x46 stm_usart.o
 .text.LL_USART_DisableIT_ERROR
                0x08008b00       0x46 stm_usart.o
 .text.LL_USART_EnableDMAReq_RX
                0x08008b46       0x46 stm_usart.o
 .text.LL_USART_DisableDMAReq_RX
                0x08008b8c       0x46 stm_usart.o
 .text.LL_USART_EnableDMAReq_TX
                0x08008bd2       0x46 stm_usart.o
 .text.LL_USART_DisableDMAReq_TX
                0x08008c18       0x46 stm_usart.o
 .text.LL_USART_DMA_GetRegAddr
                0x08008c5e       0x18 stm_usart.o
 .text.LL_USART_ReceiveData8
                0x08008c76       0x1a stm_usart.o
 .text.LL_USART_TransmitData8
                0x08008c90       0x1e stm_usart.o
 .text.getAvailableDataInBuffer
                0x08008cae       0xcc stm_usart.o
                0x08008cae                getAvailableDataInBuffer
 .text.getBytesToBeReadFromBuffer
                0x08008d7a       0x6e stm_usart.o
                0x08008d7a                getBytesToBeReadFromBuffer
 .text.readDataFromBuffer
                0x08008de8       0xcc stm_usart.o
                0x08008de8                readDataFromBuffer
 .text.UART_RXDMAInterruptHandler
                0x08008eb4       0xd4 stm_usart.o
                0x08008eb4                UART_RXDMAInterruptHandler
 .text.UART_IsActiveFlagError
                0x08008f88       0xd6 stm_usart.o
                0x08008f88                UART_IsActiveFlagError
 *fill*         0x0800905e        0x2 
 .text.USART2_IRQHandler
                0x08009060       0x14 stm_usart.o
                0x08009060                USART2_IRQHandler
 .text.DMA1_Stream5_IRQHandler
                0x08009074       0x20 stm_usart.o
                0x08009074                DMA1_Stream5_IRQHandler
 .text.UART_ConfigureReceiveDMA
                0x08009094       0x88 stm_usart.o
                0x08009094                UART_ConfigureReceiveDMA
 .text.UART_ConfigureTransmitDMA
                0x0800911c       0x54 stm_usart.o
                0x0800911c                UART_ConfigureTransmitDMA
 .text.getReadErrorStatus
                0x08009170       0xc8 stm_usart.o
                0x08009170                getReadErrorStatus
 .text.MW_UART_Initialize
                0x08009238      0x198 stm_usart.o
                0x08009238                MW_UART_Initialize
 .text.MW_UART_ReceiveUsingBuffer
                0x080093d0       0x5c stm_usart.o
                0x080093d0                MW_UART_ReceiveUsingBuffer
 .text.MW_UART_TransmitUsingPolling
                0x0800942c      0x184 stm_usart.o
                0x0800942c                MW_UART_TransmitUsingPolling
 .text.MW_UART_DeInit
                0x080095b0       0xaa stm_usart.o
                0x080095b0                MW_UART_DeInit
 .text.sys_arch_protect
                0x0800965a       0x22 sys_arch.o
                0x0800965a                sys_arch_protect
 .text.sys_arch_unprotect
                0x0800967c       0x20 sys_arch.o
                0x0800967c                sys_arch_unprotect
 .text.__NVIC_GetPriorityGrouping
                0x0800969c       0x1c main.o
 .text.__NVIC_EnableIRQ
                0x080096b8       0x3c main.o
 .text.__NVIC_SetPriority
                0x080096f4       0x54 main.o
 .text.NVIC_EncodePriority
                0x08009748       0x66 main.o
 *fill*         0x080097ae        0x2 
 .text.LL_DMA_SetDataTransferDirection
                0x080097b0       0x48 main.o
 .text.LL_DMA_SetMode
                0x080097f8       0x48 main.o
 .text.LL_DMA_SetPeriphIncMode
                0x08009840       0x48 main.o
 .text.LL_DMA_SetMemoryIncMode
                0x08009888       0x48 main.o
 .text.LL_DMA_SetPeriphSize
                0x080098d0       0x48 main.o
 .text.LL_DMA_SetMemorySize
                0x08009918       0x48 main.o
 .text.LL_DMA_SetStreamPriorityLevel
                0x08009960       0x48 main.o
 .text.LL_DMA_SetChannelSelection
                0x080099a8       0x48 main.o
 .text.LL_DMA_DisableFifoMode
                0x080099f0       0x40 main.o
 .text.LL_RCC_HSI_Enable
                0x08009a30       0x20 main.o
 .text.LL_RCC_HSI_IsReady
                0x08009a50       0x24 main.o
 .text.LL_RCC_HSI_SetCalibTrimming
                0x08009a74       0x2c main.o
 .text.LL_RCC_SetSysClkSource
                0x08009aa0       0x28 main.o
 .text.LL_RCC_GetSysClkSource
                0x08009ac8       0x1c main.o
 .text.LL_RCC_SetAHBPrescaler
                0x08009ae4       0x28 main.o
 .text.LL_RCC_SetAPB1Prescaler
                0x08009b0c       0x28 main.o
 .text.LL_RCC_SetAPB2Prescaler
                0x08009b34       0x28 main.o
 .text.LL_RCC_SetTIMPrescaler
                0x08009b5c       0x2c main.o
 .text.LL_RCC_PLL_Enable
                0x08009b88       0x20 main.o
 .text.LL_RCC_PLL_IsReady
                0x08009ba8       0x28 main.o
 .text.LL_RCC_PLL_ConfigDomain_SYS
                0x08009bd0       0x5c main.o
 .text.LL_AHB1_GRP1_EnableClock
                0x08009c2c       0x30 main.o
 .text.LL_APB1_GRP1_EnableClock
                0x08009c5c       0x30 main.o
 .text.LL_APB2_GRP1_EnableClock
                0x08009c8c       0x30 main.o
 .text.LL_SYSCFG_SetEXTISource
                0x08009cbc       0x6c main.o
 .text.LL_FLASH_SetLatency
                0x08009d28       0x28 main.o
 .text.LL_FLASH_GetLatency
                0x08009d50       0x1c main.o
 .text.LL_PWR_DisableOverDriveMode
                0x08009d6c       0x20 main.o
 .text.LL_PWR_SetRegulVoltageScaling
                0x08009d8c       0x28 main.o
 .text.LL_TIM_DisableARRPreload
                0x08009db4       0x20 main.o
 .text.LL_TIM_OC_DisableFast
                0x08009dd4       0x8c main.o
 .text.LL_TIM_OC_EnablePreload
                0x08009e60       0x88 main.o
 .text.LL_TIM_SetTriggerOutput
                0x08009ee8       0x26 main.o
 .text.LL_TIM_DisableMasterSlaveMode
                0x08009f0e       0x20 main.o
 .text.LL_USART_Enable
                0x08009f2e       0x20 main.o
 .text.LL_USART_ConfigAsyncMode
                0x08009f4e       0x2c main.o
 .text.LL_GPIO_SetPinMode
                0x08009f7a       0x7a main.o
 .text.LL_GPIO_SetPinPull
                0x08009ff4       0x7a main.o
 .text.LL_GPIO_ResetOutputPin
                0x0800a06e       0x1e main.o
 .text.SystemClock_Config
                0x0800a08c       0xa0 main.o
                0x0800a08c                SystemClock_Config
 .text.MX_TIM1_Init
                0x0800a12c      0x12c main.o
                0x0800a12c                MX_TIM1_Init
 .text.MX_USART2_UART_Init
                0x0800a258      0x100 main.o
                0x0800a258                MX_USART2_UART_Init
 .text.MX_DMA_Init
                0x0800a358       0x30 main.o
                0x0800a358                MX_DMA_Init
 .text.MX_GPIO_Init
                0x0800a388       0xd8 main.o
                0x0800a388                MX_GPIO_Init
 .text.HAL_TIM_PeriodElapsedCallback
                0x0800a460       0x24 main.o
                0x0800a460                HAL_TIM_PeriodElapsedCallback
 .text.Error_Handler
                0x0800a484        0xa main.o
                0x0800a484                Error_Handler
 .text.NMI_Handler
                0x0800a48e        0x6 stm32f4xx_it.o
                0x0800a48e                NMI_Handler
 .text.HardFault_Handler
                0x0800a494        0x6 stm32f4xx_it.o
                0x0800a494                HardFault_Handler
 .text.MemManage_Handler
                0x0800a49a        0x6 stm32f4xx_it.o
                0x0800a49a                MemManage_Handler
 .text.BusFault_Handler
                0x0800a4a0        0x6 stm32f4xx_it.o
                0x0800a4a0                BusFault_Handler
 .text.UsageFault_Handler
                0x0800a4a6        0x6 stm32f4xx_it.o
                0x0800a4a6                UsageFault_Handler
 .text.DebugMon_Handler
                0x0800a4ac        0xe stm32f4xx_it.o
                0x0800a4ac                DebugMon_Handler
 *fill*         0x0800a4ba        0x2 
 .text.TIM5_IRQHandler
                0x0800a4bc       0x14 stm32f4xx_it.o
                0x0800a4bc                TIM5_IRQHandler
 .text.HAL_MspInit
                0x0800a4d0       0x50 stm32f4xx_hal_msp.o
                0x0800a4d0                HAL_MspInit
 .text.HAL_InitTick
                0x0800a520       0xb4 stm32f4xx_hal_timebase_tim.o
                0x0800a520                HAL_InitTick
 .text.HAL_TIM_Base_Init
                0x0800a5d4       0x9e stm32f4xx_hal_tim.o
                0x0800a5d4                HAL_TIM_Base_Init
 .text.HAL_TIM_Base_MspInit
                0x0800a672       0x14 stm32f4xx_hal_tim.o
                0x0800a672                HAL_TIM_Base_MspInit
 *fill*         0x0800a686        0x2 
 .text.HAL_TIM_Base_Start_IT
                0x0800a688       0xe0 stm32f4xx_hal_tim.o
                0x0800a688                HAL_TIM_Base_Start_IT
 .text.HAL_TIM_IRQHandler
                0x0800a768      0x210 stm32f4xx_hal_tim.o
                0x0800a768                HAL_TIM_IRQHandler
 .text.HAL_TIM_OC_DelayElapsedCallback
                0x0800a978       0x14 stm32f4xx_hal_tim.o
                0x0800a978                HAL_TIM_OC_DelayElapsedCallback
 .text.HAL_TIM_IC_CaptureCallback
                0x0800a98c       0x14 stm32f4xx_hal_tim.o
                0x0800a98c                HAL_TIM_IC_CaptureCallback
 .text.HAL_TIM_PWM_PulseFinishedCallback
                0x0800a9a0       0x14 stm32f4xx_hal_tim.o
                0x0800a9a0                HAL_TIM_PWM_PulseFinishedCallback
 .text.HAL_TIM_TriggerCallback
                0x0800a9b4       0x14 stm32f4xx_hal_tim.o
                0x0800a9b4                HAL_TIM_TriggerCallback
 .text.TIM_Base_SetConfig
                0x0800a9c8      0x140 stm32f4xx_hal_tim.o
                0x0800a9c8                TIM_Base_SetConfig
 .text.HAL_TIMEx_CommutCallback
                0x0800ab08       0x14 stm32f4xx_hal_tim_ex.o
                0x0800ab08                HAL_TIMEx_CommutCallback
 .text.HAL_TIMEx_BreakCallback
                0x0800ab1c       0x14 stm32f4xx_hal_tim_ex.o
                0x0800ab1c                HAL_TIMEx_BreakCallback
 .text.LL_GPIO_SetPinMode
                0x0800ab30       0x7a stm32f4xx_ll_gpio.o
 .text.LL_GPIO_SetPinOutputType
                0x0800abaa       0x30 stm32f4xx_ll_gpio.o
 .text.LL_GPIO_SetPinSpeed
                0x0800abda       0x7a stm32f4xx_ll_gpio.o
 .text.LL_GPIO_SetPinPull
                0x0800ac54       0x7a stm32f4xx_ll_gpio.o
 .text.LL_GPIO_SetAFPin_0_7
                0x0800acce       0x7a stm32f4xx_ll_gpio.o
 .text.LL_GPIO_SetAFPin_8_15
                0x0800ad48       0x7e stm32f4xx_ll_gpio.o
 .text.LL_GPIO_Init
                0x0800adc6      0x102 stm32f4xx_ll_gpio.o
                0x0800adc6                LL_GPIO_Init
 .text.LL_TIM_SetPrescaler
                0x0800aec8       0x1c stm32f4xx_ll_tim.o
 .text.LL_TIM_SetAutoReload
                0x0800aee4       0x1c stm32f4xx_ll_tim.o
 .text.LL_TIM_SetRepetitionCounter
                0x0800af00       0x1c stm32f4xx_ll_tim.o
 .text.LL_TIM_OC_SetCompareCH1
                0x0800af1c       0x1c stm32f4xx_ll_tim.o
 .text.LL_TIM_OC_SetCompareCH2
                0x0800af38       0x1c stm32f4xx_ll_tim.o
 .text.LL_TIM_OC_SetCompareCH3
                0x0800af54       0x1c stm32f4xx_ll_tim.o
 .text.LL_TIM_OC_SetCompareCH4
                0x0800af70       0x1c stm32f4xx_ll_tim.o
 .text.LL_TIM_GenerateEvent_UPDATE
                0x0800af8c       0x20 stm32f4xx_ll_tim.o
 .text.LL_TIM_Init
                0x0800afac      0x134 stm32f4xx_ll_tim.o
                0x0800afac                LL_TIM_Init
 .text.LL_TIM_OC_Init
                0x0800b0e0       0x82 stm32f4xx_ll_tim.o
                0x0800b0e0                LL_TIM_OC_Init
 .text.LL_TIM_BDTR_Init
                0x0800b162       0x92 stm32f4xx_ll_tim.o
                0x0800b162                LL_TIM_BDTR_Init
 .text.OC1Config
                0x0800b1f4       0xd8 stm32f4xx_ll_tim.o
 .text.OC2Config
                0x0800b2cc       0xe0 stm32f4xx_ll_tim.o
 .text.OC3Config
                0x0800b3ac       0xe0 stm32f4xx_ll_tim.o
 .text.OC4Config
                0x0800b48c       0xb0 stm32f4xx_ll_tim.o
 .text.LL_RCC_GetSysClkSource
                0x0800b53c       0x1c stm32f4xx_ll_rcc.o
 .text.LL_RCC_GetAHBPrescaler
                0x0800b558       0x1c stm32f4xx_ll_rcc.o
 .text.LL_RCC_GetAPB1Prescaler
                0x0800b574       0x1c stm32f4xx_ll_rcc.o
 .text.LL_RCC_GetAPB2Prescaler
                0x0800b590       0x1c stm32f4xx_ll_rcc.o
 .text.LL_RCC_PLL_GetMainSource
                0x0800b5ac       0x1c stm32f4xx_ll_rcc.o
 .text.LL_RCC_PLL_GetN
                0x0800b5c8       0x1c stm32f4xx_ll_rcc.o
 .text.LL_RCC_PLL_GetP
                0x0800b5e4       0x1c stm32f4xx_ll_rcc.o
 .text.LL_RCC_PLL_GetR
                0x0800b600       0x1c stm32f4xx_ll_rcc.o
 .text.LL_RCC_PLL_GetDivider
                0x0800b61c       0x1c stm32f4xx_ll_rcc.o
 .text.LL_RCC_GetSystemClocksFreq
                0x0800b638       0x4a stm32f4xx_ll_rcc.o
                0x0800b638                LL_RCC_GetSystemClocksFreq
 *fill*         0x0800b682        0x2 
 .text.RCC_GetSystemClockFreq
                0x0800b684       0x88 stm32f4xx_ll_rcc.o
                0x0800b684                RCC_GetSystemClockFreq
 .text.RCC_GetHCLKClockFreq
                0x0800b70c       0x2c stm32f4xx_ll_rcc.o
                0x0800b70c                RCC_GetHCLKClockFreq
 .text.RCC_GetPCLK1ClockFreq
                0x0800b738       0x28 stm32f4xx_ll_rcc.o
                0x0800b738                RCC_GetPCLK1ClockFreq
 .text.RCC_GetPCLK2ClockFreq
                0x0800b760       0x28 stm32f4xx_ll_rcc.o
                0x0800b760                RCC_GetPCLK2ClockFreq
 .text.RCC_PLL_GetFreqDomain_SYS
                0x0800b788       0xa4 stm32f4xx_ll_rcc.o
                0x0800b788                RCC_PLL_GetFreqDomain_SYS
 .text.LL_SetSystemCoreClock
                0x0800b82c       0x20 stm32f4xx_ll_utils.o
                0x0800b82c                LL_SetSystemCoreClock
 .text.LL_EXTI_EnableIT_0_31
                0x0800b84c       0x24 stm32f4xx_ll_exti.o
 .text.LL_EXTI_DisableIT_0_31
                0x0800b870       0x28 stm32f4xx_ll_exti.o
 .text.LL_EXTI_EnableEvent_0_31
                0x0800b898       0x24 stm32f4xx_ll_exti.o
 .text.LL_EXTI_DisableEvent_0_31
                0x0800b8bc       0x28 stm32f4xx_ll_exti.o
 .text.LL_EXTI_EnableRisingTrig_0_31
                0x0800b8e4       0x24 stm32f4xx_ll_exti.o
 .text.LL_EXTI_DisableRisingTrig_0_31
                0x0800b908       0x28 stm32f4xx_ll_exti.o
 .text.LL_EXTI_EnableFallingTrig_0_31
                0x0800b930       0x24 stm32f4xx_ll_exti.o
 .text.LL_EXTI_DisableFallingTrig_0_31
                0x0800b954       0x28 stm32f4xx_ll_exti.o
 .text.LL_EXTI_Init
                0x0800b97c       0xfe stm32f4xx_ll_exti.o
                0x0800b97c                LL_EXTI_Init
 *fill*         0x0800ba7a        0x2 
 .text.HAL_RCC_GetHCLKFreq
                0x0800ba7c       0x18 stm32f4xx_hal_rcc.o
                0x0800ba7c                HAL_RCC_GetHCLKFreq
 .text.HAL_RCC_GetPCLK1Freq
                0x0800ba94       0x28 stm32f4xx_hal_rcc.o
                0x0800ba94                HAL_RCC_GetPCLK1Freq
 .text.HAL_RCC_GetClockConfig
                0x0800babc       0x64 stm32f4xx_hal_rcc.o
                0x0800babc                HAL_RCC_GetClockConfig
 .text.__NVIC_SetPriorityGrouping
                0x0800bb20       0x48 stm32f4xx_hal_cortex.o
 .text.__NVIC_GetPriorityGrouping
                0x0800bb68       0x1c stm32f4xx_hal_cortex.o
 .text.__NVIC_EnableIRQ
                0x0800bb84       0x3c stm32f4xx_hal_cortex.o
 .text.__NVIC_SetPriority
                0x0800bbc0       0x54 stm32f4xx_hal_cortex.o
 .text.NVIC_EncodePriority
                0x0800bc14       0x66 stm32f4xx_hal_cortex.o
 .text.HAL_NVIC_SetPriorityGrouping
                0x0800bc7a       0x16 stm32f4xx_hal_cortex.o
                0x0800bc7a                HAL_NVIC_SetPriorityGrouping
 .text.HAL_NVIC_SetPriority
                0x0800bc90       0x38 stm32f4xx_hal_cortex.o
                0x0800bc90                HAL_NVIC_SetPriority
 .text.HAL_NVIC_EnableIRQ
                0x0800bcc8       0x1c stm32f4xx_hal_cortex.o
                0x0800bcc8                HAL_NVIC_EnableIRQ
 .text.HAL_Init
                0x0800bce4       0x44 stm32f4xx_hal.o
                0x0800bce4                HAL_Init
 .text.HAL_IncTick
                0x0800bd28       0x28 stm32f4xx_hal.o
                0x0800bd28                HAL_IncTick
 .text.HAL_GetTick
                0x0800bd50       0x18 stm32f4xx_hal.o
                0x0800bd50                HAL_GetTick
 .text.LL_USART_IsEnabled
                0x0800bd68       0x28 stm32f4xx_ll_usart.o
 .text.LL_USART_SetStopBitsLength
                0x0800bd90       0x26 stm32f4xx_ll_usart.o
 .text.LL_USART_SetHWFlowCtrl
                0x0800bdb6       0x26 stm32f4xx_ll_usart.o
 .text.LL_USART_SetBaudRate
                0x0800bddc      0x45c stm32f4xx_ll_usart.o
 .text.LL_USART_Init
                0x0800c238      0x100 stm32f4xx_ll_usart.o
                0x0800c238                LL_USART_Init
 .text.SystemInit
                0x0800c338       0x24 system_stm32f4xx.o
                0x0800c338                SystemInit
 .text.Reset_Handler
                0x0800c35c       0x50 startup_stm32f446retx.o
                0x0800c35c                Reset_Handler
 .text.Default_Handler
                0x0800c3ac        0x2 startup_stm32f446retx.o
                0x0800c3ac                RTC_Alarm_IRQHandler
                0x0800c3ac                EXTI2_IRQHandler
                0x0800c3ac                TIM8_CC_IRQHandler
                0x0800c3ac                FMPI2C1_EV_IRQHandler
                0x0800c3ac                SPI4_IRQHandler
                0x0800c3ac                TIM1_CC_IRQHandler
                0x0800c3ac                DMA2_Stream5_IRQHandler
                0x0800c3ac                PVD_IRQHandler
                0x0800c3ac                SDIO_IRQHandler
                0x0800c3ac                TAMP_STAMP_IRQHandler
                0x0800c3ac                CAN2_RX1_IRQHandler
                0x0800c3ac                EXTI3_IRQHandler
                0x0800c3ac                TIM8_TRG_COM_TIM14_IRQHandler
                0x0800c3ac                TIM1_UP_TIM10_IRQHandler
                0x0800c3ac                TIM8_UP_TIM13_IRQHandler
                0x0800c3ac                I2C3_ER_IRQHandler
                0x0800c3ac                EXTI0_IRQHandler
                0x0800c3ac                I2C2_EV_IRQHandler
                0x0800c3ac                DMA1_Stream2_IRQHandler
                0x0800c3ac                CAN1_RX0_IRQHandler
                0x0800c3ac                FPU_IRQHandler
                0x0800c3ac                OTG_HS_WKUP_IRQHandler
                0x0800c3ac                CAN2_SCE_IRQHandler
                0x0800c3ac                DMA2_Stream2_IRQHandler
                0x0800c3ac                SPI1_IRQHandler
                0x0800c3ac                TIM6_DAC_IRQHandler
                0x0800c3ac                TIM1_BRK_TIM9_IRQHandler
                0x0800c3ac                DCMI_IRQHandler
                0x0800c3ac                CAN2_RX0_IRQHandler
                0x0800c3ac                DMA2_Stream3_IRQHandler
                0x0800c3ac                SAI2_IRQHandler
                0x0800c3ac                USART6_IRQHandler
                0x0800c3ac                USART3_IRQHandler
                0x0800c3ac                CAN1_RX1_IRQHandler
                0x0800c3ac                UART5_IRQHandler
                0x0800c3ac                DMA2_Stream0_IRQHandler
                0x0800c3ac                TIM4_IRQHandler
                0x0800c3ac                QUADSPI_IRQHandler
                0x0800c3ac                I2C1_EV_IRQHandler
                0x0800c3ac                DMA1_Stream6_IRQHandler
                0x0800c3ac                DMA1_Stream1_IRQHandler
                0x0800c3ac                UART4_IRQHandler
                0x0800c3ac                TIM3_IRQHandler
                0x0800c3ac                RCC_IRQHandler
                0x0800c3ac                TIM8_BRK_TIM12_IRQHandler
                0x0800c3ac                Default_Handler
                0x0800c3ac                CEC_IRQHandler
                0x0800c3ac                EXTI15_10_IRQHandler
                0x0800c3ac                ADC_IRQHandler
                0x0800c3ac                DMA1_Stream7_IRQHandler
                0x0800c3ac                TIM7_IRQHandler
                0x0800c3ac                CAN2_TX_IRQHandler
                0x0800c3ac                DMA2_Stream7_IRQHandler
                0x0800c3ac                I2C3_EV_IRQHandler
                0x0800c3ac                EXTI9_5_IRQHandler
                0x0800c3ac                RTC_WKUP_IRQHandler
                0x0800c3ac                SPDIF_RX_IRQHandler
                0x0800c3ac                SPI2_IRQHandler
                0x0800c3ac                OTG_HS_EP1_IN_IRQHandler
                0x0800c3ac                DMA1_Stream0_IRQHandler
                0x0800c3ac                CAN1_TX_IRQHandler
                0x0800c3ac                FMPI2C1_ER_IRQHandler
                0x0800c3ac                EXTI4_IRQHandler
                0x0800c3ac                OTG_HS_EP1_OUT_IRQHandler
                0x0800c3ac                WWDG_IRQHandler
                0x0800c3ac                TIM2_IRQHandler
                0x0800c3ac                OTG_FS_WKUP_IRQHandler
                0x0800c3ac                TIM1_TRG_COM_TIM11_IRQHandler
                0x0800c3ac                OTG_HS_IRQHandler
                0x0800c3ac                EXTI1_IRQHandler
                0x0800c3ac                I2C2_ER_IRQHandler
                0x0800c3ac                DMA2_Stream1_IRQHandler
                0x0800c3ac                CAN1_SCE_IRQHandler
                0x0800c3ac                FLASH_IRQHandler
                0x0800c3ac                DMA2_Stream4_IRQHandler
                0x0800c3ac                USART1_IRQHandler
                0x0800c3ac                OTG_FS_IRQHandler
                0x0800c3ac                SPI3_IRQHandler
                0x0800c3ac                DMA1_Stream4_IRQHandler
                0x0800c3ac                I2C1_ER_IRQHandler
                0x0800c3ac                FMC_IRQHandler
                0x0800c3ac                DMA2_Stream6_IRQHandler
                0x0800c3ac                SAI1_IRQHandler
                0x0800c3ac                DMA1_Stream3_IRQHandler
 *fill*         0x0800c3ae        0x2 
 .text.fmod     0x0800c3b0       0x6c c:/programdata/matlab/supportpackages/r2024a/3p.instrset/gnuarm-armcortex.instrset/win/bin/../lib/gcc/arm-none-eabi/11.3.1/thumb/v7e-m+fp/hard\libm.a(libm_a-w_fmod.o)
                0x0800c3b0                fmod
 *fill*         0x0800c41c        0x4 
 .text.ceil     0x0800c420      0x110 c:/programdata/matlab/supportpackages/r2024a/3p.instrset/gnuarm-armcortex.instrset/win/bin/../lib/gcc/arm-none-eabi/11.3.1/thumb/v7e-m+fp/hard\libm.a(libm_a-s_ceil.o)
                0x0800c420                ceil
 .text.floor    0x0800c530      0x118 c:/programdata/matlab/supportpackages/r2024a/3p.instrset/gnuarm-armcortex.instrset/win/bin/../lib/gcc/arm-none-eabi/11.3.1/thumb/v7e-m+fp/hard\libm.a(libm_a-s_floor.o)
                0x0800c530                floor
 .text.__ieee754_fmod
                0x0800c648      0x27c c:/programdata/matlab/supportpackages/r2024a/3p.instrset/gnuarm-armcortex.instrset/win/bin/../lib/gcc/arm-none-eabi/11.3.1/thumb/v7e-m+fp/hard\libm.a(libm_a-e_fmod.o)
                0x0800c648                __ieee754_fmod
 .text.__udivmoddi4
                0x0800c8c4      0x2c8 c:/programdata/matlab/supportpackages/r2024a/3p.instrset/gnuarm-armcortex.instrset/win/bin/../lib/gcc/arm-none-eabi/11.3.1/thumb/v7e-m+fp/hard\libgcc.a(_udivmoddi4.o)
                0x0800c8c4                __udivmoddi4
 .text.memset   0x0800cb8c       0x10 c:/programdata/matlab/supportpackages/r2024a/3p.instrset/gnuarm-armcortex.instrset/win/bin/../lib/gcc/arm-none-eabi/11.3.1/thumb/v7e-m+fp/hard\libg_nano.a(libc_a-memset.o)
                0x0800cb8c                memset
 .text.__errno  0x0800cb9c        0xc c:/programdata/matlab/supportpackages/r2024a/3p.instrset/gnuarm-armcortex.instrset/win/bin/../lib/gcc/arm-none-eabi/11.3.1/thumb/v7e-m+fp/hard\libg_nano.a(libc_a-errno.o)
                0x0800cb9c                __errno
 .text.__libc_init_array
                0x0800cba8       0x48 c:/programdata/matlab/supportpackages/r2024a/3p.instrset/gnuarm-armcortex.instrset/win/bin/../lib/gcc/arm-none-eabi/11.3.1/thumb/v7e-m+fp/hard\libg_nano.a(libc_a-init.o)
                0x0800cba8                __libc_init_array
 .text.memcpy   0x0800cbf0       0x1c c:/programdata/matlab/supportpackages/r2024a/3p.instrset/gnuarm-armcortex.instrset/win/bin/../lib/gcc/arm-none-eabi/11.3.1/thumb/v7e-m+fp/hard\libg_nano.a(libc_a-memcpy-stub.o)
                0x0800cbf0                memcpy
 *(.glue_7)
 .glue_7        0x0800cc0c        0x0 linker stubs
 *(.glue_7t)
 .glue_7t       0x0800cc0c        0x0 linker stubs
 *(.eh_frame)
 .eh_frame      0x0800cc0c        0x0 c:/programdata/matlab/supportpackages/r2024a/3p.instrset/gnuarm-armcortex.instrset/win/bin/../lib/gcc/arm-none-eabi/11.3.1/thumb/v7e-m+fp/hard/crtbegin.o
 *(.init)
 .init          0x0800cc0c        0x4 c:/programdata/matlab/supportpackages/r2024a/3p.instrset/gnuarm-armcortex.instrset/win/bin/../lib/gcc/arm-none-eabi/11.3.1/thumb/v7e-m+fp/hard/crti.o
                0x0800cc0c                _init
 .init          0x0800cc10        0x8 c:/programdata/matlab/supportpackages/r2024a/3p.instrset/gnuarm-armcortex.instrset/win/bin/../lib/gcc/arm-none-eabi/11.3.1/thumb/v7e-m+fp/hard/crtn.o
 *(.fini)
 .fini          0x0800cc18        0x4 c:/programdata/matlab/supportpackages/r2024a/3p.instrset/gnuarm-armcortex.instrset/win/bin/../lib/gcc/arm-none-eabi/11.3.1/thumb/v7e-m+fp/hard/crti.o
                0x0800cc18                _fini
 .fini          0x0800cc1c        0x8 c:/programdata/matlab/supportpackages/r2024a/3p.instrset/gnuarm-armcortex.instrset/win/bin/../lib/gcc/arm-none-eabi/11.3.1/thumb/v7e-m+fp/hard/crtn.o
                0x0800cc24                . = ALIGN (0x4)
                0x0800cc24                _etext = .

.vfp11_veneer   0x0800cc24        0x0
 .vfp11_veneer  0x0800cc24        0x0 linker stubs

.v4_bx          0x0800cc24        0x0
 .v4_bx         0x0800cc24        0x0 linker stubs

.iplt           0x0800cc24        0x0
 .iplt          0x0800cc24        0x0 c:/programdata/matlab/supportpackages/r2024a/3p.instrset/gnuarm-armcortex.instrset/win/bin/../lib/gcc/arm-none-eabi/11.3.1/thumb/v7e-m+fp/hard/crtbegin.o

.rodata         0x0800cc28     0x29e0
                0x0800cc28                . = ALIGN (0x4)
 *(.rodata)
 .rodata        0x0800cc28      0x2b9 xcp_ext_mode.o
 *fill*         0x0800cee1        0x3 
 .rodata        0x0800cee4      0x12e xcp_ext_common.o
 *fill*         0x0800d012        0x2 
 .rodata        0x0800d014       0x4c xcp_ext_classic_trigger.o
 .rodata        0x0800d060      0x278 xcp.o
 .rodata        0x0800d2d8      0x3a9 xcp_standard.o
 *fill*         0x0800d681        0x3 
 .rodata        0x0800d684     0x1010 xcp_daq.o
 .rodata        0x0800e694       0xdd xcp_calibration.o
 *fill*         0x0800e771        0x3 
 .rodata        0x0800e774      0x56e xcp_transport.o
 *fill*         0x0800ece2        0x2 
 .rodata        0x0800ece4       0xf5 xcp_mem_default.o
 *fill*         0x0800edd9        0x3 
 .rodata        0x0800eddc      0x228 xcp_drv_rtiostream.o
 .rodata        0x0800f004      0x4aa xcp_frame_serial.o
 *(.rodata*)
 *fill*         0x0800f4ae        0x2 
 .rodata.servoMotor_M
                0x0800f4b0        0x4 servoMotor.o
                0x0800f4b0                servoMotor_M
 .rodata.rtAlwaysEnabled.0
                0x0800f4b4        0x1 servoMotor.o
 *fill*         0x0800f4b5        0x3 
 .rodata.standardSupportedRxPacket
                0x0800f4b8       0x54 xcp_standard.o
 .rodata.daqSupportedRxPacket
                0x0800f50c       0x9c xcp_daq.o
 .rodata.calibrationSupportedRxPacket
                0x0800f5a8       0x18 xcp_calibration.o
 .rodata.STREAM_OFFSET_TAB
                0x0800f5c0        0x8 stm_usart.o
 .rodata.STREAM_OFFSET_TAB
                0x0800f5c8        0x8 main.o
 .rodata.OFFSET_TAB_CCMRx
                0x0800f5d0        0x7 main.o
 *fill*         0x0800f5d7        0x1 
 .rodata.SHIFT_TAB_OCxx
                0x0800f5d8        0x7 main.o
 *fill*         0x0800f5df        0x1 
 .rodata.AHBPrescTable
                0x0800f5e0       0x10 system_stm32f4xx.o
                0x0800f5e0                AHBPrescTable
 .rodata.APBPrescTable
                0x0800f5f0        0x8 system_stm32f4xx.o
                0x0800f5f0                APBPrescTable
 .rodata.Zero   0x0800f5f8       0x10 c:/programdata/matlab/supportpackages/r2024a/3p.instrset/gnuarm-armcortex.instrset/win/bin/../lib/gcc/arm-none-eabi/11.3.1/thumb/v7e-m+fp/hard\libm.a(libm_a-e_fmod.o)
                0x0800f608                . = ALIGN (0x4)

.ARM.extab      0x0800f608        0x0
                0x0800f608                . = ALIGN (0x4)
 *(.ARM.extab* .gnu.linkonce.armextab.*)
                0x0800f608                . = ALIGN (0x4)

.ARM            0x0800f608        0x8
                0x0800f608                . = ALIGN (0x4)
                0x0800f608                __exidx_start = .
 *(.ARM.exidx*)
 .ARM.exidx.text.__udivmoddi4
                0x0800f608        0x8 c:/programdata/matlab/supportpackages/r2024a/3p.instrset/gnuarm-armcortex.instrset/win/bin/../lib/gcc/arm-none-eabi/11.3.1/thumb/v7e-m+fp/hard\libgcc.a(_udivmoddi4.o)
                0x0800f610                __exidx_end = .
                0x0800f610                . = ALIGN (0x4)

.preinit_array  0x0800f610        0x0
                0x0800f610                . = ALIGN (0x4)
                0x0800f610                PROVIDE (__preinit_array_start = .)
 *(.preinit_array*)
                0x0800f610                PROVIDE (__preinit_array_end = .)
                0x0800f610                . = ALIGN (0x4)

.init_array     0x0800f610        0x4
                0x0800f610                . = ALIGN (0x4)
                0x0800f610                PROVIDE (__init_array_start = .)
 *(SORT_BY_NAME(.init_array.*))
 *(.init_array*)
 .init_array    0x0800f610        0x4 c:/programdata/matlab/supportpackages/r2024a/3p.instrset/gnuarm-armcortex.instrset/win/bin/../lib/gcc/arm-none-eabi/11.3.1/thumb/v7e-m+fp/hard/crtbegin.o
                0x0800f614                PROVIDE (__init_array_end = .)
                0x0800f614                . = ALIGN (0x4)

.fini_array     0x0800f614        0x4
                0x0800f614                . = ALIGN (0x4)
                [!provide]                PROVIDE (__fini_array_start = .)
 *(SORT_BY_NAME(.fini_array.*))
 *(.fini_array*)
 .fini_array    0x0800f614        0x4 c:/programdata/matlab/supportpackages/r2024a/3p.instrset/gnuarm-armcortex.instrset/win/bin/../lib/gcc/arm-none-eabi/11.3.1/thumb/v7e-m+fp/hard/crtbegin.o
                [!provide]                PROVIDE (__fini_array_end = .)
                0x0800f618                . = ALIGN (0x4)
                0x0800f618                _sidata = LOADADDR (.data)

.rel.dyn        0x0800f618        0x0
 .rel.iplt      0x0800f618        0x0 c:/programdata/matlab/supportpackages/r2024a/3p.instrset/gnuarm-armcortex.instrset/win/bin/../lib/gcc/arm-none-eabi/11.3.1/thumb/v7e-m+fp/hard/crtbegin.o

.data           0x20000000       0xe8 load address 0x0800f618
                0x20000000                . = ALIGN (0x4)
                0x20000000                _sdata = .
 *(.data)
 *(.data*)
 .data.servoMotor_P
                0x20000000        0x8 servoMotor_data.o
                0x20000000                servoMotor_P
 .data.xcpExtmodeFinalSimulationTime
                0x20000008        0x8 xcp_ext_common.o
                0x20000008                xcpExtmodeFinalSimulationTime
 .data.xcpClassicTriggerDuration
                0x20000010        0x4 xcp_ext_classic_trigger.o
                0x20000010                xcpClassicTriggerDuration
 .data.xcpClassicTriggerArmRequest
                0x20000014        0x1 xcp_ext_classic_trigger.o
                0x20000014                xcpClassicTriggerArmRequest
 *fill*         0x20000015        0x3 
 .data.startStopDaqListId
                0x20000018        0x4 xcp_daq.o
 .data.xcpCurrentDaq
                0x2000001c        0x4 xcp_daq.o
 .data.xcpEventCustomMemoryManager
                0x20000020        0xc xcp_daq.o
 .data.xcpCtoReservedMemPoolId
                0x2000002c        0x4 xcp_transport.o
 .data.xcpMemMainBlockSizes
                0x20000030        0xc xcp_mem_default.o
 .data.xcpMemMainBlocksNumber
                0x2000003c        0xc xcp_mem_default.o
 .data.drvID    0x20000048        0x4 xcp_drv_rtiostream.o
 .data.xcpCtoReservedMemPoolId
                0x2000004c        0x4 xcp_frame_serial.o
 .data.uartObj  0x20000050       0x40 rtiostream_serial.o
                0x20000050                uartObj
 .data.uwTickFreq
                0x20000090        0x1 stm32f4xx_hal.o
                0x20000090                uwTickFreq
 *fill*         0x20000091        0x3 
 .data.SystemCoreClock
                0x20000094        0x4 system_stm32f4xx.o
                0x20000094                SystemCoreClock
 .data._impure_data
                0x20000098       0x4c c:/programdata/matlab/supportpackages/r2024a/3p.instrset/gnuarm-armcortex.instrset/win/bin/../lib/gcc/arm-none-eabi/11.3.1/thumb/v7e-m+fp/hard\libg_nano.a(libc_a-impure.o)
                0x20000098                _impure_data
 .data._impure_ptr
                0x200000e4        0x4 c:/programdata/matlab/supportpackages/r2024a/3p.instrset/gnuarm-armcortex.instrset/win/bin/../lib/gcc/arm-none-eabi/11.3.1/thumb/v7e-m+fp/hard\libg_nano.a(libc_a-impure.o)
                0x200000e4                _impure_ptr
 *(.RamFunc)
 *(.RamFunc*)
                0x200000e8                . = ALIGN (0x4)
                0x200000e8                _edata = .

.tm_clone_table
                0x200000e8        0x0 load address 0x0800f700
 .tm_clone_table
                0x200000e8        0x0 c:/programdata/matlab/supportpackages/r2024a/3p.instrset/gnuarm-armcortex.instrset/win/bin/../lib/gcc/arm-none-eabi/11.3.1/thumb/v7e-m+fp/hard/crtbegin.o
 .tm_clone_table
                0x200000e8        0x0 c:/programdata/matlab/supportpackages/r2024a/3p.instrset/gnuarm-armcortex.instrset/win/bin/../lib/gcc/arm-none-eabi/11.3.1/thumb/v7e-m+fp/hard/crtend.o

.igot.plt       0x200000e8        0x0 load address 0x0800f700
 .igot.plt      0x200000e8        0x0 c:/programdata/matlab/supportpackages/r2024a/3p.instrset/gnuarm-armcortex.instrset/win/bin/../lib/gcc/arm-none-eabi/11.3.1/thumb/v7e-m+fp/hard/crtbegin.o
                0x200000e8                . = ALIGN (0x4)

.bss            0x200000e8      0xe08 load address 0x0800f700
                0x200000e8                _sbss = .
                0x200000e8                __bss_start__ = _sbss
 *(.bss)
 *(.bss*)
 .bss.completed.1
                0x200000e8        0x1 c:/programdata/matlab/supportpackages/r2024a/3p.instrset/gnuarm-armcortex.instrset/win/bin/../lib/gcc/arm-none-eabi/11.3.1/thumb/v7e-m+fp/hard/crtbegin.o
 *fill*         0x200000e9        0x3 
 .bss.object.0  0x200000ec       0x18 c:/programdata/matlab/supportpackages/r2024a/3p.instrset/gnuarm-armcortex.instrset/win/bin/../lib/gcc/arm-none-eabi/11.3.1/thumb/v7e-m+fp/hard/crtbegin.o
 .bss.mw_tim1   0x20000104       0x8c stm_timer_ll.o
                0x20000104                mw_tim1
 .bss.xcpCustomTriggerFunction
                0x20000190        0x8 xcp_ext_mode.o
 .bss.IsrOverrun
                0x20000198        0x4 ert_main.o
                0x20000198                IsrOverrun
 .bss.OverrunFlag
                0x2000019c        0x1 ert_main.o
 .bss.stopRequested
                0x2000019d        0x1 ert_main.o
                0x2000019d                stopRequested
 .bss.runModel  0x2000019e        0x1 ert_main.o
                0x2000019e                runModel
 *fill*         0x2000019f        0x1 
 .bss.servoMotor_DW
                0x200001a0       0x10 servoMotor.o
                0x200001a0                servoMotor_DW
 .bss.servoMotor_M_
                0x200001b0       0x48 servoMotor.o
 .bss.rt_ExtModeInfo.2
                0x200001f8       0x14 servoMotor.o
 .bss.systemRan.1
                0x2000020c        0x8 servoMotor.o
 .bss.xcpModelStartRequest
                0x20000214        0x1 xcp_ext_common.o
                0x20000214                xcpModelStartRequest
 .bss.xcpModelStopRequest
                0x20000215        0x1 xcp_ext_common.o
                0x20000215                xcpModelStopRequest
 .bss.xcpModelStatus
                0x20000216        0x1 xcp_ext_common.o
                0x20000216                xcpModelStatus
 *fill*         0x20000217        0x1 
 .bss.xcpModelChecksum0
                0x20000218        0x4 xcp_ext_common.o
                0x20000218                xcpModelChecksum0
 .bss.xcpModelChecksum1
                0x2000021c        0x4 xcp_ext_common.o
                0x2000021c                xcpModelChecksum1
 .bss.xcpModelChecksum2
                0x20000220        0x4 xcp_ext_common.o
                0x20000220                xcpModelChecksum2
 .bss.xcpModelChecksum3
                0x20000224        0x4 xcp_ext_common.o
                0x20000224                xcpModelChecksum3
 .bss.xcpModelIntegerCode
                0x20000228        0x4 xcp_ext_common.o
                0x20000228                xcpModelIntegerCode
 .bss.xcpExtmodeSimulationComplete
                0x2000022c        0x1 xcp_ext_common.o
                0x2000022c                xcpExtmodeSimulationComplete
 *fill*         0x2000022d        0x3 
 .bss.xcpDummyDoubleVariable
                0x20000230        0x8 xcp_ext_common.o
                0x20000230                xcpDummyDoubleVariable
 .bss.xcpCurrentSimulationTimeInMs
                0x20000238        0x8 xcp_ext_common.o
                0x20000238                xcpCurrentSimulationTimeInMs
 .bss.xcpBaseRateSimulationTime
                0x20000240        0x8 xcp_ext_common.o
 .bss.xcpClassicTriggerEventId
                0x20000248        0x2 xcp_ext_classic_trigger.o
                0x20000248                xcpClassicTriggerEventId
 *fill*         0x2000024a        0x2 
 .bss.xcpClassicTriggerSignalAddress
                0x2000024c        0x4 xcp_ext_classic_trigger.o
                0x2000024c                xcpClassicTriggerSignalAddress
 .bss.xcpClassicTriggerSignalAddressExtension
                0x20000250        0x1 xcp_ext_classic_trigger.o
                0x20000250                xcpClassicTriggerSignalAddressExtension
 *fill*         0x20000251        0x7 
 .bss.xcpClassicTriggerLevel
                0x20000258        0x8 xcp_ext_classic_trigger.o
                0x20000258                xcpClassicTriggerLevel
 .bss.xcpClassicTriggerHoldOff
                0x20000260        0x4 xcp_ext_classic_trigger.o
                0x20000260                xcpClassicTriggerHoldOff
 .bss.xcpClassicTriggerDelay
                0x20000264        0x4 xcp_ext_classic_trigger.o
                0x20000264                xcpClassicTriggerDelay
 .bss.xcpClassicTriggerDirection
                0x20000268        0x1 xcp_ext_classic_trigger.o
                0x20000268                xcpClassicTriggerDirection
 .bss.xcpClassicTriggerCancelRequest
                0x20000269        0x1 xcp_ext_classic_trigger.o
                0x20000269                xcpClassicTriggerCancelRequest
 .bss.xcpClassicTriggerSource
                0x2000026a        0x1 xcp_ext_classic_trigger.o
                0x2000026a                xcpClassicTriggerSource
 .bss.xcpClassicTriggerMode
                0x2000026b        0x1 xcp_ext_classic_trigger.o
                0x2000026b                xcpClassicTriggerMode
 .bss.xcpClassicTriggerStatus
                0x2000026c        0x1 xcp_ext_classic_trigger.o
                0x2000026c                xcpClassicTriggerStatus
 *fill*         0x2000026d        0x3 
 .bss.xcpOldSignalValue
                0x20000270        0x8 xcp_ext_classic_trigger.o
 .bss.xcpOldSignalValueAvailable
                0x20000278        0x1 xcp_ext_classic_trigger.o
 .bss.xcpOldClassicTriggerSource
                0x20000279        0x1 xcp_ext_classic_trigger.o
 .bss.xcpTriggerEnabled
                0x2000027a        0x1 xcp_ext_classic_trigger.o
 .bss.xcpSignalTriggerFired
                0x2000027b        0x1 xcp_ext_classic_trigger.o
 .bss.xcpTriggerCount
                0x2000027c        0x4 xcp_ext_classic_trigger.o
 .bss.xcpForcedTriggerEnabled
                0x20000280        0x1 xcp_ext_classic_trigger.o
 .bss.xcpForceTriggerEnableRequest
                0x20000281        0x1 xcp_ext_classic_trigger.o
 .bss.initialized
                0x20000282        0x1 xcp.o
 .bss.xcpStatus
                0x20000283        0x1 xcp.o
 .bss.xcpSessionStatus
                0x20000284        0x1 xcp.o
 .bss.xcpResourceProtectionStatus
                0x20000285        0x1 xcp.o
 .bss.xcpSessionConfigurationId
                0x20000286        0x2 xcp.o
 .bss.groupPacketLookup
                0x20000288       0x10 xcp.o
 .bss.xcpMta    0x20000298        0x8 xcp_standard.o
 .bss.xcpUploadSize
                0x200002a0        0x1 xcp_standard.o
 *fill*         0x200002a1        0x3 
 .bss.packetLookup
                0x200002a4        0x4 xcp_standard.o
 .bss.xcpDynamicDaqLists
                0x200002a8        0x8 xcp_daq.o
 .bss.xcpRunningEventCounter
                0x200002b0        0x4 xcp_daq.o
 .bss.daqLock   0x200002b4        0x4 xcp_daq.o
 .bss.packetLookup
                0x200002b8        0x4 xcp_daq.o
 .bss.packetLookup
                0x200002bc        0x4 xcp_calibration.o
 .bss.txFifo    0x200002c0       0x10 xcp_transport.o
 .bss.txLock    0x200002d0        0x4 xcp_transport.o
 .bss.rxFifo    0x200002d4        0x8 xcp_transport.o
 .bss.rxLock    0x200002dc        0x4 xcp_transport.o
 .bss.initialized
                0x200002e0        0x1 xcp_transport.o
 *fill*         0x200002e1        0x3 
 .bss.xcpMemPoolDescriptors
                0x200002e4       0xa8 xcp_mem_default.o
 .bss.xcpMemCustomPoolDescriptors
                0x2000038c        0x8 xcp_mem_default.o
 .bss.xcpMemMainChunk
                0x20000394      0x2bf xcp_mem_default.o
 *fill*         0x20000653        0x1 
 .bss.xcpMemReservedPoolsChunk
                0x20000654      0x2a1 xcp_mem_default.o
 *fill*         0x200008f5        0x3 
 .bss.xcpMemReservedPoolsChunkUsedBytes
                0x200008f8        0x4 xcp_mem_default.o
 .bss.xcpMemLock
                0x200008fc        0x4 xcp_mem_default.o
 .bss.forceBlocking
                0x20000900        0x1 xcp_drv_rtiostream.o
 *fill*         0x20000901        0x1 
 .bss.txCounter
                0x20000902        0x2 xcp_frame_serial.o
 .bss.rxCounter
                0x20000904        0x2 xcp_frame_serial.o
 *fill*         0x20000906        0x2 
 .bss.firstRxCounterReceived
                0x20000908        0x4 xcp_frame_serial.o
 .bss.initialized
                0x2000090c        0x1 xcp_frame_serial.o
 *fill*         0x2000090d        0x3 
 .bss.timestampInitialized
                0x20000910        0x4 platform_timer.o
 .bss.timestampStartTime
                0x20000914        0x4 platform_timer.o
 .bss.schdl_counter
                0x20000918        0x4 SysTickScheduler.o
                0x20000918                schdl_counter
 .bss.schdl_counter_max
                0x2000091c        0x4 SysTickScheduler.o
                0x2000091c                schdl_counter_max
 .bss.taskToSchedule
                0x20000920        0x4 m3m4m4f_multitasking.o
                0x20000920                taskToSchedule
 .bss.mw_ext_h  0x20000924        0x4 rtiostream_serial.o
                0x20000924                mw_ext_h
 .bss.UARTRxBuffer
                0x20000928        0x4 rtiostream_serial.o
                0x20000928                UARTRxBuffer
 .bss.mw_usart2
                0x2000092c       0x40 stm_usart.o
                0x2000092c                mw_usart2
 .bss.USART2ReceiveBuffer
                0x2000096c      0x400 stm_usart.o
                0x2000096c                USART2ReceiveBuffer
 .bss.htim5     0x20000d6c       0x48 stm32f4xx_hal_timebase_tim.o
                0x20000d6c                htim5
 .bss.uwTick    0x20000db4        0x4 stm32f4xx_hal.o
                0x20000db4                uwTick
 .bss.__sf      0x20000db8      0x138 c:/programdata/matlab/supportpackages/r2024a/3p.instrset/gnuarm-armcortex.instrset/win/bin/../lib/gcc/arm-none-eabi/11.3.1/thumb/v7e-m+fp/hard\libg_nano.a(libc_a-findfp.o)
                0x20000db8                __sf
 *(COMMON)
                0x20000ef0                . = ALIGN (0x4)
                0x20000ef0                _ebss = .
                0x20000ef0                __bss_end__ = _ebss

._user_heap_stack
                0x20000ef0      0x600 load address 0x0800f700
                0x20000ef0                . = ALIGN (0x8)
                [!provide]                PROVIDE (end = .)
                0x20000ef0                PROVIDE (_end = .)
                0x200010f0                . = (. + _Min_Heap_Size)
 *fill*         0x20000ef0      0x200 
                0x200014f0                . = (. + _Min_Stack_Size)
 *fill*         0x200010f0      0x400 
                0x200014f0                . = ALIGN (0x8)

/DISCARD/
 libc.a(*)
 libm.a(*)
 libgcc.a(*)

.ARM.attributes
                0x00000000       0x30
 *(.ARM.attributes)
 .ARM.attributes
                0x00000000       0x1e c:/programdata/matlab/supportpackages/r2024a/3p.instrset/gnuarm-armcortex.instrset/win/bin/../lib/gcc/arm-none-eabi/11.3.1/thumb/v7e-m+fp/hard/crti.o
 .ARM.attributes
                0x0000001e       0x34 c:/programdata/matlab/supportpackages/r2024a/3p.instrset/gnuarm-armcortex.instrset/win/bin/../lib/gcc/arm-none-eabi/11.3.1/thumb/v7e-m+fp/hard/crtbegin.o
 .ARM.attributes
                0x00000052       0x34 stm_timer_ll.o
 .ARM.attributes
                0x00000086       0x34 xcp_ext_mode.o
 .ARM.attributes
                0x000000ba       0x34 ert_main.o
 .ARM.attributes
                0x000000ee       0x34 servoMotor.o
 .ARM.attributes
                0x00000122       0x34 servoMotor_data.o
 .ARM.attributes
                0x00000156       0x34 xcp_ext_common.o
 .ARM.attributes
                0x0000018a       0x34 xcp_ext_classic_trigger.o
 .ARM.attributes
                0x000001be       0x34 xcp.o
 .ARM.attributes
                0x000001f2       0x34 xcp_standard.o
 .ARM.attributes
                0x00000226       0x34 xcp_daq.o
 .ARM.attributes
                0x0000025a       0x34 xcp_calibration.o
 .ARM.attributes
                0x0000028e       0x34 xcp_fifo.o
 .ARM.attributes
                0x000002c2       0x34 xcp_transport.o
 .ARM.attributes
                0x000002f6       0x34 xcp_mem_default.o
 .ARM.attributes
                0x0000032a       0x34 xcp_drv_rtiostream.o
 .ARM.attributes
                0x0000035e       0x34 xcp_utils.o
 .ARM.attributes
                0x00000392       0x34 xcp_frame_serial.o
 .ARM.attributes
                0x000003c6       0x34 xcp_ext_param_default_serial.o
 .ARM.attributes
                0x000003fa       0x34 overrideHALDelay.o
 .ARM.attributes
                0x0000042e       0x34 platform_timer.o
 .ARM.attributes
                0x00000462       0x34 SysTickScheduler.o
 .ARM.attributes
                0x00000496       0x34 m3m4m4f_multitasking.o
 .ARM.attributes
                0x000004ca       0x34 rtiostream_serial.o
 .ARM.attributes
                0x000004fe       0x34 stm_usart.o
 .ARM.attributes
                0x00000532       0x34 sys_arch.o
 .ARM.attributes
                0x00000566       0x34 main.o
 .ARM.attributes
                0x0000059a       0x34 stm32f4xx_it.o
 .ARM.attributes
                0x000005ce       0x34 stm32f4xx_hal_msp.o
 .ARM.attributes
                0x00000602       0x34 stm32f4xx_hal_timebase_tim.o
 .ARM.attributes
                0x00000636       0x34 stm32f4xx_hal_tim.o
 .ARM.attributes
                0x0000066a       0x34 stm32f4xx_hal_tim_ex.o
 .ARM.attributes
                0x0000069e       0x34 stm32f4xx_ll_gpio.o
 .ARM.attributes
                0x000006d2       0x34 stm32f4xx_ll_tim.o
 .ARM.attributes
                0x00000706       0x34 stm32f4xx_ll_rcc.o
 .ARM.attributes
                0x0000073a       0x34 stm32f4xx_ll_utils.o
 .ARM.attributes
                0x0000076e       0x34 stm32f4xx_ll_exti.o
 .ARM.attributes
                0x000007a2       0x34 stm32f4xx_hal_rcc.o
 .ARM.attributes
                0x000007d6       0x34 stm32f4xx_hal_cortex.o
 .ARM.attributes
                0x0000080a       0x34 stm32f4xx_hal.o
 .ARM.attributes
                0x0000083e       0x34 stm32f4xx_ll_usart.o
 .ARM.attributes
                0x00000872       0x34 system_stm32f4xx.o
 .ARM.attributes
                0x000008a6       0x21 startup_stm32f446retx.o
 .ARM.attributes
                0x000008c7       0x34 c:/programdata/matlab/supportpackages/r2024a/3p.instrset/gnuarm-armcortex.instrset/win/bin/../lib/gcc/arm-none-eabi/11.3.1/thumb/v7e-m+fp/hard\libm.a(libm_a-w_fmod.o)
 .ARM.attributes
                0x000008fb       0x34 c:/programdata/matlab/supportpackages/r2024a/3p.instrset/gnuarm-armcortex.instrset/win/bin/../lib/gcc/arm-none-eabi/11.3.1/thumb/v7e-m+fp/hard\libm.a(libm_a-s_ceil.o)
 .ARM.attributes
                0x0000092f       0x34 c:/programdata/matlab/supportpackages/r2024a/3p.instrset/gnuarm-armcortex.instrset/win/bin/../lib/gcc/arm-none-eabi/11.3.1/thumb/v7e-m+fp/hard\libm.a(libm_a-s_floor.o)
 .ARM.attributes
                0x00000963       0x34 c:/programdata/matlab/supportpackages/r2024a/3p.instrset/gnuarm-armcortex.instrset/win/bin/../lib/gcc/arm-none-eabi/11.3.1/thumb/v7e-m+fp/hard\libm.a(libm_a-e_fmod.o)
 .ARM.attributes
                0x00000997       0x1e c:/programdata/matlab/supportpackages/r2024a/3p.instrset/gnuarm-armcortex.instrset/win/bin/../lib/gcc/arm-none-eabi/11.3.1/thumb/v7e-m+fp/hard\libgcc.a(_arm_addsubdf3.o)
 .ARM.attributes
                0x000009b5       0x1e c:/programdata/matlab/supportpackages/r2024a/3p.instrset/gnuarm-armcortex.instrset/win/bin/../lib/gcc/arm-none-eabi/11.3.1/thumb/v7e-m+fp/hard\libgcc.a(_arm_muldivdf3.o)
 .ARM.attributes
                0x000009d3       0x1e c:/programdata/matlab/supportpackages/r2024a/3p.instrset/gnuarm-armcortex.instrset/win/bin/../lib/gcc/arm-none-eabi/11.3.1/thumb/v7e-m+fp/hard\libgcc.a(_arm_cmpdf2.o)
 .ARM.attributes
                0x000009f1       0x1e c:/programdata/matlab/supportpackages/r2024a/3p.instrset/gnuarm-armcortex.instrset/win/bin/../lib/gcc/arm-none-eabi/11.3.1/thumb/v7e-m+fp/hard\libgcc.a(_arm_unorddf2.o)
 .ARM.attributes
                0x00000a0f       0x1e c:/programdata/matlab/supportpackages/r2024a/3p.instrset/gnuarm-armcortex.instrset/win/bin/../lib/gcc/arm-none-eabi/11.3.1/thumb/v7e-m+fp/hard\libgcc.a(_arm_fixunsdfsi.o)
 .ARM.attributes
                0x00000a2d       0x1e c:/programdata/matlab/supportpackages/r2024a/3p.instrset/gnuarm-armcortex.instrset/win/bin/../lib/gcc/arm-none-eabi/11.3.1/thumb/v7e-m+fp/hard\libgcc.a(_aeabi_uldivmod.o)
 .ARM.attributes
                0x00000a4b       0x34 c:/programdata/matlab/supportpackages/r2024a/3p.instrset/gnuarm-armcortex.instrset/win/bin/../lib/gcc/arm-none-eabi/11.3.1/thumb/v7e-m+fp/hard\libgcc.a(_udivmoddi4.o)
 .ARM.attributes
                0x00000a7f       0x1e c:/programdata/matlab/supportpackages/r2024a/3p.instrset/gnuarm-armcortex.instrset/win/bin/../lib/gcc/arm-none-eabi/11.3.1/thumb/v7e-m+fp/hard\libgcc.a(_dvmd_tls.o)
 .ARM.attributes
                0x00000a9d       0x34 c:/programdata/matlab/supportpackages/r2024a/3p.instrset/gnuarm-armcortex.instrset/win/bin/../lib/gcc/arm-none-eabi/11.3.1/thumb/v7e-m+fp/hard\libg_nano.a(libc_a-findfp.o)
 .ARM.attributes
                0x00000ad1       0x34 c:/programdata/matlab/supportpackages/r2024a/3p.instrset/gnuarm-armcortex.instrset/win/bin/../lib/gcc/arm-none-eabi/11.3.1/thumb/v7e-m+fp/hard\libg_nano.a(libc_a-memset.o)
 .ARM.attributes
                0x00000b05       0x34 c:/programdata/matlab/supportpackages/r2024a/3p.instrset/gnuarm-armcortex.instrset/win/bin/../lib/gcc/arm-none-eabi/11.3.1/thumb/v7e-m+fp/hard\libg_nano.a(libc_a-impure.o)
 .ARM.attributes
                0x00000b39       0x34 c:/programdata/matlab/supportpackages/r2024a/3p.instrset/gnuarm-armcortex.instrset/win/bin/../lib/gcc/arm-none-eabi/11.3.1/thumb/v7e-m+fp/hard\libg_nano.a(libc_a-errno.o)
 .ARM.attributes
                0x00000b6d       0x34 c:/programdata/matlab/supportpackages/r2024a/3p.instrset/gnuarm-armcortex.instrset/win/bin/../lib/gcc/arm-none-eabi/11.3.1/thumb/v7e-m+fp/hard\libg_nano.a(libc_a-init.o)
 .ARM.attributes
                0x00000ba1       0x34 c:/programdata/matlab/supportpackages/r2024a/3p.instrset/gnuarm-armcortex.instrset/win/bin/../lib/gcc/arm-none-eabi/11.3.1/thumb/v7e-m+fp/hard\libg_nano.a(libc_a-memcpy-stub.o)
 .ARM.attributes
                0x00000bd5       0x34 c:/programdata/matlab/supportpackages/r2024a/3p.instrset/gnuarm-armcortex.instrset/win/bin/../lib/gcc/arm-none-eabi/11.3.1/thumb/v7e-m+fp/hard/crtend.o
 .ARM.attributes
                0x00000c09       0x1e c:/programdata/matlab/supportpackages/r2024a/3p.instrset/gnuarm-armcortex.instrset/win/bin/../lib/gcc/arm-none-eabi/11.3.1/thumb/v7e-m+fp/hard/crtn.o
OUTPUT(../servoMotor.elf elf32-littlearm)
LOAD linker stubs
LOAD c:/programdata/matlab/supportpackages/r2024a/3p.instrset/gnuarm-armcortex.instrset/win/bin/../lib/gcc/arm-none-eabi/11.3.1/thumb/v7e-m+fp/hard\libc.a