Archive member included to satisfy reference by file (symbol)

c:/programdata/matlab/supportpackages/r2024a/3p.instrset/gnuarm-armcortex.instrset/win/bin/../lib/gcc/arm-none-eabi/11.3.1/thumb/v7e-m+fp/hard\libgcc.a(_aeabi_uldivmod.o)
                              stm32f4xx_ll_usart.o (__aeabi_uldivmod)
c:/programdata/matlab/supportpackages/r2024a/3p.instrset/gnuarm-armcortex.instrset/win/bin/../lib/gcc/arm-none-eabi/11.3.1/thumb/v7e-m+fp/hard\libgcc.a(_udivmoddi4.o)
                              c:/programdata/matlab/supportpackages/r2024a/3p.instrset/gnuarm-armcortex.instrset/win/bin/../lib/gcc/arm-none-eabi/11.3.1/thumb/v7e-m+fp/hard\libgcc.a(_aeabi_uldivmod.o) (__udivmoddi4)
c:/programdata/matlab/supportpackages/r2024a/3p.instrset/gnuarm-armcortex.instrset/win/bin/../lib/gcc/arm-none-eabi/11.3.1/thumb/v7e-m+fp/hard\libgcc.a(_dvmd_tls.o)
                              c:/programdata/matlab/supportpackages/r2024a/3p.instrset/gnuarm-armcortex.instrset/win/bin/../lib/gcc/arm-none-eabi/11.3.1/thumb/v7e-m+fp/hard\libgcc.a(_aeabi_uldivmod.o) (__aeabi_ldiv0)
c:/programdata/matlab/supportpackages/r2024a/3p.instrset/gnuarm-armcortex.instrset/win/bin/../lib/gcc/arm-none-eabi/11.3.1/thumb/v7e-m+fp/hard\libc_nano.a(libc_a-exit.o)
                              c:/programdata/matlab/supportpackages/r2024a/3p.instrset/gnuarm-armcortex.instrset/win/bin/../lib/gcc/arm-none-eabi/11.3.1/thumb/v7e-m+fp/hard/crt0.o (exit)
c:/programdata/matlab/supportpackages/r2024a/3p.instrset/gnuarm-armcortex.instrset/win/bin/../lib/gcc/arm-none-eabi/11.3.1/thumb/v7e-m+fp/hard\libc_nano.a(libc_a-findfp.o)
                              c:/programdata/matlab/supportpackages/r2024a/3p.instrset/gnuarm-armcortex.instrset/win/bin/../lib/gcc/arm-none-eabi/11.3.1/thumb/v7e-m+fp/hard\libc_nano.a(libc_a-exit.o) (__stdio_exit_handler)
c:/programdata/matlab/supportpackages/r2024a/3p.instrset/gnuarm-armcortex.instrset/win/bin/../lib/gcc/arm-none-eabi/11.3.1/thumb/v7e-m+fp/hard\libc_nano.a(libc_a-fwalk.o)
                              c:/programdata/matlab/supportpackages/r2024a/3p.instrset/gnuarm-armcortex.instrset/win/bin/../lib/gcc/arm-none-eabi/11.3.1/thumb/v7e-m+fp/hard\libc_nano.a(libc_a-findfp.o) (_fwalk_sglue)
c:/programdata/matlab/supportpackages/r2024a/3p.instrset/gnuarm-armcortex.instrset/win/bin/../lib/gcc/arm-none-eabi/11.3.1/thumb/v7e-m+fp/hard\libc_nano.a(libc_a-stdio.o)
                              c:/programdata/matlab/supportpackages/r2024a/3p.instrset/gnuarm-armcortex.instrset/win/bin/../lib/gcc/arm-none-eabi/11.3.1/thumb/v7e-m+fp/hard\libc_nano.a(libc_a-findfp.o) (__sread)
c:/programdata/matlab/supportpackages/r2024a/3p.instrset/gnuarm-armcortex.instrset/win/bin/../lib/gcc/arm-none-eabi/11.3.1/thumb/v7e-m+fp/hard\libc_nano.a(libc_a-memset.o)
                              c:/programdata/matlab/supportpackages/r2024a/3p.instrset/gnuarm-armcortex.instrset/win/bin/../lib/gcc/arm-none-eabi/11.3.1/thumb/v7e-m+fp/hard/crt0.o (memset)
c:/programdata/matlab/supportpackages/r2024a/3p.instrset/gnuarm-armcortex.instrset/win/bin/../lib/gcc/arm-none-eabi/11.3.1/thumb/v7e-m+fp/hard\libc_nano.a(libc_a-closer.o)
                              c:/programdata/matlab/supportpackages/r2024a/3p.instrset/gnuarm-armcortex.instrset/win/bin/../lib/gcc/arm-none-eabi/11.3.1/thumb/v7e-m+fp/hard\libc_nano.a(libc_a-stdio.o) (_close_r)
c:/programdata/matlab/supportpackages/r2024a/3p.instrset/gnuarm-armcortex.instrset/win/bin/../lib/gcc/arm-none-eabi/11.3.1/thumb/v7e-m+fp/hard\libc_nano.a(libc_a-reent.o)
                              c:/programdata/matlab/supportpackages/r2024a/3p.instrset/gnuarm-armcortex.instrset/win/bin/../lib/gcc/arm-none-eabi/11.3.1/thumb/v7e-m+fp/hard\libc_nano.a(libc_a-closer.o) (errno)
c:/programdata/matlab/supportpackages/r2024a/3p.instrset/gnuarm-armcortex.instrset/win/bin/../lib/gcc/arm-none-eabi/11.3.1/thumb/v7e-m+fp/hard\libc_nano.a(libc_a-impure.o)
                              c:/programdata/matlab/supportpackages/r2024a/3p.instrset/gnuarm-armcortex.instrset/win/bin/../lib/gcc/arm-none-eabi/11.3.1/thumb/v7e-m+fp/hard\libc_nano.a(libc_a-reent.o) (_impure_ptr)
c:/programdata/matlab/supportpackages/r2024a/3p.instrset/gnuarm-armcortex.instrset/win/bin/../lib/gcc/arm-none-eabi/11.3.1/thumb/v7e-m+fp/hard\libc_nano.a(libc_a-lseekr.o)
                              c:/programdata/matlab/supportpackages/r2024a/3p.instrset/gnuarm-armcortex.instrset/win/bin/../lib/gcc/arm-none-eabi/11.3.1/thumb/v7e-m+fp/hard\libc_nano.a(libc_a-stdio.o) (_lseek_r)
c:/programdata/matlab/supportpackages/r2024a/3p.instrset/gnuarm-armcortex.instrset/win/bin/../lib/gcc/arm-none-eabi/11.3.1/thumb/v7e-m+fp/hard\libc_nano.a(libc_a-readr.o)
                              c:/programdata/matlab/supportpackages/r2024a/3p.instrset/gnuarm-armcortex.instrset/win/bin/../lib/gcc/arm-none-eabi/11.3.1/thumb/v7e-m+fp/hard\libc_nano.a(libc_a-stdio.o) (_read_r)
[...]
Memory Configuration

Name             Origin             Length             Attributes
RAM              0x20000000         0x00020000         xrw
FLASH            0x08000000         0x00080000         xr
*default*        0x00000000         0xffffffff

Linker script and memory map

LOAD c:/programdata/matlab/supportpackages/r2024a/3p.instrset/gnuarm-armcortex.instrset/win/bin/../lib/gcc/arm-none-eabi/11.3.1/thumb/v7e-m+fp/hard/crti.o
LOAD c:/programdata/matlab/supportpackages/r2024a/3p.instrset/gnuarm-armcortex.instrset/win/bin/../lib/gcc/arm-none-eabi/11.3.1/thumb/v7e-m+fp/hard/crtbegin.o
LOAD c:/programdata/matlab/supportpackages/r2024a/3p.instrset/gnuarm-armcortex.instrset/win/bin/../lib/gcc/arm-none-eabi/11.3.1/thumb/v7e-m+fp/hard/crt0.o
LOAD mw_stm32_nvic.o
LOAD ert_main.o
LOAD trafficLight.o
LOAD trafficLight_data.o
LOAD overrideHALDelay.o
LOAD platform_timer.o
LOAD SysTickScheduler.o
LOAD m3m4m4f_multitasking.o
LOAD main.o
LOAD stm32f4xx_it.o
LOAD stm32f4xx_hal_msp.o
LOAD stm32f4xx_hal_timebase_tim.o
LOAD stm32f4xx_hal_tim.o
LOAD stm32f4xx_hal_tim_ex.o
LOAD stm32f4xx_ll_gpio.o
LOAD stm32f4xx_ll_dma.o
LOAD stm32f4xx_ll_usart.o
LOAD stm32f4xx_ll_rcc.o
LOAD stm32f4xx_ll_utils.o
LOAD stm32f4xx_ll_exti.o
LOAD stm32f4xx_hal_rcc.o
LOAD stm32f4xx_hal_rcc_ex.o
LOAD stm32f4xx_hal_flash.o
LOAD stm32f4xx_hal_flash_ex.o
LOAD stm32f4xx_hal_flash_ramfunc.o
LOAD stm32f4xx_hal_gpio.o
LOAD stm32f4xx_hal_dma_ex.o
LOAD stm32f4xx_hal_dma.o
LOAD stm32f4xx_hal_pwr.o
LOAD stm32f4xx_hal_pwr_ex.o
LOAD stm32f4xx_hal_cortex.o
LOAD stm32f4xx_hal.o
LOAD stm32f4xx_hal_exti.o
LOAD system_stm32f4xx.o
LOAD syscalls.o
LOAD sysmem.o
LOAD startup_stm32f446retx.o
LOAD C:/ProgramData/MATLAB/SupportPackages/R2024a/3P.instrset/cmsis_dsp.instrset/Lib/GCC/arm_cortexm4ldfsp_math/libCMSISDSP.a
LOAD C:/ProgramData/MATLAB/SupportPackages/R2024a/toolbox/shared/supportpackages/stm32/lib/GCC/libmw_pdmfilter_m4_spfp.lib
LOAD c:/programdata/matlab/supportpackages/r2024a/3p.instrset/gnuarm-armcortex.instrset/win/bin/../lib/gcc/arm-none-eabi/11.3.1/thumb/v7e-m+fp/hard\libstdc++_nano.a
LOAD c:/programdata/matlab/supportpackages/r2024a/3p.instrset/gnuarm-armcortex.instrset/win/bin/../lib/gcc/arm-none-eabi/11.3.1/thumb/v7e-m+fp/hard\libm.a
START GROUP
LOAD c:/programdata/matlab/supportpackages/r2024a/3p.instrset/gnuarm-armcortex.instrset/win/bin/../lib/gcc/arm-none-eabi/11.3.1/thumb/v7e-m+fp/hard\libgcc.a
LOAD c:/programdata/matlab/supportpackages/r2024a/3p.instrset/gnuarm-armcortex.instrset/win/bin/../lib/gcc/arm-none-eabi/11.3.1/thumb/v7e-m+fp/hard\libc_nano.a
END GROUP
START GROUP
LOAD c:/programdata/matlab/supportpackages/r2024a/3p.instrset/gnuarm-armcortex.instrset/win/bin/../lib/gcc/arm-none-eabi/11.3.1/thumb/v7e-m+fp/hard\libgcc.a
LOAD c:/programdata/matlab/supportpackages/r2024a/3p.instrset/gnuarm-armcortex.instrset/win/bin/../lib/gcc/arm-none-eabi/11.3.1/thumb/v7e-m+fp/hard\libc_nano.a
LOAD c:/programdata/matlab/supportpackages/r2024a/3p.instrset/gnuarm-armcortex.instrset/win/bin/../lib/gcc/arm-none-eabi/11.3.1/thumb/v7e-m+fp/hard\libnosys.a
END GROUP
START GROUP
LOAD c:/programdata/matlab/supportpackages/r2024a/3p.instrset/gnuarm-armcortex.instrset/win/bin/../lib/gcc/arm-none-eabi/11.3.1/thumb/v7e-m+fp/hard\libgcc.a
LOAD c:/programdata/matlab/supportpackages/r2024a/3p.instrset/gnuarm-armcortex.instrset/win/bin/../lib/gcc/arm-none-eabi/11.3.1/thumb/v7e-m+fp/hard\libc_nano.a
LOAD c:/programdata/matlab/supportpackages/r2024a/3p.instrset/gnuarm-armcortex.instrset/win/bin/../lib/gcc/arm-none-eabi/11.3.1/thumb/v7e-m+fp/hard\libnosys.a
END GROUP
LOAD c:/programdata/matlab/supportpackages/r2024a/3p.instrset/gnuarm-armcortex.instrset/win/bin/../lib/gcc/arm-none-eabi/11.3.1/thumb/v7e-m+fp/hard/crtend.o
LOAD c:/programdata/matlab/supportpackages/r2024a/3p.instrset/gnuarm-armcortex.instrset/win/bin/../lib/gcc/arm-none-eabi/11.3.1/thumb/v7e-m+fp/hard/crtn.o
                0x20020000                _estack = (ORIGIN (RAM) + LENGTH (RAM))
                0x00000200                _Min_Heap_Size = 0x200
                0x00000400                _Min_Stack_Size = 0x400

.isr_vector     0x08000000      0x1c4
                0x08000000                . = ALIGN (0x4)
 *(.isr_vector)
 .isr_vector    0x08000000      0x1c4 startup_stm32f446retx.o
                0x08000000                g_pfnVectors
                0x080001c4                . = ALIGN (0x4)

.text           0x080001c4     0x3044
                0x080001c4                . = ALIGN (0x4)
 *(.text)
 .text          0x080001c4       0x30 c:/programdata/matlab/supportpackages/r2024a/3p.instrset/gnuarm-armcortex.instrset/win/bin/../lib/gcc/arm-none-eabi/11.3.1/thumb/v7e-m+fp/hard\libgcc.a(_aeabi_uldivmod.o)
                0x080001c4                __aeabi_uldivmod
 .text          0x080001f4        0x4 c:/programdata/matlab/supportpackages/r2024a/3p.instrset/gnuarm-armcortex.instrset/win/bin/../lib/gcc/arm-none-eabi/11.3.1/thumb/v7e-m+fp/hard\libgcc.a(_dvmd_tls.o)
                0x080001f4                __aeabi_idiv0
                0x080001f4                __aeabi_ldiv0
 *(.text*)
 .text.deregister_tm_clones
                0x080001f8       0x1c c:/programdata/matlab/supportpackages/r2024a/3p.instrset/gnuarm-armcortex.instrset/win/bin/../lib/gcc/arm-none-eabi/11.3.1/thumb/v7e-m+fp/hard/crtbegin.o
 .text.register_tm_clones
                0x08000214       0x24 c:/programdata/matlab/supportpackages/r2024a/3p.instrset/gnuarm-armcortex.instrset/win/bin/../lib/gcc/arm-none-eabi/11.3.1/thumb/v7e-m+fp/hard/crtbegin.o
 .text.__do_global_dtors_aux
                0x08000238       0x28 c:/programdata/matlab/supportpackages/r2024a/3p.instrset/gnuarm-armcortex.instrset/win/bin/../lib/gcc/arm-none-eabi/11.3.1/thumb/v7e-m+fp/hard/crtbegin.o
 .text.frame_dummy
                0x08000260       0x24 c:/programdata/matlab/supportpackages/r2024a/3p.instrset/gnuarm-armcortex.instrset/win/bin/../lib/gcc/arm-none-eabi/11.3.1/thumb/v7e-m+fp/hard/crtbegin.o
 .text.__NVIC_SetPriority
                0x08000284       0x54 mw_stm32_nvic.o
 .text.MW_NVIC_ConfigureIRQ
                0x080002d8       0x26 mw_stm32_nvic.o
                0x080002d8                MW_NVIC_ConfigureIRQ
 .text.MW_HWI_MaskInterrupt
                0x080002fe       0x2a mw_stm32_nvic.o
                0x080002fe                MW_HWI_MaskInterrupt
 .text.rt_OneStep
                0x08000328       0x4c ert_main.o
                0x08000328                rt_OneStep
 .text.main     0x08000374       0xd8 ert_main.o
                0x08000374                main
 .text.__NVIC_EnableIRQ
                0x0800044c       0x3c trafficLight.o
 .text.__NVIC_DisableIRQ
                0x08000488       0x48 trafficLight.o
 .text.LL_EXTI_IsEnabledIT_0_31
                0x080004d0       0x2c trafficLight.o
 .text.LL_EXTI_IsActiveFlag_0_31
                0x080004fc       0x2c trafficLight.o
 .text.LL_EXTI_ClearFlag_0_31
                0x08000528       0x20 trafficLight.o
 .text.LL_GPIO_SetOutputPin
                0x08000548       0x1c trafficLight.o
 .text.LL_GPIO_ResetOutputPin
                0x08000564       0x1e trafficLight.o
 *fill*         0x08000582        0x2 
 .text.trafficLight_step
                0x08000584      0x254 trafficLight.o
                0x08000584                trafficLight_step
 .text.trafficLight_initialize
                0x080007d8       0x20 trafficLight.o
                0x080007d8                trafficLight_initialize
 .text.trafficLight_terminate
                0x080007f8        0xe trafficLight.o
                0x080007f8                trafficLight_terminate
 *fill*         0x08000806        0x2 
 .text.trafficLight_configure_interrupts
                0x08000808       0x1c trafficLight.o
                0x08000808                trafficLight_configure_interrupts
 .text.EXTI15_10_IRQHandler
                0x08000824       0x8c trafficLight.o
                0x08000824                EXTI15_10_IRQHandler
 .text.trafficLight_unconfigure_interrupts
                0x080008b0        0xe trafficLight.o
                0x080008b0                trafficLight_unconfigure_interrupts
 *fill*         0x080008be        0x2 
 .text.PeriphCommonClock_Config
                0x080008c0       0x10 platform_timer.o
                0x080008c0                PeriphCommonClock_Config
 .text.__NVIC_SetPriority
                0x080008d0       0x54 SysTickScheduler.o
 .text.SysTick_Config
                0x08000924       0x44 SysTickScheduler.o
 .text.SysTick_Isr
                0x08000968       0x48 SysTickScheduler.o
 .text.SysTick_Handler
                0x080009b0       0x20 SysTickScheduler.o
                0x080009b0                SysTick_Handler
 .text.ARMCM_SysTick_Config
                0x080009d0       0xb8 SysTickScheduler.o
                0x080009d0                ARMCM_SysTick_Config
 .text.PendSV_Handler
                0x08000a88       0x44 m3m4m4f_multitasking.o
                0x08000a88                PendSV_Handler
 .text.SVC_Handler
                0x08000acc       0x58 m3m4m4f_multitasking.o
                0x08000acc                SVC_Handler
 .text.__NVIC_GetPriorityGrouping
                0x08000b24       0x1c main.o
 .text.__NVIC_EnableIRQ
                0x08000b40       0x3c main.o
 .text.__NVIC_SetPriority
                0x08000b7c       0x54 main.o
 .text.NVIC_EncodePriority
                0x08000bd0       0x66 main.o
 *fill*         0x08000c36        0x2 
 .text.LL_DMA_SetDataTransferDirection
                0x08000c38       0x48 main.o
 .text.LL_DMA_SetMode
                0x08000c80       0x48 main.o
 .text.LL_DMA_SetPeriphIncMode
                0x08000cc8       0x48 main.o
 .text.LL_DMA_SetMemoryIncMode
                0x08000d10       0x48 main.o
 .text.LL_DMA_SetPeriphSize
                0x08000d58       0x48 main.o
 .text.LL_DMA_SetMemorySize
                0x08000da0       0x48 main.o
 .text.LL_DMA_SetStreamPriorityLevel
                0x08000de8       0x48 main.o
 .text.LL_DMA_SetChannelSelection
                0x08000e30       0x48 main.o
 .text.LL_DMA_DisableFifoMode
                0x08000e78       0x40 main.o
 .text.LL_RCC_HSI_Enable
                0x08000eb8       0x20 main.o
 .text.LL_RCC_HSI_IsReady
                0x08000ed8       0x24 main.o
 .text.LL_RCC_HSI_SetCalibTrimming
                0x08000efc       0x2c main.o
 .text.LL_RCC_SetSysClkSource
                0x08000f28       0x28 main.o
 .text.LL_RCC_GetSysClkSource
                0x08000f50       0x1c main.o
 .text.LL_RCC_SetAHBPrescaler
                0x08000f6c       0x28 main.o
 .text.LL_RCC_SetAPB1Prescaler
                0x08000f94       0x28 main.o
 .text.LL_RCC_SetAPB2Prescaler
                0x08000fbc       0x28 main.o
 .text.LL_RCC_SetTIMPrescaler
                0x08000fe4       0x2c main.o
 .text.LL_RCC_PLL_Enable
                0x08001010       0x20 main.o
 .text.LL_RCC_PLL_IsReady
                0x08001030       0x28 main.o
 .text.LL_RCC_PLL_ConfigDomain_SYS
                0x08001058       0x5c main.o
 .text.LL_AHB1_GRP1_EnableClock
                0x080010b4       0x30 main.o
 .text.LL_APB1_GRP1_EnableClock
                0x080010e4       0x30 main.o
 .text.LL_SYSCFG_SetEXTISource
                0x08001114       0x6c main.o
 .text.LL_FLASH_SetLatency
                0x08001180       0x28 main.o
 .text.LL_FLASH_GetLatency
                0x080011a8       0x1c main.o
 .text.LL_PWR_EnableOverDriveMode
                0x080011c4       0x20 main.o
 .text.LL_PWR_SetRegulVoltageScaling
                0x080011e4       0x28 main.o
 .text.LL_USART_Enable
                0x0800120c       0x20 main.o
 .text.LL_USART_ConfigAsyncMode
                0x0800122c       0x2c main.o
 .text.LL_GPIO_SetPinMode
                0x08001258       0x7a main.o
 .text.LL_GPIO_SetPinPull
                0x080012d2       0x7a main.o
 .text.LL_GPIO_ResetOutputPin
                0x0800134c       0x1e main.o
 *fill*         0x0800136a        0x2 
 .text.SystemClock_Config
                0x0800136c       0xa0 main.o
                0x0800136c                SystemClock_Config
 .text.MX_USART2_UART_Init
                0x0800140c      0x100 main.o
                0x0800140c                MX_USART2_UART_Init
 .text.MX_DMA_Init
                0x0800150c       0x30 main.o
                0x0800150c                MX_DMA_Init
 .text.MX_GPIO_Init
                0x0800153c       0xd4 main.o
                0x0800153c                MX_GPIO_Init
 .text.HAL_TIM_PeriodElapsedCallback
                0x08001610       0x24 main.o
                0x08001610                HAL_TIM_PeriodElapsedCallback
 .text.Error_Handler
                0x08001634        0xa main.o
                0x08001634                Error_Handler
 .text.NMI_Handler
                0x0800163e        0x6 stm32f4xx_it.o
                0x0800163e                NMI_Handler
 .text.HardFault_Handler
                0x08001644        0x6 stm32f4xx_it.o
                0x08001644                HardFault_Handler
 .text.MemManage_Handler
                0x0800164a        0x6 stm32f4xx_it.o
                0x0800164a                MemManage_Handler
 .text.BusFault_Handler
                0x08001650        0x6 stm32f4xx_it.o
                0x08001650                BusFault_Handler
 .text.UsageFault_Handler
                0x08001656        0x6 stm32f4xx_it.o
                0x08001656                UsageFault_Handler
 .text.DebugMon_Handler
                0x0800165c        0xe stm32f4xx_it.o
                0x0800165c                DebugMon_Handler
 .text.DMA1_Stream5_IRQHandler
                0x0800166a        0xe stm32f4xx_it.o
                0x0800166a                DMA1_Stream5_IRQHandler
 .text.TIM5_IRQHandler
                0x08001678       0x14 stm32f4xx_it.o
                0x08001678                TIM5_IRQHandler
 .text.HAL_MspInit
                0x0800168c       0x50 stm32f4xx_hal_msp.o
                0x0800168c                HAL_MspInit
 .text.HAL_InitTick
                0x080016dc       0xb4 stm32f4xx_hal_timebase_tim.o
                0x080016dc                HAL_InitTick
 .text.HAL_TIM_Base_Init
                0x08001790       0x9e stm32f4xx_hal_tim.o
                0x08001790                HAL_TIM_Base_Init
 .text.HAL_TIM_Base_MspInit
                0x0800182e       0x14 stm32f4xx_hal_tim.o
                0x0800182e                HAL_TIM_Base_MspInit
 *fill*         0x08001842        0x2 
 .text.HAL_TIM_Base_Start_IT
                0x08001844       0xe0 stm32f4xx_hal_tim.o
                0x08001844                HAL_TIM_Base_Start_IT
 .text.HAL_TIM_IRQHandler
                0x08001924      0x210 stm32f4xx_hal_tim.o
                0x08001924                HAL_TIM_IRQHandler
 .text.HAL_TIM_OC_DelayElapsedCallback
                0x08001b34       0x14 stm32f4xx_hal_tim.o
                0x08001b34                HAL_TIM_OC_DelayElapsedCallback
 .text.HAL_TIM_IC_CaptureCallback
                0x08001b48       0x14 stm32f4xx_hal_tim.o
                0x08001b48                HAL_TIM_IC_CaptureCallback
 .text.HAL_TIM_PWM_PulseFinishedCallback
                0x08001b5c       0x14 stm32f4xx_hal_tim.o
                0x08001b5c                HAL_TIM_PWM_PulseFinishedCallback
 .text.HAL_TIM_TriggerCallback
                0x08001b70       0x14 stm32f4xx_hal_tim.o
                0x08001b70                HAL_TIM_TriggerCallback
 .text.TIM_Base_SetConfig
                0x08001b84      0x140 stm32f4xx_hal_tim.o
                0x08001b84                TIM_Base_SetConfig
 .text.HAL_TIMEx_CommutCallback
                0x08001cc4       0x14 stm32f4xx_hal_tim_ex.o
                0x08001cc4                HAL_TIMEx_CommutCallback
 .text.HAL_TIMEx_BreakCallback
                0x08001cd8       0x14 stm32f4xx_hal_tim_ex.o
                0x08001cd8                HAL_TIMEx_BreakCallback
 .text.LL_GPIO_SetPinMode
                0x08001cec       0x7a stm32f4xx_ll_gpio.o
 .text.LL_GPIO_SetPinOutputType
                0x08001d66       0x30 stm32f4xx_ll_gpio.o
 .text.LL_GPIO_SetPinSpeed
                0x08001d96       0x7a stm32f4xx_ll_gpio.o
 .text.LL_GPIO_SetPinPull
                0x08001e10       0x7a stm32f4xx_ll_gpio.o
 .text.LL_GPIO_SetAFPin_0_7
                0x08001e8a       0x7a stm32f4xx_ll_gpio.o
 .text.LL_GPIO_SetAFPin_8_15
                0x08001f04       0x7e stm32f4xx_ll_gpio.o
 .text.LL_GPIO_Init
                0x08001f82      0x102 stm32f4xx_ll_gpio.o
                0x08001f82                LL_GPIO_Init
 .text.LL_USART_IsEnabled
                0x08002084       0x28 stm32f4xx_ll_usart.o
 .text.LL_USART_SetStopBitsLength
                0x080020ac       0x26 stm32f4xx_ll_usart.o
 .text.LL_USART_SetHWFlowCtrl
                0x080020d2       0x26 stm32f4xx_ll_usart.o
 .text.LL_USART_SetBaudRate
                0x080020f8      0x45c stm32f4xx_ll_usart.o
 .text.LL_USART_Init
                0x08002554      0x100 stm32f4xx_ll_usart.o
                0x08002554                LL_USART_Init
 .text.LL_RCC_GetSysClkSource
                0x08002654       0x1c stm32f4xx_ll_rcc.o
 .text.LL_RCC_GetAHBPrescaler
                0x08002670       0x1c stm32f4xx_ll_rcc.o
 .text.LL_RCC_GetAPB1Prescaler
                0x0800268c       0x1c stm32f4xx_ll_rcc.o
 .text.LL_RCC_GetAPB2Prescaler
                0x080026a8       0x1c stm32f4xx_ll_rcc.o
 .text.LL_RCC_PLL_GetMainSource
                0x080026c4       0x1c stm32f4xx_ll_rcc.o
 .text.LL_RCC_PLL_GetN
                0x080026e0       0x1c stm32f4xx_ll_rcc.o
 .text.LL_RCC_PLL_GetP
                0x080026fc       0x1c stm32f4xx_ll_rcc.o
 .text.LL_RCC_PLL_GetR
                0x08002718       0x1c stm32f4xx_ll_rcc.o
 .text.LL_RCC_PLL_GetDivider
                0x08002734       0x1c stm32f4xx_ll_rcc.o
 .text.LL_RCC_GetSystemClocksFreq
                0x08002750       0x4a stm32f4xx_ll_rcc.o
                0x08002750                LL_RCC_GetSystemClocksFreq
 *fill*         0x0800279a        0x2 
 .text.RCC_GetSystemClockFreq
                0x0800279c       0x88 stm32f4xx_ll_rcc.o
                0x0800279c                RCC_GetSystemClockFreq
 .text.RCC_GetHCLKClockFreq
                0x08002824       0x2c stm32f4xx_ll_rcc.o
                0x08002824                RCC_GetHCLKClockFreq
 .text.RCC_GetPCLK1ClockFreq
                0x08002850       0x28 stm32f4xx_ll_rcc.o
                0x08002850                RCC_GetPCLK1ClockFreq
 .text.RCC_GetPCLK2ClockFreq
                0x08002878       0x28 stm32f4xx_ll_rcc.o
                0x08002878                RCC_GetPCLK2ClockFreq
 .text.RCC_PLL_GetFreqDomain_SYS
                0x080028a0       0xa4 stm32f4xx_ll_rcc.o
                0x080028a0                RCC_PLL_GetFreqDomain_SYS
 .text.LL_SetSystemCoreClock
                0x08002944       0x20 stm32f4xx_ll_utils.o
                0x08002944                LL_SetSystemCoreClock
 .text.LL_EXTI_EnableIT_0_31
                0x08002964       0x24 stm32f4xx_ll_exti.o
 .text.LL_EXTI_DisableIT_0_31
                0x08002988       0x28 stm32f4xx_ll_exti.o
 .text.LL_EXTI_EnableEvent_0_31
                0x080029b0       0x24 stm32f4xx_ll_exti.o
 .text.LL_EXTI_DisableEvent_0_31
                0x080029d4       0x28 stm32f4xx_ll_exti.o
 .text.LL_EXTI_EnableRisingTrig_0_31
                0x080029fc       0x24 stm32f4xx_ll_exti.o
 .text.LL_EXTI_DisableRisingTrig_0_31
                0x08002a20       0x28 stm32f4xx_ll_exti.o
 .text.LL_EXTI_EnableFallingTrig_0_31
                0x08002a48       0x24 stm32f4xx_ll_exti.o
 .text.LL_EXTI_DisableFallingTrig_0_31
                0x08002a6c       0x28 stm32f4xx_ll_exti.o
 .text.LL_EXTI_Init
                0x08002a94       0xfe stm32f4xx_ll_exti.o
                0x08002a94                LL_EXTI_Init
 *fill*         0x08002b92        0x2 
 .text.HAL_RCC_GetHCLKFreq
                0x08002b94       0x18 stm32f4xx_hal_rcc.o
                0x08002b94                HAL_RCC_GetHCLKFreq
 .text.HAL_RCC_GetPCLK1Freq
                0x08002bac       0x28 stm32f4xx_hal_rcc.o
                0x08002bac                HAL_RCC_GetPCLK1Freq
 .text.HAL_RCC_GetClockConfig
                0x08002bd4       0x64 stm32f4xx_hal_rcc.o
                0x08002bd4                HAL_RCC_GetClockConfig
 .text.__NVIC_SetPriorityGrouping
                0x08002c38       0x48 stm32f4xx_hal_cortex.o
 .text.__NVIC_GetPriorityGrouping
                0x08002c80       0x1c stm32f4xx_hal_cortex.o
 .text.__NVIC_EnableIRQ
                0x08002c9c       0x3c stm32f4xx_hal_cortex.o
 .text.__NVIC_SetPriority
                0x08002cd8       0x54 stm32f4xx_hal_cortex.o
 .text.NVIC_EncodePriority
                0x08002d2c       0x66 stm32f4xx_hal_cortex.o
 .text.HAL_NVIC_SetPriorityGrouping
                0x08002d92       0x16 stm32f4xx_hal_cortex.o
                0x08002d92                HAL_NVIC_SetPriorityGrouping
 .text.HAL_NVIC_SetPriority
                0x08002da8       0x38 stm32f4xx_hal_cortex.o
                0x08002da8                HAL_NVIC_SetPriority
 .text.HAL_NVIC_EnableIRQ
                0x08002de0       0x1c stm32f4xx_hal_cortex.o
                0x08002de0                HAL_NVIC_EnableIRQ
 .text.HAL_Init
                0x08002dfc       0x44 stm32f4xx_hal.o
                0x08002dfc                HAL_Init
 .text.HAL_IncTick
                0x08002e40       0x28 stm32f4xx_hal.o
                0x08002e40                HAL_IncTick
 .text.SystemInit
                0x08002e68       0x24 system_stm32f4xx.o
                0x08002e68                SystemInit
 .text.Reset_Handler
                0x08002e8c       0x50 startup_stm32f446retx.o
                0x08002e8c                Reset_Handler
 .text.Default_Handler
                0x08002edc        0x2 startup_stm32f446retx.o
                0x08002edc                RTC_Alarm_IRQHandler
                0x08002edc                EXTI2_IRQHandler
                0x08002edc                TIM8_CC_IRQHandler
                0x08002edc                FMPI2C1_EV_IRQHandler
                0x08002edc                SPI4_IRQHandler
                0x08002edc                TIM1_CC_IRQHandler
                0x08002edc                DMA2_Stream5_IRQHandler
                0x08002edc                PVD_IRQHandler
                0x08002edc                SDIO_IRQHandler
                0x08002edc                TAMP_STAMP_IRQHandler
                0x08002edc                CAN2_RX1_IRQHandler
                0x08002edc                EXTI3_IRQHandler
                0x08002edc                TIM8_TRG_COM_TIM14_IRQHandler
                0x08002edc                TIM1_UP_TIM10_IRQHandler
                0x08002edc                TIM8_UP_TIM13_IRQHandler
                0x08002edc                I2C3_ER_IRQHandler
                0x08002edc                EXTI0_IRQHandler
                0x08002edc                I2C2_EV_IRQHandler
                0x08002edc                DMA1_Stream2_IRQHandler
                0x08002edc                CAN1_RX0_IRQHandler
                0x08002edc                FPU_IRQHandler
                0x08002edc                OTG_HS_WKUP_IRQHandler
                0x08002edc                CAN2_SCE_IRQHandler
                0x08002edc                DMA2_Stream2_IRQHandler
                0x08002edc                SPI1_IRQHandler
                0x08002edc                TIM6_DAC_IRQHandler
                0x08002edc                TIM1_BRK_TIM9_IRQHandler
                0x08002edc                DCMI_IRQHandler
                0x08002edc                CAN2_RX0_IRQHandler
                0x08002edc                DMA2_Stream3_IRQHandler
                0x08002edc                SAI2_IRQHandler
                0x08002edc                USART6_IRQHandler
                0x08002edc                USART3_IRQHandler
                0x08002edc                CAN1_RX1_IRQHandler
                0x08002edc                UART5_IRQHandler
                0x08002edc                DMA2_Stream0_IRQHandler
                0x08002edc                TIM4_IRQHandler
                0x08002edc                QUADSPI_IRQHandler
                0x08002edc                I2C1_EV_IRQHandler
                0x08002edc                DMA1_Stream6_IRQHandler
                0x08002edc                DMA1_Stream1_IRQHandler
                0x08002edc                UART4_IRQHandler
                0x08002edc                TIM3_IRQHandler
                0x08002edc                RCC_IRQHandler
                0x08002edc                TIM8_BRK_TIM12_IRQHandler
                0x08002edc                Default_Handler
                0x08002edc                CEC_IRQHandler
                0x08002edc                ADC_IRQHandler
                0x08002edc                DMA1_Stream7_IRQHandler
                0x08002edc                TIM7_IRQHandler
                0x08002edc                CAN2_TX_IRQHandler
                0x08002edc                DMA2_Stream7_IRQHandler
                0x08002edc                I2C3_EV_IRQHandler
                0x08002edc                EXTI9_5_IRQHandler
                0x08002edc                RTC_WKUP_IRQHandler
                0x08002edc                SPDIF_RX_IRQHandler
                0x08002edc                SPI2_IRQHandler
                0x08002edc                OTG_HS_EP1_IN_IRQHandler
                0x08002edc                DMA1_Stream0_IRQHandler
                0x08002edc                CAN1_TX_IRQHandler
                0x08002edc                FMPI2C1_ER_IRQHandler
                0x08002edc                EXTI4_IRQHandler
                0x08002edc                OTG_HS_EP1_OUT_IRQHandler
                0x08002edc                WWDG_IRQHandler
                0x08002edc                TIM2_IRQHandler
                0x08002edc                OTG_FS_WKUP_IRQHandler
                0x08002edc                TIM1_TRG_COM_TIM11_IRQHandler
                0x08002edc                OTG_HS_IRQHandler
                0x08002edc                EXTI1_IRQHandler
                0x08002edc                USART2_IRQHandler
                0x08002edc                I2C2_ER_IRQHandler
                0x08002edc                DMA2_Stream1_IRQHandler
                0x08002edc                CAN1_SCE_IRQHandler
                0x08002edc                FLASH_IRQHandler
                0x08002edc                DMA2_Stream4_IRQHandler
                0x08002edc                USART1_IRQHandler
                0x08002edc                OTG_FS_IRQHandler
                0x08002edc                SPI3_IRQHandler
                0x08002edc                DMA1_Stream4_IRQHandler
                0x08002edc                I2C1_ER_IRQHandler
                0x08002edc                FMC_IRQHandler
                0x08002edc                DMA2_Stream6_IRQHandler
                0x08002edc                SAI1_IRQHandler
                0x08002edc                DMA1_Stream3_IRQHandler
 *fill*         0x08002ede        0x2 
 .text.__udivmoddi4
                0x08002ee0      0x2c8 c:/programdata/matlab/supportpackages/r2024a/3p.instrset/gnuarm-armcortex.instrset/win/bin/../lib/gcc/arm-none-eabi/11.3.1/thumb/v7e-m+fp/hard\libgcc.a(_udivmoddi4.o)
                0x08002ee0                __udivmoddi4
 .text.__libc_init_array
                0x080031a8       0x48 c:/programdata/matlab/supportpackages/r2024a/3p.instrset/gnuarm-armcortex.instrset/win/bin/../lib/gcc/arm-none-eabi/11.3.1/thumb/v7e-m+fp/hard\libc_nano.a(libc_a-init.o)
                0x080031a8                __libc_init_array
 *(.glue_7)
 .glue_7        0x080031f0        0x0 linker stubs
 *(.glue_7t)
 .glue_7t       0x080031f0        0x0 linker stubs
 *(.eh_frame)
 .eh_frame      0x080031f0        0x0 c:/programdata/matlab/supportpackages/r2024a/3p.instrset/gnuarm-armcortex.instrset/win/bin/../lib/gcc/arm-none-eabi/11.3.1/thumb/v7e-m+fp/hard/crtbegin.o
 *(.init)
 .init          0x080031f0        0x4 c:/programdata/matlab/supportpackages/r2024a/3p.instrset/gnuarm-armcortex.instrset/win/bin/../lib/gcc/arm-none-eabi/11.3.1/thumb/v7e-m+fp/hard/crti.o
                0x080031f0                _init
 .init          0x080031f4        0x8 c:/programdata/matlab/supportpackages/r2024a/3p.instrset/gnuarm-armcortex.instrset/win/bin/../lib/gcc/arm-none-eabi/11.3.1/thumb/v7e-m+fp/hard/crtn.o
 *(.fini)
 .fini          0x080031fc        0x4 c:/programdata/matlab/supportpackages/r2024a/3p.instrset/gnuarm-armcortex.instrset/win/bin/../lib/gcc/arm-none-eabi/11.3.1/thumb/v7e-m+fp/hard/crti.o
                0x080031fc                _fini
 .fini          0x08003200        0x8 c:/programdata/matlab/supportpackages/r2024a/3p.instrset/gnuarm-armcortex.instrset/win/bin/../lib/gcc/arm-none-eabi/11.3.1/thumb/v7e-m+fp/hard/crtn.o
                0x08003208                . = ALIGN (0x4)
                0x08003208                _etext = .

.vfp11_veneer   0x08003208        0x0
 .vfp11_veneer  0x08003208        0x0 linker stubs

.v4_bx          0x08003208        0x0
 .v4_bx         0x08003208        0x0 linker stubs

.iplt           0x08003208        0x0
 .iplt          0x08003208        0x0 c:/programdata/matlab/supportpackages/r2024a/3p.instrset/gnuarm-armcortex.instrset/win/bin/../lib/gcc/arm-none-eabi/11.3.1/thumb/v7e-m+fp/hard/crtbegin.o

.rodata         0x08003208       0x24
                0x08003208                . = ALIGN (0x4)
 *(.rodata)
 *(.rodata*)
 .rodata.trafficLight_M
                0x08003208        0x4 trafficLight.o
                0x08003208                trafficLight_M
 .rodata.STREAM_OFFSET_TAB
                0x0800320c        0x8 main.o
 .rodata.AHBPrescTable
                0x08003214       0x10 system_stm32f4xx.o
                0x08003214                AHBPrescTable
 .rodata.APBPrescTable
                0x08003224        0x8 system_stm32f4xx.o
                0x08003224                APBPrescTable
                0x0800322c                . = ALIGN (0x4)

.ARM.extab      0x0800322c        0x0
                0x0800322c                . = ALIGN (0x4)
 *(.ARM.extab* .gnu.linkonce.armextab.*)
                0x0800322c                . = ALIGN (0x4)

.ARM            0x0800322c        0x8
                0x0800322c                . = ALIGN (0x4)
                0x0800322c                __exidx_start = .
 *(.ARM.exidx*)
 .ARM.exidx.text.__udivmoddi4
                0x0800322c        0x8 c:/programdata/matlab/supportpackages/r2024a/3p.instrset/gnuarm-armcortex.instrset/win/bin/../lib/gcc/arm-none-eabi/11.3.1/thumb/v7e-m+fp/hard\libgcc.a(_udivmoddi4.o)
                0x08003234                __exidx_end = .
                0x08003234                . = ALIGN (0x4)

.preinit_array  0x08003234        0x0
                0x08003234                . = ALIGN (0x4)
                0x08003234                PROVIDE (__preinit_array_start = .)
 *(.preinit_array*)
                0x08003234                PROVIDE (__preinit_array_end = .)
                0x08003234                . = ALIGN (0x4)

.init_array     0x08003234        0x4
                0x08003234                . = ALIGN (0x4)
                0x08003234                PROVIDE (__init_array_start = .)
 *(SORT_BY_NAME(.init_array.*))
 *(.init_array*)
 .init_array    0x08003234        0x4 c:/programdata/matlab/supportpackages/r2024a/3p.instrset/gnuarm-armcortex.instrset/win/bin/../lib/gcc/arm-none-eabi/11.3.1/thumb/v7e-m+fp/hard/crtbegin.o
                0x08003238                PROVIDE (__init_array_end = .)
                0x08003238                . = ALIGN (0x4)

.fini_array     0x08003238        0x4
                0x08003238                . = ALIGN (0x4)
                [!provide]                PROVIDE (__fini_array_start = .)
 *(SORT_BY_NAME(.fini_array.*))
 *(.fini_array*)
 .fini_array    0x08003238        0x4 c:/programdata/matlab/supportpackages/r2024a/3p.instrset/gnuarm-armcortex.instrset/win/bin/../lib/gcc/arm-none-eabi/11.3.1/thumb/v7e-m+fp/hard/crtbegin.o
                [!provide]                PROVIDE (__fini_array_end = .)
                0x0800323c                . = ALIGN (0x4)
                0x0800323c                _sidata = LOADADDR (.data)

.rel.dyn        0x0800323c        0x0
 .rel.iplt      0x0800323c        0x0 c:/programdata/matlab/supportpackages/r2024a/3p.instrset/gnuarm-armcortex.instrset/win/bin/../lib/gcc/arm-none-eabi/11.3.1/thumb/v7e-m+fp/hard/crtbegin.o

.data           0x20000000        0x8 load address 0x0800323c
                0x20000000                . = ALIGN (0x4)
                0x20000000                _sdata = .
 *(.data)
 *(.data*)
 .data.trafficLight_P
                0x20000000        0x3 trafficLight_data.o
                0x20000000                trafficLight_P
 .data.uwTickFreq
                0x20000003        0x1 stm32f4xx_hal.o
                0x20000003                uwTickFreq
 .data.SystemCoreClock
                0x20000004        0x4 system_stm32f4xx.o
                0x20000004                SystemCoreClock
 *(.RamFunc)
 *(.RamFunc*)
                0x20000008                . = ALIGN (0x4)
                0x20000008                _edata = .

.tm_clone_table
                0x20000008        0x0 load address 0x08003244
 .tm_clone_table
                0x20000008        0x0 c:/programdata/matlab/supportpackages/r2024a/3p.instrset/gnuarm-armcortex.instrset/win/bin/../lib/gcc/arm-none-eabi/11.3.1/thumb/v7e-m+fp/hard/crtbegin.o
 .tm_clone_table
                0x20000008        0x0 c:/programdata/matlab/supportpackages/r2024a/3p.instrset/gnuarm-armcortex.instrset/win/bin/../lib/gcc/arm-none-eabi/11.3.1/thumb/v7e-m+fp/hard/crtend.o

.igot.plt       0x20000008        0x0 load address 0x08003244
 .igot.plt      0x20000008        0x0 c:/programdata/matlab/supportpackages/r2024a/3p.instrset/gnuarm-armcortex.instrset/win/bin/../lib/gcc/arm-none-eabi/11.3.1/thumb/v7e-m+fp/hard/crtbegin.o
                0x20000008                . = ALIGN (0x4)

.bss            0x20000008       0x8c load address 0x08003244
                0x20000008                _sbss = .
                0x20000008                __bss_start__ = _sbss
 *(.bss)
 *(.bss*)
 .bss.completed.1
                0x20000008        0x1 c:/programdata/matlab/supportpackages/r2024a/3p.instrset/gnuarm-armcortex.instrset/win/bin/../lib/gcc/arm-none-eabi/11.3.1/thumb/v7e-m+fp/hard/crtbegin.o
 *fill*         0x20000009        0x3 
 .bss.object.0  0x2000000c       0x18 c:/programdata/matlab/supportpackages/r2024a/3p.instrset/gnuarm-armcortex.instrset/win/bin/../lib/gcc/arm-none-eabi/11.3.1/thumb/v7e-m+fp/hard/crtbegin.o
 .bss.IsrOverrun
                0x20000024        0x4 ert_main.o
                0x20000024                IsrOverrun
 .bss.OverrunFlag
                0x20000028        0x1 ert_main.o
 .bss.stopRequested
                0x20000029        0x1 ert_main.o
                0x20000029                stopRequested
 .bss.runModel  0x2000002a        0x1 ert_main.o
                0x2000002a                runModel
 *fill*         0x2000002b        0x1 
 .bss.trafficLight_B
                0x2000002c        0x3 trafficLight.o
                0x2000002c                trafficLight_B
 *fill*         0x2000002f        0x1 
 .bss.trafficLight_DW
                0x20000030        0x8 trafficLight.o
                0x20000030                trafficLight_DW
 .bss.trafficLight_M_
                0x20000038        0x4 trafficLight.o
 .bss.schdl_counter
                0x2000003c        0x4 SysTickScheduler.o
                0x2000003c                schdl_counter
 .bss.schdl_counter_max
                0x20000040        0x4 SysTickScheduler.o
                0x20000040                schdl_counter_max
 .bss.taskToSchedule
                0x20000044        0x4 m3m4m4f_multitasking.o
                0x20000044                taskToSchedule
 .bss.htim5     0x20000048       0x48 stm32f4xx_hal_timebase_tim.o
                0x20000048                htim5
 .bss.uwTick    0x20000090        0x4 stm32f4xx_hal.o
                0x20000090                uwTick
 *(COMMON)
                0x20000094                . = ALIGN (0x4)
                0x20000094                _ebss = .
                0x20000094                __bss_end__ = _ebss

._user_heap_stack
                0x20000094      0x604 load address 0x08003244
                0x20000098                . = ALIGN (0x8)
 *fill*         0x20000094        0x4 
                [!provide]                PROVIDE (end = .)
                0x20000098                PROVIDE (_end = .)
                0x20000298                . = (. + _Min_Heap_Size)
 *fill*         0x20000098      0x200 
                0x20000698                . = (. + _Min_Stack_Size)
 *fill*         0x20000298      0x400 
                0x20000698                . = ALIGN (0x8)

/DISCARD/
 libc.a(*)
 libm.a(*)
 libgcc.a(*)

.ARM.attributes
                0x00000000       0x30
 *(.ARM.attributes)
 .ARM.attributes
                0x00000000       0x1e c:/programdata/matlab/supportpackages/r2024a/3p.instrset/gnuarm-armcortex.instrset/win/bin/../lib/gcc/arm-none-eabi/11.3.1/thumb/v7e-m+fp/hard/crti.o
 .ARM.attributes
                0x0000001e       0x34 c:/programdata/matlab/supportpackages/r2024a/3p.instrset/gnuarm-armcortex.instrset/win/bin/../lib/gcc/arm-none-eabi/11.3.1/thumb/v7e-m+fp/hard/crtbegin.o
 .ARM.attributes
                0x00000052       0x34 mw_stm32_nvic.o
 .ARM.attributes
                0x00000086       0x34 ert_main.o
 .ARM.attributes
                0x000000ba       0x34 trafficLight.o
 .ARM.attributes
                0x000000ee       0x34 trafficLight_data.o
 .ARM.attributes
                0x00000122       0x34 platform_timer.o
 .ARM.attributes
                0x00000156       0x34 SysTickScheduler.o
 .ARM.attributes
                0x0000018a       0x34 m3m4m4f_multitasking.o
 .ARM.attributes
                0x000001be       0x34 main.o
 .ARM.attributes
                0x000001f2       0x34 stm32f4xx_it.o
 .ARM.attributes
                0x00000226       0x34 stm32f4xx_hal_msp.o
 .ARM.attributes
                0x0000025a       0x34 stm32f4xx_hal_timebase_tim.o
 .ARM.attributes
                0x0000028e       0x34 stm32f4xx_hal_tim.o
 .ARM.attributes
                0x000002c2       0x34 stm32f4xx_hal_tim_ex.o
 .ARM.attributes
                0x000002f6       0x34 stm32f4xx_ll_gpio.o
 .ARM.attributes
                0x0000032a       0x34 stm32f4xx_ll_usart.o
 .ARM.attributes
                0x0000035e       0x34 stm32f4xx_ll_rcc.o
 .ARM.attributes
                0x00000392       0x34 stm32f4xx_ll_utils.o
 .ARM.attributes
                0x000003c6       0x34 stm32f4xx_ll_exti.o
 .ARM.attributes
                0x000003fa       0x34 stm32f4xx_hal_rcc.o
 .ARM.attributes
                0x0000042e       0x34 stm32f4xx_hal_cortex.o
 .ARM.attributes
                0x00000462       0x34 stm32f4xx_hal.o
 .ARM.attributes
                0x00000496       0x34 system_stm32f4xx.o
 .ARM.attributes
                0x000004ca       0x21 startup_stm32f446retx.o
 .ARM.attributes
                0x000004eb       0x1e c:/programdata/matlab/supportpackages/r2024a/3p.instrset/gnuarm-armcortex.instrset/win/bin/../lib/gcc/arm-none-eabi/11.3.1/thumb/v7e-m+fp/hard\libgcc.a(_aeabi_uldivmod.o)
 .ARM.attributes
                0x00000509       0x34 c:/programdata/matlab/supportpackages/r2024a/3p.instrset/gnuarm-armcortex.instrset/win/bin/../lib/gcc/arm-none-eabi/11.3.1/thumb/v7e-m+fp/hard\libgcc.a(_udivmoddi4.o)
 .ARM.attributes
                0x0000053d       0x1e c:/programdata/matlab/supportpackages/r2024a/3p.instrset/gnuarm-armcortex.instrset/win/bin/../lib/gcc/arm-none-eabi/11.3.1/thumb/v7e-m+fp/hard\libgcc.a(_dvmd_tls.o)
 .ARM.attributes
                0x0000055b       0x34 c:/programdata/matlab/supportpackages/r2024a/3p.instrset/gnuarm-armcortex.instrset/win/bin/../lib/gcc/arm-none-eabi/11.3.1/thumb/v7e-m+fp/hard\libc_nano.a(libc_a-init.o)
 .ARM.attributes
                0x0000058f       0x34 c:/programdata/matlab/supportpackages/r2024a/3p.instrset/gnuarm-armcortex.instrset/win/bin/../lib/gcc/arm-none-eabi/11.3.1/thumb/v7e-m+fp/hard/crtend.o
 .ARM.attributes
                0x000005c3       0x1e c:/programdata/matlab/supportpackages/r2024a/3p.instrset/gnuarm-armcortex.instrset/win/bin/../lib/gcc/arm-none-eabi/11.3.1/thumb/v7e-m+fp/hard/crtn.o
OUTPUT(../trafficLight.elf elf32-littlearm)
LOAD linker stubs
LOAD c:/programdata/matlab/supportpackages/r2024a/3p.instrset/gnuarm-armcortex.instrset/win/bin/../lib/gcc/arm-none-eabi/11.3.1/thumb/v7e-m+fp/hard\libc.a
LOAD c:/programdata/matlab/supportpackages/r2024a/3p.instrset/gnuarm-armcortex.instrset/win/bin/../lib/gcc/arm-none-eabi/11.3.1/thumb/v7e-m+fp/hard\libm.a
LOAD c:/programdata/matlab/supportpackages/r2024a/3p.instrset/gnuarm-armcortex.instrset/win/bin/../lib/gcc/arm-none-eabi/11.3.1/thumb/v7e-m+fp/hard\libgcc.a

.comment        0x00000000       0x33
 .comment       0x00000000       0x33 c:/programdata/matlab/supportpackages/r2024a/3p.instrset/gnuarm-armcortex.instrset/win/bin/../lib/gcc/arm-none-eabi/11.3.1/thumb/v7e-m+fp/hard/crtbegin.o
                                 0x34 (size before relaxing)
 .comment       0x00000033       0x34 mw_stm32_nvic.o
 .comment       0x00000033       0x34 ert_main.o
 .comment       0x00000033       0x34 trafficLight.o
 .comment       0x00000033       0x34 trafficLight_data.o
 .comment       0x00000033       0x34 platform_timer.o
 .comment       0x00000033       0x34 SysTickScheduler.o
 .comment       0x00000033       0x34 m3m4m4f_multitasking.o
 .comment       0x00000033       0x34 main.o
 .comment       0x00000033       0x34 stm32f4xx_it.o
 .comment       0x00000033       0x34 stm32f4xx_hal_msp.o
 .comment       0x00000033       0x34 stm32f4xx_hal_timebase_tim.o
 .comment       0x00000033       0x34 stm32f4xx_hal_tim.o
 .comment       0x00000033       0x34 stm32f4xx_hal_tim_ex.o
 .comment       0x00000033       0x34 stm32f4xx_ll_gpio.o
 .comment       0x00000033       0x34 stm32f4xx_ll_usart.o
 .comment       0x00000033       0x34 stm32f4xx_ll_rcc.o
 .comment       0x00000033       0x34 stm32f4xx_ll_utils.o
 .comment       0x00000033       0x34 stm32f4xx_ll_exti.o
 .comment       0x00000033       0x34 stm32f4xx_hal_rcc.o
 .comment       0x00000033       0x34 stm32f4xx_hal_cortex.o
 .comment       0x00000033       0x34 stm32f4xx_hal.o
 .comment       0x00000033       0x34 system_stm32f4xx.o
 .comment       0x00000033       0x34 c:/programdata/matlab/supportpackages/r2024a/3p.instrset/gnuarm-armcortex.instrset/win/bin/../lib/gcc/arm-none-eabi/11.3.1/thumb/v7e-m+fp/hard\libgcc.a(_udivmoddi4.o)
 .comment       0x00000033       0x34 c:/programdata/matlab/supportpackages/r2024a/3p.instrset/gnuarm-armcortex.instrset/win/bin/../lib/gcc/arm-none-eabi/11.3.1/thumb/v7e-m+fp/hard\libc_nano.a(libc_a-init.o)
 .comment       0x00000033       0x34 c:/programdata/matlab/supportpackages/r2024a/3p.instrset/gnuarm-armcortex.instrset/win/bin/../lib/gcc/arm-none-eabi/11.3.1/thumb/v7e-m+fp/hard/crtend.o

.debug_line     0x00000000      0x7fc
 .debug_line    0x00000000       0x4e c:/programdata/matlab/supportpackages/r2024a/3p.instrset/gnuarm-armcortex.instrset/win/bin/../lib/gcc/arm-none-eabi/11.3.1/thumb/v7e-m+fp/hard\libgcc.a(_aeabi_uldivmod.o)
 .debug_line    0x0000004e      0x5e5 c:/programdata/matlab/supportpackages/r2024a/3p.instrset/gnuarm-armcortex.instrset/win/bin/../lib/gcc/arm-none-eabi/11.3.1/thumb/v7e-m+fp/hard\libgcc.a(_udivmoddi4.o)
 .debug_line    0x00000633       0x4a c:/programdata/matlab/supportpackages/r2024a/3p.instrset/gnuarm-armcortex.instrset/win/bin/../lib/gcc/arm-none-eabi/11.3.1/thumb/v7e-m+fp/hard\libgcc.a(_dvmd_tls.o)
 .debug_line    0x0000067d      0x17f c:/programdata/matlab/supportpackages/r2024a/3p.instrset/gnuarm-armcortex.instrset/win/bin/../lib/gcc/arm-none-eabi/11.3.1/thumb/v7e-m+fp/hard\libc_nano.a(libc_a-init.o)

.debug_line_str
                0x00000000       0xd5
 .debug_line_str
                0x00000000       0xc9 c:/programdata/matlab/supportpackages/r2024a/3p.instrset/gnuarm-armcortex.instrset/win/bin/../lib/gcc/arm-none-eabi/11.3.1/thumb/v7e-m+fp/hard\libgcc.a(_aeabi_uldivmod.o)
                                 0xd1 (size before relaxing)
 .debug_line_str
                0x000000c9        0xc c:/programdata/matlab/supportpackages/r2024a/3p.instrset/gnuarm-armcortex.instrset/win/bin/../lib/gcc/arm-none-eabi/11.3.1/thumb/v7e-m+fp/hard\libgcc.a(_dvmd_tls.o)
                                 0xd9 (size before relaxing)

.debug_info     0x00000000      0x836
 .debug_info    0x00000000       0x24 c:/programdata/matlab/supportpackages/r2024a/3p.instrset/gnuarm-armcortex.instrset/win/bin/../lib/gcc/arm-none-eabi/11.3.1/thumb/v7e-m+fp/hard\libgcc.a(_aeabi_uldivmod.o)
 .debug_info    0x00000024      0x6e3 c:/programdata/matlab/supportpackages/r2024a/3p.instrset/gnuarm-armcortex.instrset/win/bin/../lib/gcc/arm-none-eabi/11.3.1/thumb/v7e-m+fp/hard\libgcc.a(_udivmoddi4.o)
 .debug_info    0x00000707       0x24 c:/programdata/matlab/supportpackages/r2024a/3p.instrset/gnuarm-armcortex.instrset/win/bin/../lib/gcc/arm-none-eabi/11.3.1/thumb/v7e-m+fp/hard\libgcc.a(_dvmd_tls.o)
 .debug_info    0x0000072b      0x10b c:/programdata/matlab/supportpackages/r2024a/3p.instrset/gnuarm-armcortex.instrset/win/bin/../lib/gcc/arm-none-eabi/11.3.1/thumb/v7e-m+fp/hard\libc_nano.a(libc_a-init.o)

.debug_abbrev   0x00000000      0x25b
 .debug_abbrev  0x00000000       0x14 c:/programdata/matlab/supportpackages/r2024a/3p.instrset/gnuarm-armcortex.instrset/win/bin/../lib/gcc/arm-none-eabi/11.3.1/thumb/v7e-m+fp/hard\libgcc.a(_aeabi_uldivmod.o)
 .debug_abbrev  0x00000014      0x16a c:/programdata/matlab/supportpackages/r2024a/3p.instrset/gnuarm-armcortex.instrset/win/bin/../lib/gcc/arm-none-eabi/11.3.1/thumb/v7e-m+fp/hard\libgcc.a(_udivmoddi4.o)
 .debug_abbrev  0x0000017e       0x14 c:/programdata/matlab/supportpackages/r2024a/3p.instrset/gnuarm-armcortex.instrset/win/bin/../lib/gcc/arm-none-eabi/11.3.1/thumb/v7e-m+fp/hard\libgcc.a(_dvmd_tls.o)
 .debug_abbrev  0x00000192       0xc9 c:/programdata/matlab/supportpackages/r2024a/3p.instrset/gnuarm-armcortex.instrset/win/bin/../lib/gcc/arm-none-eabi/11.3.1/thumb/v7e-m+fp/hard\libc_nano.a(libc_a-init.o)

.debug_aranges  0x00000000       0x80
 .debug_aranges
                0x00000000       0x20 c:/programdata/matlab/supportpackages/r2024a/3p.instrset/gnuarm-armcortex.instrset/win/bin/../lib/gcc/arm-none-eabi/11.3.1/thumb/v7e-m+fp/hard\libgcc.a(_aeabi_uldivmod.o)
 .debug_aranges
                0x00000020       0x20 c:/programdata/matlab/supportpackages/r2024a/3p.instrset/gnuarm-armcortex.instrset/win/bin/../lib/gcc/arm-none-eabi/11.3.1/thumb/v7e-m+fp/hard\libgcc.a(_udivmoddi4.o)
 .debug_aranges
                0x00000040       0x20 c:/programdata/matlab/supportpackages/r2024a/3p.instrset/gnuarm-armcortex.instrset/win/bin/../lib/gcc/arm-none-eabi/11.3.1/thumb/v7e-m+fp/hard\libgcc.a(_dvmd_tls.o)
 .debug_aranges
                0x00000060       0x20 c:/programdata/matlab/supportpackages/r2024a/3p.instrset/gnuarm-armcortex.instrset/win/bin/../lib/gcc/arm-none-eabi/11.3.1/thumb/v7e-m+fp/hard\libc_nano.a(libc_a-init.o)

.debug_str      0x00000000      0x8f1
 .debug_str     0x00000000       0xd5 c:/programdata/matlab/supportpackages/r2024a/3p.instrset/gnuarm-armcortex.instrset/win/bin/../lib/gcc/arm-none-eabi/11.3.1/thumb/v7e-m+fp/hard\libgcc.a(_aeabi_uldivmod.o)
 .debug_str     0x000000d5      0x5f1 c:/programdata/matlab/supportpackages/r2024a/3p.instrset/gnuarm-armcortex.instrset/win/bin/../lib/gcc/arm-none-eabi/11.3.1/thumb/v7e-m+fp/hard\libgcc.a(_udivmoddi4.o)
                                0x6a4 (size before relaxing)
 .debug_str     0x000006c6       0x53 c:/programdata/matlab/supportpackages/r2024a/3p.instrset/gnuarm-armcortex.instrset/win/bin/../lib/gcc/arm-none-eabi/11.3.1/thumb/v7e-m+fp/hard\libgcc.a(_dvmd_tls.o)
                                 0xd9 (size before relaxing)
 .debug_str     0x00000719      0x1d8 c:/programdata/matlab/supportpackages/r2024a/3p.instrset/gnuarm-armcortex.instrset/win/bin/../lib/gcc/arm-none-eabi/11.3.1/thumb/v7e-m+fp/hard\libc_nano.a(libc_a-init.o)
                                0x26d (size before relaxing)

.debug_frame    0x00000000       0x8c
 .debug_frame   0x00000000       0x2c c:/programdata/matlab/supportpackages/r2024a/3p.instrset/gnuarm-armcortex.instrset/win/bin/../lib/gcc/arm-none-eabi/11.3.1/thumb/v7e-m+fp/hard\libgcc.a(_aeabi_uldivmod.o)
 .debug_frame   0x0000002c       0x34 c:/programdata/matlab/supportpackages/r2024a/3p.instrset/gnuarm-armcortex.instrset/win/bin/../lib/gcc/arm-none-eabi/11.3.1/thumb/v7e-m+fp/hard\libgcc.a(_udivmoddi4.o)
 .debug_frame   0x00000060       0x2c c:/programdata/matlab/supportpackages/r2024a/3p.instrset/gnuarm-armcortex.instrset/win/bin/../lib/gcc/arm-none-eabi/11.3.1/thumb/v7e-m+fp/hard\libc_nano.a(libc_a-init.o)

.debug_loclists
                0x00000000      0xb53
 .debug_loclists
                0x00000000      0xb0f c:/programdata/matlab/supportpackages/r2024a/3p.instrset/gnuarm-armcortex.instrset/win/bin/../lib/gcc/arm-none-eabi/11.3.1/thumb/v7e-m+fp/hard\libgcc.a(_udivmoddi4.o)
 .debug_loclists
                0x00000b0f       0x44 c:/programdata/matlab/supportpackages/r2024a/3p.instrset/gnuarm-armcortex.instrset/win/bin/../lib/gcc/arm-none-eabi/11.3.1/thumb/v7e-m+fp/hard\libc_nano.a(libc_a-init.o)

.debug_rnglists
                0x00000000       0xa5
 .debug_rnglists
                0x00000000       0x92 c:/programdata/matlab/supportpackages/r2024a/3p.instrset/gnuarm-armcortex.instrset/win/bin/../lib/gcc/arm-none-eabi/11.3.1/thumb/v7e-m+fp/hard\libgcc.a(_udivmoddi4.o)
 .debug_rnglists
                0x00000092       0x13 c:/programdata/matlab/supportpackages/r2024a/3p.instrset/gnuarm-armcortex.instrset/win/bin/../lib/gcc/arm-none-eabi/11.3.1/thumb/v7e-m+fp/hard\libc_nano.a(libc_a-init.o)
